Archive member included because of file (symbol)

/Users/jpalazz2/pebble-dev/PebbleSDK-3.0-dp4/Pebble/aplite/lib/libpebble.a(tmpOQubyMpebble.o)
                              src/main.c.28.o (animation_schedule)

Allocating common symbols
Common symbol       size              file

s_date_format       0x1               src/main.c.28.o
s_show_battery      0x1               src/main.c.28.o
s_time_format       0x1               src/main.c.28.o

Discarded input sections

 .text          0x0000000000000000        0x0 /Users/jpalazz2/pebble-dev/PebbleSDK-3.0-dp4/arm-cs-tools/bin/../lib/gcc/arm-none-eabi/4.7.2/thumb2/crti.o
 .bss           0x0000000000000000        0x0 /Users/jpalazz2/pebble-dev/PebbleSDK-3.0-dp4/arm-cs-tools/bin/../lib/gcc/arm-none-eabi/4.7.2/thumb2/crti.o
 .init          0x0000000000000000        0x4 /Users/jpalazz2/pebble-dev/PebbleSDK-3.0-dp4/arm-cs-tools/bin/../lib/gcc/arm-none-eabi/4.7.2/thumb2/crti.o
 .fini          0x0000000000000000        0x4 /Users/jpalazz2/pebble-dev/PebbleSDK-3.0-dp4/arm-cs-tools/bin/../lib/gcc/arm-none-eabi/4.7.2/thumb2/crti.o
 .text          0x0000000000000000       0xc8 /Users/jpalazz2/pebble-dev/PebbleSDK-3.0-dp4/arm-cs-tools/bin/../lib/gcc/arm-none-eabi/4.7.2/thumb2/crtbegin.o
 .bss           0x0000000000000000       0x1c /Users/jpalazz2/pebble-dev/PebbleSDK-3.0-dp4/arm-cs-tools/bin/../lib/gcc/arm-none-eabi/4.7.2/thumb2/crtbegin.o
 .init_array    0x0000000000000000        0x4 /Users/jpalazz2/pebble-dev/PebbleSDK-3.0-dp4/arm-cs-tools/bin/../lib/gcc/arm-none-eabi/4.7.2/thumb2/crtbegin.o
 .fini_array    0x0000000000000000        0x4 /Users/jpalazz2/pebble-dev/PebbleSDK-3.0-dp4/arm-cs-tools/bin/../lib/gcc/arm-none-eabi/4.7.2/thumb2/crtbegin.o
 .eh_frame      0x0000000000000000        0x0 /Users/jpalazz2/pebble-dev/PebbleSDK-3.0-dp4/arm-cs-tools/bin/../lib/gcc/arm-none-eabi/4.7.2/thumb2/crtbegin.o
 .jcr           0x0000000000000000        0x0 /Users/jpalazz2/pebble-dev/PebbleSDK-3.0-dp4/arm-cs-tools/bin/../lib/gcc/arm-none-eabi/4.7.2/thumb2/crtbegin.o
 .tm_clone_table
                0x0000000000000000        0x0 /Users/jpalazz2/pebble-dev/PebbleSDK-3.0-dp4/arm-cs-tools/bin/../lib/gcc/arm-none-eabi/4.7.2/thumb2/crtbegin.o
 .text          0x0000000000000000        0x0 src/main.c.28.o
 .bss           0x0000000000000000        0x0 src/main.c.28.o
 .text          0x0000000000000000        0x0 aplite/appinfo.auto.c.28.o
 .bss           0x0000000000000000        0x0 aplite/appinfo.auto.c.28.o
 .bss           0x0000000000000000        0x0 /Users/jpalazz2/pebble-dev/PebbleSDK-3.0-dp4/Pebble/aplite/lib/libpebble.a(tmpOQubyMpebble.o)
 .text.accel_data_service_subscribe__deprecated
                0x0000000000000000        0xc /Users/jpalazz2/pebble-dev/PebbleSDK-3.0-dp4/Pebble/aplite/lib/libpebble.a(tmpOQubyMpebble.o)
 .text.accel_data_service_unsubscribe
                0x0000000000000000        0xc /Users/jpalazz2/pebble-dev/PebbleSDK-3.0-dp4/Pebble/aplite/lib/libpebble.a(tmpOQubyMpebble.o)
 .text.accel_service_peek
                0x0000000000000000        0xc /Users/jpalazz2/pebble-dev/PebbleSDK-3.0-dp4/Pebble/aplite/lib/libpebble.a(tmpOQubyMpebble.o)
 .text.accel_service_set_samples_per_update
                0x0000000000000000        0xc /Users/jpalazz2/pebble-dev/PebbleSDK-3.0-dp4/Pebble/aplite/lib/libpebble.a(tmpOQubyMpebble.o)
 .text.accel_service_set_sampling_rate
                0x0000000000000000        0xc /Users/jpalazz2/pebble-dev/PebbleSDK-3.0-dp4/Pebble/aplite/lib/libpebble.a(tmpOQubyMpebble.o)
 .text.accel_tap_service_subscribe
                0x0000000000000000        0xc /Users/jpalazz2/pebble-dev/PebbleSDK-3.0-dp4/Pebble/aplite/lib/libpebble.a(tmpOQubyMpebble.o)
 .text.accel_tap_service_unsubscribe
                0x0000000000000000        0xc /Users/jpalazz2/pebble-dev/PebbleSDK-3.0-dp4/Pebble/aplite/lib/libpebble.a(tmpOQubyMpebble.o)
 .text.action_bar_layer_add_to_window
                0x0000000000000000        0xc /Users/jpalazz2/pebble-dev/PebbleSDK-3.0-dp4/Pebble/aplite/lib/libpebble.a(tmpOQubyMpebble.o)
 .text.action_bar_layer_clear_icon
                0x0000000000000000        0xc /Users/jpalazz2/pebble-dev/PebbleSDK-3.0-dp4/Pebble/aplite/lib/libpebble.a(tmpOQubyMpebble.o)
 .text.action_bar_layer_create
                0x0000000000000000        0xc /Users/jpalazz2/pebble-dev/PebbleSDK-3.0-dp4/Pebble/aplite/lib/libpebble.a(tmpOQubyMpebble.o)
 .text.action_bar_layer_destroy
                0x0000000000000000        0xc /Users/jpalazz2/pebble-dev/PebbleSDK-3.0-dp4/Pebble/aplite/lib/libpebble.a(tmpOQubyMpebble.o)
 .text.action_bar_layer_get_layer
                0x0000000000000000        0xc /Users/jpalazz2/pebble-dev/PebbleSDK-3.0-dp4/Pebble/aplite/lib/libpebble.a(tmpOQubyMpebble.o)
 .text.action_bar_layer_remove_from_window
                0x0000000000000000        0xc /Users/jpalazz2/pebble-dev/PebbleSDK-3.0-dp4/Pebble/aplite/lib/libpebble.a(tmpOQubyMpebble.o)
 .text.action_bar_layer_set_background_color
                0x0000000000000000        0xc /Users/jpalazz2/pebble-dev/PebbleSDK-3.0-dp4/Pebble/aplite/lib/libpebble.a(tmpOQubyMpebble.o)
 .text.action_bar_layer_set_click_config_provider
                0x0000000000000000        0xc /Users/jpalazz2/pebble-dev/PebbleSDK-3.0-dp4/Pebble/aplite/lib/libpebble.a(tmpOQubyMpebble.o)
 .text.action_bar_layer_set_context
                0x0000000000000000        0xc /Users/jpalazz2/pebble-dev/PebbleSDK-3.0-dp4/Pebble/aplite/lib/libpebble.a(tmpOQubyMpebble.o)
 .text.action_bar_layer_set_icon
                0x0000000000000000        0xc /Users/jpalazz2/pebble-dev/PebbleSDK-3.0-dp4/Pebble/aplite/lib/libpebble.a(tmpOQubyMpebble.o)
 .text.animation_create
                0x0000000000000000        0xc /Users/jpalazz2/pebble-dev/PebbleSDK-3.0-dp4/Pebble/aplite/lib/libpebble.a(tmpOQubyMpebble.o)
 .text.animation_destroy
                0x0000000000000000        0xc /Users/jpalazz2/pebble-dev/PebbleSDK-3.0-dp4/Pebble/aplite/lib/libpebble.a(tmpOQubyMpebble.o)
 .text.animation_get_context
                0x0000000000000000        0xc /Users/jpalazz2/pebble-dev/PebbleSDK-3.0-dp4/Pebble/aplite/lib/libpebble.a(tmpOQubyMpebble.o)
 .text.animation_is_scheduled
                0x0000000000000000        0xc /Users/jpalazz2/pebble-dev/PebbleSDK-3.0-dp4/Pebble/aplite/lib/libpebble.a(tmpOQubyMpebble.o)
 .text.animation_set_curve
                0x0000000000000000        0xc /Users/jpalazz2/pebble-dev/PebbleSDK-3.0-dp4/Pebble/aplite/lib/libpebble.a(tmpOQubyMpebble.o)
 .text.animation_set_handlers
                0x0000000000000000        0xc /Users/jpalazz2/pebble-dev/PebbleSDK-3.0-dp4/Pebble/aplite/lib/libpebble.a(tmpOQubyMpebble.o)
 .text.animation_set_implementation
                0x0000000000000000        0xc /Users/jpalazz2/pebble-dev/PebbleSDK-3.0-dp4/Pebble/aplite/lib/libpebble.a(tmpOQubyMpebble.o)
 .text.animation_unschedule
                0x0000000000000000        0xc /Users/jpalazz2/pebble-dev/PebbleSDK-3.0-dp4/Pebble/aplite/lib/libpebble.a(tmpOQubyMpebble.o)
 .text.animation_unschedule_all
                0x0000000000000000        0xc /Users/jpalazz2/pebble-dev/PebbleSDK-3.0-dp4/Pebble/aplite/lib/libpebble.a(tmpOQubyMpebble.o)
 .text.app_comm_get_sniff_interval
                0x0000000000000000        0xc /Users/jpalazz2/pebble-dev/PebbleSDK-3.0-dp4/Pebble/aplite/lib/libpebble.a(tmpOQubyMpebble.o)
 .text.app_comm_set_sniff_interval
                0x0000000000000000        0xc /Users/jpalazz2/pebble-dev/PebbleSDK-3.0-dp4/Pebble/aplite/lib/libpebble.a(tmpOQubyMpebble.o)
 .text.app_message_deregister_callbacks
                0x0000000000000000        0xc /Users/jpalazz2/pebble-dev/PebbleSDK-3.0-dp4/Pebble/aplite/lib/libpebble.a(tmpOQubyMpebble.o)
 .text.app_sync_deinit
                0x0000000000000000        0xc /Users/jpalazz2/pebble-dev/PebbleSDK-3.0-dp4/Pebble/aplite/lib/libpebble.a(tmpOQubyMpebble.o)
 .text.app_sync_get
                0x0000000000000000        0xc /Users/jpalazz2/pebble-dev/PebbleSDK-3.0-dp4/Pebble/aplite/lib/libpebble.a(tmpOQubyMpebble.o)
 .text.app_sync_init
                0x0000000000000000        0xc /Users/jpalazz2/pebble-dev/PebbleSDK-3.0-dp4/Pebble/aplite/lib/libpebble.a(tmpOQubyMpebble.o)
 .text.app_sync_set
                0x0000000000000000        0xc /Users/jpalazz2/pebble-dev/PebbleSDK-3.0-dp4/Pebble/aplite/lib/libpebble.a(tmpOQubyMpebble.o)
 .text.app_timer_cancel
                0x0000000000000000        0xc /Users/jpalazz2/pebble-dev/PebbleSDK-3.0-dp4/Pebble/aplite/lib/libpebble.a(tmpOQubyMpebble.o)
 .text.app_timer_register
                0x0000000000000000        0xc /Users/jpalazz2/pebble-dev/PebbleSDK-3.0-dp4/Pebble/aplite/lib/libpebble.a(tmpOQubyMpebble.o)
 .text.app_timer_reschedule
                0x0000000000000000        0xc /Users/jpalazz2/pebble-dev/PebbleSDK-3.0-dp4/Pebble/aplite/lib/libpebble.a(tmpOQubyMpebble.o)
 .text.atan2_lookup
                0x0000000000000000        0xc /Users/jpalazz2/pebble-dev/PebbleSDK-3.0-dp4/Pebble/aplite/lib/libpebble.a(tmpOQubyMpebble.o)
 .text.atoi     0x0000000000000000        0xc /Users/jpalazz2/pebble-dev/PebbleSDK-3.0-dp4/Pebble/aplite/lib/libpebble.a(tmpOQubyMpebble.o)
 .text.atol     0x0000000000000000        0xc /Users/jpalazz2/pebble-dev/PebbleSDK-3.0-dp4/Pebble/aplite/lib/libpebble.a(tmpOQubyMpebble.o)
 .text.click_number_of_clicks_counted
                0x0000000000000000        0xc /Users/jpalazz2/pebble-dev/PebbleSDK-3.0-dp4/Pebble/aplite/lib/libpebble.a(tmpOQubyMpebble.o)
 .text.click_recognizer_get_button_id
                0x0000000000000000        0xc /Users/jpalazz2/pebble-dev/PebbleSDK-3.0-dp4/Pebble/aplite/lib/libpebble.a(tmpOQubyMpebble.o)
 .text.clock_copy_time_string
                0x0000000000000000        0xc /Users/jpalazz2/pebble-dev/PebbleSDK-3.0-dp4/Pebble/aplite/lib/libpebble.a(tmpOQubyMpebble.o)
 .text.cos_lookup
                0x0000000000000000        0xc /Users/jpalazz2/pebble-dev/PebbleSDK-3.0-dp4/Pebble/aplite/lib/libpebble.a(tmpOQubyMpebble.o)
 .text.data_logging_create
                0x0000000000000000        0xc /Users/jpalazz2/pebble-dev/PebbleSDK-3.0-dp4/Pebble/aplite/lib/libpebble.a(tmpOQubyMpebble.o)
 .text.data_logging_finish
                0x0000000000000000        0xc /Users/jpalazz2/pebble-dev/PebbleSDK-3.0-dp4/Pebble/aplite/lib/libpebble.a(tmpOQubyMpebble.o)
 .text.data_logging_log
                0x0000000000000000        0xc /Users/jpalazz2/pebble-dev/PebbleSDK-3.0-dp4/Pebble/aplite/lib/libpebble.a(tmpOQubyMpebble.o)
 .text.dict_calc_buffer_size
                0x0000000000000000        0xc /Users/jpalazz2/pebble-dev/PebbleSDK-3.0-dp4/Pebble/aplite/lib/libpebble.a(tmpOQubyMpebble.o)
 .text.dict_calc_buffer_size_from_tuplets
                0x0000000000000000        0xc /Users/jpalazz2/pebble-dev/PebbleSDK-3.0-dp4/Pebble/aplite/lib/libpebble.a(tmpOQubyMpebble.o)
 .text.dict_find
                0x0000000000000000        0xc /Users/jpalazz2/pebble-dev/PebbleSDK-3.0-dp4/Pebble/aplite/lib/libpebble.a(tmpOQubyMpebble.o)
 .text.dict_merge
                0x0000000000000000        0xc /Users/jpalazz2/pebble-dev/PebbleSDK-3.0-dp4/Pebble/aplite/lib/libpebble.a(tmpOQubyMpebble.o)
 .text.dict_read_begin_from_buffer
                0x0000000000000000        0xc /Users/jpalazz2/pebble-dev/PebbleSDK-3.0-dp4/Pebble/aplite/lib/libpebble.a(tmpOQubyMpebble.o)
 .text.dict_serialize_tuplets
                0x0000000000000000        0xc /Users/jpalazz2/pebble-dev/PebbleSDK-3.0-dp4/Pebble/aplite/lib/libpebble.a(tmpOQubyMpebble.o)
 .text.dict_serialize_tuplets_to_buffer__deprecated
                0x0000000000000000        0xc /Users/jpalazz2/pebble-dev/PebbleSDK-3.0-dp4/Pebble/aplite/lib/libpebble.a(tmpOQubyMpebble.o)
 .text.dict_serialize_tuplets_to_buffer_with_iter
                0x0000000000000000        0xc /Users/jpalazz2/pebble-dev/PebbleSDK-3.0-dp4/Pebble/aplite/lib/libpebble.a(tmpOQubyMpebble.o)
 .text.dict_write_begin
                0x0000000000000000        0xc /Users/jpalazz2/pebble-dev/PebbleSDK-3.0-dp4/Pebble/aplite/lib/libpebble.a(tmpOQubyMpebble.o)
 .text.dict_write_cstring
                0x0000000000000000        0xc /Users/jpalazz2/pebble-dev/PebbleSDK-3.0-dp4/Pebble/aplite/lib/libpebble.a(tmpOQubyMpebble.o)
 .text.dict_write_data
                0x0000000000000000        0xc /Users/jpalazz2/pebble-dev/PebbleSDK-3.0-dp4/Pebble/aplite/lib/libpebble.a(tmpOQubyMpebble.o)
 .text.dict_write_end
                0x0000000000000000        0xc /Users/jpalazz2/pebble-dev/PebbleSDK-3.0-dp4/Pebble/aplite/lib/libpebble.a(tmpOQubyMpebble.o)
 .text.dict_write_int
                0x0000000000000000        0xc /Users/jpalazz2/pebble-dev/PebbleSDK-3.0-dp4/Pebble/aplite/lib/libpebble.a(tmpOQubyMpebble.o)
 .text.dict_write_int16
                0x0000000000000000        0xc /Users/jpalazz2/pebble-dev/PebbleSDK-3.0-dp4/Pebble/aplite/lib/libpebble.a(tmpOQubyMpebble.o)
 .text.dict_write_int32
                0x0000000000000000        0xc /Users/jpalazz2/pebble-dev/PebbleSDK-3.0-dp4/Pebble/aplite/lib/libpebble.a(tmpOQubyMpebble.o)
 .text.dict_write_int8
                0x0000000000000000        0xc /Users/jpalazz2/pebble-dev/PebbleSDK-3.0-dp4/Pebble/aplite/lib/libpebble.a(tmpOQubyMpebble.o)
 .text.dict_write_tuplet
                0x0000000000000000        0xc /Users/jpalazz2/pebble-dev/PebbleSDK-3.0-dp4/Pebble/aplite/lib/libpebble.a(tmpOQubyMpebble.o)
 .text.dict_write_uint16
                0x0000000000000000        0xc /Users/jpalazz2/pebble-dev/PebbleSDK-3.0-dp4/Pebble/aplite/lib/libpebble.a(tmpOQubyMpebble.o)
 .text.dict_write_uint32
                0x0000000000000000        0xc /Users/jpalazz2/pebble-dev/PebbleSDK-3.0-dp4/Pebble/aplite/lib/libpebble.a(tmpOQubyMpebble.o)
 .text.dict_write_uint8
                0x0000000000000000        0xc /Users/jpalazz2/pebble-dev/PebbleSDK-3.0-dp4/Pebble/aplite/lib/libpebble.a(tmpOQubyMpebble.o)
 .text.fonts_load_custom_font
                0x0000000000000000        0xc /Users/jpalazz2/pebble-dev/PebbleSDK-3.0-dp4/Pebble/aplite/lib/libpebble.a(tmpOQubyMpebble.o)
 .text.fonts_unload_custom_font
                0x0000000000000000        0xc /Users/jpalazz2/pebble-dev/PebbleSDK-3.0-dp4/Pebble/aplite/lib/libpebble.a(tmpOQubyMpebble.o)
 .text.free     0x0000000000000000        0xc /Users/jpalazz2/pebble-dev/PebbleSDK-3.0-dp4/Pebble/aplite/lib/libpebble.a(tmpOQubyMpebble.o)
 .text.gbitmap_create_as_sub_bitmap
                0x0000000000000000        0xc /Users/jpalazz2/pebble-dev/PebbleSDK-3.0-dp4/Pebble/aplite/lib/libpebble.a(tmpOQubyMpebble.o)
 .text.gbitmap_create_with_data
                0x0000000000000000        0xc /Users/jpalazz2/pebble-dev/PebbleSDK-3.0-dp4/Pebble/aplite/lib/libpebble.a(tmpOQubyMpebble.o)
 .text.gmtime   0x0000000000000000        0xc /Users/jpalazz2/pebble-dev/PebbleSDK-3.0-dp4/Pebble/aplite/lib/libpebble.a(tmpOQubyMpebble.o)
 .text.gpath_create
                0x0000000000000000        0xc /Users/jpalazz2/pebble-dev/PebbleSDK-3.0-dp4/Pebble/aplite/lib/libpebble.a(tmpOQubyMpebble.o)
 .text.gpath_destroy
                0x0000000000000000        0xc /Users/jpalazz2/pebble-dev/PebbleSDK-3.0-dp4/Pebble/aplite/lib/libpebble.a(tmpOQubyMpebble.o)
 .text.gpath_draw_filled_legacy
                0x0000000000000000        0xc /Users/jpalazz2/pebble-dev/PebbleSDK-3.0-dp4/Pebble/aplite/lib/libpebble.a(tmpOQubyMpebble.o)
 .text.gpath_draw_outline
                0x0000000000000000        0xc /Users/jpalazz2/pebble-dev/PebbleSDK-3.0-dp4/Pebble/aplite/lib/libpebble.a(tmpOQubyMpebble.o)
 .text.gpath_move_to
                0x0000000000000000        0xc /Users/jpalazz2/pebble-dev/PebbleSDK-3.0-dp4/Pebble/aplite/lib/libpebble.a(tmpOQubyMpebble.o)
 .text.gpath_rotate_to
                0x0000000000000000        0xc /Users/jpalazz2/pebble-dev/PebbleSDK-3.0-dp4/Pebble/aplite/lib/libpebble.a(tmpOQubyMpebble.o)
 .text.gpoint_equal
                0x0000000000000000        0xc /Users/jpalazz2/pebble-dev/PebbleSDK-3.0-dp4/Pebble/aplite/lib/libpebble.a(tmpOQubyMpebble.o)
 .text.graphics_context_set_compositing_mode
                0x0000000000000000        0xc /Users/jpalazz2/pebble-dev/PebbleSDK-3.0-dp4/Pebble/aplite/lib/libpebble.a(tmpOQubyMpebble.o)
 .text.graphics_context_set_text_color
                0x0000000000000000        0xc /Users/jpalazz2/pebble-dev/PebbleSDK-3.0-dp4/Pebble/aplite/lib/libpebble.a(tmpOQubyMpebble.o)
 .text.graphics_draw_bitmap_in_rect
                0x0000000000000000        0xc /Users/jpalazz2/pebble-dev/PebbleSDK-3.0-dp4/Pebble/aplite/lib/libpebble.a(tmpOQubyMpebble.o)
 .text.graphics_draw_circle
                0x0000000000000000        0xc /Users/jpalazz2/pebble-dev/PebbleSDK-3.0-dp4/Pebble/aplite/lib/libpebble.a(tmpOQubyMpebble.o)
 .text.graphics_draw_line
                0x0000000000000000        0xc /Users/jpalazz2/pebble-dev/PebbleSDK-3.0-dp4/Pebble/aplite/lib/libpebble.a(tmpOQubyMpebble.o)
 .text.graphics_draw_pixel
                0x0000000000000000        0xc /Users/jpalazz2/pebble-dev/PebbleSDK-3.0-dp4/Pebble/aplite/lib/libpebble.a(tmpOQubyMpebble.o)
 .text.graphics_draw_round_rect
                0x0000000000000000        0xc /Users/jpalazz2/pebble-dev/PebbleSDK-3.0-dp4/Pebble/aplite/lib/libpebble.a(tmpOQubyMpebble.o)
 .text.graphics_fill_circle
                0x0000000000000000        0xc /Users/jpalazz2/pebble-dev/PebbleSDK-3.0-dp4/Pebble/aplite/lib/libpebble.a(tmpOQubyMpebble.o)
 .text.graphics_text_layout_get_max_used_size
                0x0000000000000000        0xc /Users/jpalazz2/pebble-dev/PebbleSDK-3.0-dp4/Pebble/aplite/lib/libpebble.a(tmpOQubyMpebble.o)
 .text.grect_align
                0x0000000000000000        0xc /Users/jpalazz2/pebble-dev/PebbleSDK-3.0-dp4/Pebble/aplite/lib/libpebble.a(tmpOQubyMpebble.o)
 .text.grect_center_point
                0x0000000000000000        0xc /Users/jpalazz2/pebble-dev/PebbleSDK-3.0-dp4/Pebble/aplite/lib/libpebble.a(tmpOQubyMpebble.o)
 .text.grect_clip
                0x0000000000000000        0xc /Users/jpalazz2/pebble-dev/PebbleSDK-3.0-dp4/Pebble/aplite/lib/libpebble.a(tmpOQubyMpebble.o)
 .text.grect_contains_point
                0x0000000000000000        0xc /Users/jpalazz2/pebble-dev/PebbleSDK-3.0-dp4/Pebble/aplite/lib/libpebble.a(tmpOQubyMpebble.o)
 .text.grect_crop
                0x0000000000000000        0xc /Users/jpalazz2/pebble-dev/PebbleSDK-3.0-dp4/Pebble/aplite/lib/libpebble.a(tmpOQubyMpebble.o)
 .text.grect_equal
                0x0000000000000000        0xc /Users/jpalazz2/pebble-dev/PebbleSDK-3.0-dp4/Pebble/aplite/lib/libpebble.a(tmpOQubyMpebble.o)
 .text.grect_is_empty
                0x0000000000000000        0xc /Users/jpalazz2/pebble-dev/PebbleSDK-3.0-dp4/Pebble/aplite/lib/libpebble.a(tmpOQubyMpebble.o)
 .text.grect_standardize
                0x0000000000000000        0xc /Users/jpalazz2/pebble-dev/PebbleSDK-3.0-dp4/Pebble/aplite/lib/libpebble.a(tmpOQubyMpebble.o)
 .text.gsize_equal
                0x0000000000000000        0xc /Users/jpalazz2/pebble-dev/PebbleSDK-3.0-dp4/Pebble/aplite/lib/libpebble.a(tmpOQubyMpebble.o)
 .text.inverter_layer_create
                0x0000000000000000        0xc /Users/jpalazz2/pebble-dev/PebbleSDK-3.0-dp4/Pebble/aplite/lib/libpebble.a(tmpOQubyMpebble.o)
 .text.inverter_layer_destroy
                0x0000000000000000        0xc /Users/jpalazz2/pebble-dev/PebbleSDK-3.0-dp4/Pebble/aplite/lib/libpebble.a(tmpOQubyMpebble.o)
 .text.inverter_layer_get_layer
                0x0000000000000000        0xc /Users/jpalazz2/pebble-dev/PebbleSDK-3.0-dp4/Pebble/aplite/lib/libpebble.a(tmpOQubyMpebble.o)
 .text.layer_create
                0x0000000000000000        0xc /Users/jpalazz2/pebble-dev/PebbleSDK-3.0-dp4/Pebble/aplite/lib/libpebble.a(tmpOQubyMpebble.o)
 .text.layer_create_with_data
                0x0000000000000000        0xc /Users/jpalazz2/pebble-dev/PebbleSDK-3.0-dp4/Pebble/aplite/lib/libpebble.a(tmpOQubyMpebble.o)
 .text.layer_destroy
                0x0000000000000000        0xc /Users/jpalazz2/pebble-dev/PebbleSDK-3.0-dp4/Pebble/aplite/lib/libpebble.a(tmpOQubyMpebble.o)
 .text.layer_get_bounds
                0x0000000000000000        0xc /Users/jpalazz2/pebble-dev/PebbleSDK-3.0-dp4/Pebble/aplite/lib/libpebble.a(tmpOQubyMpebble.o)
 .text.layer_get_clips
                0x0000000000000000        0xc /Users/jpalazz2/pebble-dev/PebbleSDK-3.0-dp4/Pebble/aplite/lib/libpebble.a(tmpOQubyMpebble.o)
 .text.layer_get_data
                0x0000000000000000        0xc /Users/jpalazz2/pebble-dev/PebbleSDK-3.0-dp4/Pebble/aplite/lib/libpebble.a(tmpOQubyMpebble.o)
 .text.layer_get_frame
                0x0000000000000000        0xc /Users/jpalazz2/pebble-dev/PebbleSDK-3.0-dp4/Pebble/aplite/lib/libpebble.a(tmpOQubyMpebble.o)
 .text.layer_get_hidden
                0x0000000000000000        0xc /Users/jpalazz2/pebble-dev/PebbleSDK-3.0-dp4/Pebble/aplite/lib/libpebble.a(tmpOQubyMpebble.o)
 .text.layer_get_window
                0x0000000000000000        0xc /Users/jpalazz2/pebble-dev/PebbleSDK-3.0-dp4/Pebble/aplite/lib/libpebble.a(tmpOQubyMpebble.o)
 .text.layer_insert_above_sibling
                0x0000000000000000        0xc /Users/jpalazz2/pebble-dev/PebbleSDK-3.0-dp4/Pebble/aplite/lib/libpebble.a(tmpOQubyMpebble.o)
 .text.layer_insert_below_sibling
                0x0000000000000000        0xc /Users/jpalazz2/pebble-dev/PebbleSDK-3.0-dp4/Pebble/aplite/lib/libpebble.a(tmpOQubyMpebble.o)
 .text.layer_remove_child_layers
                0x0000000000000000        0xc /Users/jpalazz2/pebble-dev/PebbleSDK-3.0-dp4/Pebble/aplite/lib/libpebble.a(tmpOQubyMpebble.o)
 .text.layer_remove_from_parent
                0x0000000000000000        0xc /Users/jpalazz2/pebble-dev/PebbleSDK-3.0-dp4/Pebble/aplite/lib/libpebble.a(tmpOQubyMpebble.o)
 .text.layer_set_bounds
                0x0000000000000000        0xc /Users/jpalazz2/pebble-dev/PebbleSDK-3.0-dp4/Pebble/aplite/lib/libpebble.a(tmpOQubyMpebble.o)
 .text.layer_set_clips
                0x0000000000000000        0xc /Users/jpalazz2/pebble-dev/PebbleSDK-3.0-dp4/Pebble/aplite/lib/libpebble.a(tmpOQubyMpebble.o)
 .text.layer_set_frame
                0x0000000000000000        0xc /Users/jpalazz2/pebble-dev/PebbleSDK-3.0-dp4/Pebble/aplite/lib/libpebble.a(tmpOQubyMpebble.o)
 .text.light_enable
                0x0000000000000000        0xc /Users/jpalazz2/pebble-dev/PebbleSDK-3.0-dp4/Pebble/aplite/lib/libpebble.a(tmpOQubyMpebble.o)
 .text.light_enable_interaction
                0x0000000000000000        0xc /Users/jpalazz2/pebble-dev/PebbleSDK-3.0-dp4/Pebble/aplite/lib/libpebble.a(tmpOQubyMpebble.o)
 .text.malloc   0x0000000000000000        0xc /Users/jpalazz2/pebble-dev/PebbleSDK-3.0-dp4/Pebble/aplite/lib/libpebble.a(tmpOQubyMpebble.o)
 .text.memcpy   0x0000000000000000        0xc /Users/jpalazz2/pebble-dev/PebbleSDK-3.0-dp4/Pebble/aplite/lib/libpebble.a(tmpOQubyMpebble.o)
 .text.memmove  0x0000000000000000        0xc /Users/jpalazz2/pebble-dev/PebbleSDK-3.0-dp4/Pebble/aplite/lib/libpebble.a(tmpOQubyMpebble.o)
 .text.menu_cell_basic_draw
                0x0000000000000000        0xc /Users/jpalazz2/pebble-dev/PebbleSDK-3.0-dp4/Pebble/aplite/lib/libpebble.a(tmpOQubyMpebble.o)
 .text.menu_cell_basic_header_draw
                0x0000000000000000        0xc /Users/jpalazz2/pebble-dev/PebbleSDK-3.0-dp4/Pebble/aplite/lib/libpebble.a(tmpOQubyMpebble.o)
 .text.menu_cell_title_draw
                0x0000000000000000        0xc /Users/jpalazz2/pebble-dev/PebbleSDK-3.0-dp4/Pebble/aplite/lib/libpebble.a(tmpOQubyMpebble.o)
 .text.menu_index_compare
                0x0000000000000000        0xc /Users/jpalazz2/pebble-dev/PebbleSDK-3.0-dp4/Pebble/aplite/lib/libpebble.a(tmpOQubyMpebble.o)
 .text.menu_layer_create
                0x0000000000000000        0xc /Users/jpalazz2/pebble-dev/PebbleSDK-3.0-dp4/Pebble/aplite/lib/libpebble.a(tmpOQubyMpebble.o)
 .text.menu_layer_destroy
                0x0000000000000000        0xc /Users/jpalazz2/pebble-dev/PebbleSDK-3.0-dp4/Pebble/aplite/lib/libpebble.a(tmpOQubyMpebble.o)
 .text.menu_layer_get_layer
                0x0000000000000000        0xc /Users/jpalazz2/pebble-dev/PebbleSDK-3.0-dp4/Pebble/aplite/lib/libpebble.a(tmpOQubyMpebble.o)
 .text.menu_layer_get_scroll_layer
                0x0000000000000000        0xc /Users/jpalazz2/pebble-dev/PebbleSDK-3.0-dp4/Pebble/aplite/lib/libpebble.a(tmpOQubyMpebble.o)
 .text.menu_layer_get_selected_index
                0x0000000000000000        0xc /Users/jpalazz2/pebble-dev/PebbleSDK-3.0-dp4/Pebble/aplite/lib/libpebble.a(tmpOQubyMpebble.o)
 .text.menu_layer_reload_data
                0x0000000000000000        0xc /Users/jpalazz2/pebble-dev/PebbleSDK-3.0-dp4/Pebble/aplite/lib/libpebble.a(tmpOQubyMpebble.o)
 .text.menu_layer_set_callbacks__deprecated
                0x0000000000000000        0xc /Users/jpalazz2/pebble-dev/PebbleSDK-3.0-dp4/Pebble/aplite/lib/libpebble.a(tmpOQubyMpebble.o)
 .text.menu_layer_set_click_config_onto_window
                0x0000000000000000        0xc /Users/jpalazz2/pebble-dev/PebbleSDK-3.0-dp4/Pebble/aplite/lib/libpebble.a(tmpOQubyMpebble.o)
 .text.menu_layer_set_selected_index
                0x0000000000000000        0xc /Users/jpalazz2/pebble-dev/PebbleSDK-3.0-dp4/Pebble/aplite/lib/libpebble.a(tmpOQubyMpebble.o)
 .text.menu_layer_set_selected_next
                0x0000000000000000        0xc /Users/jpalazz2/pebble-dev/PebbleSDK-3.0-dp4/Pebble/aplite/lib/libpebble.a(tmpOQubyMpebble.o)
 .text.number_window_create
                0x0000000000000000        0xc /Users/jpalazz2/pebble-dev/PebbleSDK-3.0-dp4/Pebble/aplite/lib/libpebble.a(tmpOQubyMpebble.o)
 .text.number_window_destroy
                0x0000000000000000        0xc /Users/jpalazz2/pebble-dev/PebbleSDK-3.0-dp4/Pebble/aplite/lib/libpebble.a(tmpOQubyMpebble.o)
 .text.number_window_get_value
                0x0000000000000000        0xc /Users/jpalazz2/pebble-dev/PebbleSDK-3.0-dp4/Pebble/aplite/lib/libpebble.a(tmpOQubyMpebble.o)
 .text.number_window_set_label
                0x0000000000000000        0xc /Users/jpalazz2/pebble-dev/PebbleSDK-3.0-dp4/Pebble/aplite/lib/libpebble.a(tmpOQubyMpebble.o)
 .text.number_window_set_max
                0x0000000000000000        0xc /Users/jpalazz2/pebble-dev/PebbleSDK-3.0-dp4/Pebble/aplite/lib/libpebble.a(tmpOQubyMpebble.o)
 .text.number_window_set_min
                0x0000000000000000        0xc /Users/jpalazz2/pebble-dev/PebbleSDK-3.0-dp4/Pebble/aplite/lib/libpebble.a(tmpOQubyMpebble.o)
 .text.number_window_set_step_size
                0x0000000000000000        0xc /Users/jpalazz2/pebble-dev/PebbleSDK-3.0-dp4/Pebble/aplite/lib/libpebble.a(tmpOQubyMpebble.o)
 .text.number_window_set_value
                0x0000000000000000        0xc /Users/jpalazz2/pebble-dev/PebbleSDK-3.0-dp4/Pebble/aplite/lib/libpebble.a(tmpOQubyMpebble.o)
 .text.persist_delete
                0x0000000000000000        0xc /Users/jpalazz2/pebble-dev/PebbleSDK-3.0-dp4/Pebble/aplite/lib/libpebble.a(tmpOQubyMpebble.o)
 .text.persist_get_size
                0x0000000000000000        0xc /Users/jpalazz2/pebble-dev/PebbleSDK-3.0-dp4/Pebble/aplite/lib/libpebble.a(tmpOQubyMpebble.o)
 .text.persist_read_data__deprecated
                0x0000000000000000        0xc /Users/jpalazz2/pebble-dev/PebbleSDK-3.0-dp4/Pebble/aplite/lib/libpebble.a(tmpOQubyMpebble.o)
 .text.persist_read_int
                0x0000000000000000        0xc /Users/jpalazz2/pebble-dev/PebbleSDK-3.0-dp4/Pebble/aplite/lib/libpebble.a(tmpOQubyMpebble.o)
 .text.persist_read_string__deprecated
                0x0000000000000000        0xc /Users/jpalazz2/pebble-dev/PebbleSDK-3.0-dp4/Pebble/aplite/lib/libpebble.a(tmpOQubyMpebble.o)
 .text.persist_write_data__deprecated
                0x0000000000000000        0xc /Users/jpalazz2/pebble-dev/PebbleSDK-3.0-dp4/Pebble/aplite/lib/libpebble.a(tmpOQubyMpebble.o)
 .text.persist_write_int
                0x0000000000000000        0xc /Users/jpalazz2/pebble-dev/PebbleSDK-3.0-dp4/Pebble/aplite/lib/libpebble.a(tmpOQubyMpebble.o)
 .text.persist_write_string
                0x0000000000000000        0xc /Users/jpalazz2/pebble-dev/PebbleSDK-3.0-dp4/Pebble/aplite/lib/libpebble.a(tmpOQubyMpebble.o)
 .text.property_animation_create
                0x0000000000000000        0xc /Users/jpalazz2/pebble-dev/PebbleSDK-3.0-dp4/Pebble/aplite/lib/libpebble.a(tmpOQubyMpebble.o)
 .text.property_animation_update_gpoint
                0x0000000000000000        0xc /Users/jpalazz2/pebble-dev/PebbleSDK-3.0-dp4/Pebble/aplite/lib/libpebble.a(tmpOQubyMpebble.o)
 .text.property_animation_update_grect
                0x0000000000000000        0xc /Users/jpalazz2/pebble-dev/PebbleSDK-3.0-dp4/Pebble/aplite/lib/libpebble.a(tmpOQubyMpebble.o)
 .text.property_animation_update_int16
                0x0000000000000000        0xc /Users/jpalazz2/pebble-dev/PebbleSDK-3.0-dp4/Pebble/aplite/lib/libpebble.a(tmpOQubyMpebble.o)
 .text.psleep   0x0000000000000000        0xc /Users/jpalazz2/pebble-dev/PebbleSDK-3.0-dp4/Pebble/aplite/lib/libpebble.a(tmpOQubyMpebble.o)
 .text.rand     0x0000000000000000        0xc /Users/jpalazz2/pebble-dev/PebbleSDK-3.0-dp4/Pebble/aplite/lib/libpebble.a(tmpOQubyMpebble.o)
 .text.resource_get_handle
                0x0000000000000000        0xc /Users/jpalazz2/pebble-dev/PebbleSDK-3.0-dp4/Pebble/aplite/lib/libpebble.a(tmpOQubyMpebble.o)
 .text.resource_load
                0x0000000000000000        0xc /Users/jpalazz2/pebble-dev/PebbleSDK-3.0-dp4/Pebble/aplite/lib/libpebble.a(tmpOQubyMpebble.o)
 .text.resource_load_byte_range
                0x0000000000000000        0xc /Users/jpalazz2/pebble-dev/PebbleSDK-3.0-dp4/Pebble/aplite/lib/libpebble.a(tmpOQubyMpebble.o)
 .text.resource_size
                0x0000000000000000        0xc /Users/jpalazz2/pebble-dev/PebbleSDK-3.0-dp4/Pebble/aplite/lib/libpebble.a(tmpOQubyMpebble.o)
 .text.rot_bitmap_layer_create
                0x0000000000000000        0xc /Users/jpalazz2/pebble-dev/PebbleSDK-3.0-dp4/Pebble/aplite/lib/libpebble.a(tmpOQubyMpebble.o)
 .text.rot_bitmap_layer_destroy
                0x0000000000000000        0xc /Users/jpalazz2/pebble-dev/PebbleSDK-3.0-dp4/Pebble/aplite/lib/libpebble.a(tmpOQubyMpebble.o)
 .text.rot_bitmap_layer_increment_angle
                0x0000000000000000        0xc /Users/jpalazz2/pebble-dev/PebbleSDK-3.0-dp4/Pebble/aplite/lib/libpebble.a(tmpOQubyMpebble.o)
 .text.rot_bitmap_layer_set_angle
                0x0000000000000000        0xc /Users/jpalazz2/pebble-dev/PebbleSDK-3.0-dp4/Pebble/aplite/lib/libpebble.a(tmpOQubyMpebble.o)
 .text.rot_bitmap_layer_set_corner_clip_color
                0x0000000000000000        0xc /Users/jpalazz2/pebble-dev/PebbleSDK-3.0-dp4/Pebble/aplite/lib/libpebble.a(tmpOQubyMpebble.o)
 .text.rot_bitmap_set_compositing_mode
                0x0000000000000000        0xc /Users/jpalazz2/pebble-dev/PebbleSDK-3.0-dp4/Pebble/aplite/lib/libpebble.a(tmpOQubyMpebble.o)
 .text.rot_bitmap_set_src_ic
                0x0000000000000000        0xc /Users/jpalazz2/pebble-dev/PebbleSDK-3.0-dp4/Pebble/aplite/lib/libpebble.a(tmpOQubyMpebble.o)
 .text.scroll_layer_add_child
                0x0000000000000000        0xc /Users/jpalazz2/pebble-dev/PebbleSDK-3.0-dp4/Pebble/aplite/lib/libpebble.a(tmpOQubyMpebble.o)
 .text.scroll_layer_create
                0x0000000000000000        0xc /Users/jpalazz2/pebble-dev/PebbleSDK-3.0-dp4/Pebble/aplite/lib/libpebble.a(tmpOQubyMpebble.o)
 .text.scroll_layer_destroy
                0x0000000000000000        0xc /Users/jpalazz2/pebble-dev/PebbleSDK-3.0-dp4/Pebble/aplite/lib/libpebble.a(tmpOQubyMpebble.o)
 .text.scroll_layer_get_content_offset
                0x0000000000000000        0xc /Users/jpalazz2/pebble-dev/PebbleSDK-3.0-dp4/Pebble/aplite/lib/libpebble.a(tmpOQubyMpebble.o)
 .text.scroll_layer_get_content_size
                0x0000000000000000        0xc /Users/jpalazz2/pebble-dev/PebbleSDK-3.0-dp4/Pebble/aplite/lib/libpebble.a(tmpOQubyMpebble.o)
 .text.scroll_layer_get_layer
                0x0000000000000000        0xc /Users/jpalazz2/pebble-dev/PebbleSDK-3.0-dp4/Pebble/aplite/lib/libpebble.a(tmpOQubyMpebble.o)
 .text.scroll_layer_get_shadow_hidden
                0x0000000000000000        0xc /Users/jpalazz2/pebble-dev/PebbleSDK-3.0-dp4/Pebble/aplite/lib/libpebble.a(tmpOQubyMpebble.o)
 .text.scroll_layer_scroll_down_click_handler
                0x0000000000000000        0xc /Users/jpalazz2/pebble-dev/PebbleSDK-3.0-dp4/Pebble/aplite/lib/libpebble.a(tmpOQubyMpebble.o)
 .text.scroll_layer_scroll_up_click_handler
                0x0000000000000000        0xc /Users/jpalazz2/pebble-dev/PebbleSDK-3.0-dp4/Pebble/aplite/lib/libpebble.a(tmpOQubyMpebble.o)
 .text.scroll_layer_set_callbacks
                0x0000000000000000        0xc /Users/jpalazz2/pebble-dev/PebbleSDK-3.0-dp4/Pebble/aplite/lib/libpebble.a(tmpOQubyMpebble.o)
 .text.scroll_layer_set_click_config_onto_window
                0x0000000000000000        0xc /Users/jpalazz2/pebble-dev/PebbleSDK-3.0-dp4/Pebble/aplite/lib/libpebble.a(tmpOQubyMpebble.o)
 .text.scroll_layer_set_content_offset
                0x0000000000000000        0xc /Users/jpalazz2/pebble-dev/PebbleSDK-3.0-dp4/Pebble/aplite/lib/libpebble.a(tmpOQubyMpebble.o)
 .text.scroll_layer_set_content_size
                0x0000000000000000        0xc /Users/jpalazz2/pebble-dev/PebbleSDK-3.0-dp4/Pebble/aplite/lib/libpebble.a(tmpOQubyMpebble.o)
 .text.scroll_layer_set_context
                0x0000000000000000        0xc /Users/jpalazz2/pebble-dev/PebbleSDK-3.0-dp4/Pebble/aplite/lib/libpebble.a(tmpOQubyMpebble.o)
 .text.scroll_layer_set_frame
                0x0000000000000000        0xc /Users/jpalazz2/pebble-dev/PebbleSDK-3.0-dp4/Pebble/aplite/lib/libpebble.a(tmpOQubyMpebble.o)
 .text.scroll_layer_set_shadow_hidden
                0x0000000000000000        0xc /Users/jpalazz2/pebble-dev/PebbleSDK-3.0-dp4/Pebble/aplite/lib/libpebble.a(tmpOQubyMpebble.o)
 .text.simple_menu_layer_create
                0x0000000000000000        0xc /Users/jpalazz2/pebble-dev/PebbleSDK-3.0-dp4/Pebble/aplite/lib/libpebble.a(tmpOQubyMpebble.o)
 .text.simple_menu_layer_destroy
                0x0000000000000000        0xc /Users/jpalazz2/pebble-dev/PebbleSDK-3.0-dp4/Pebble/aplite/lib/libpebble.a(tmpOQubyMpebble.o)
 .text.simple_menu_layer_get_layer
                0x0000000000000000        0xc /Users/jpalazz2/pebble-dev/PebbleSDK-3.0-dp4/Pebble/aplite/lib/libpebble.a(tmpOQubyMpebble.o)
 .text.simple_menu_layer_get_selected_index
                0x0000000000000000        0xc /Users/jpalazz2/pebble-dev/PebbleSDK-3.0-dp4/Pebble/aplite/lib/libpebble.a(tmpOQubyMpebble.o)
 .text.simple_menu_layer_set_selected_index
                0x0000000000000000        0xc /Users/jpalazz2/pebble-dev/PebbleSDK-3.0-dp4/Pebble/aplite/lib/libpebble.a(tmpOQubyMpebble.o)
 .text.sin_lookup
                0x0000000000000000        0xc /Users/jpalazz2/pebble-dev/PebbleSDK-3.0-dp4/Pebble/aplite/lib/libpebble.a(tmpOQubyMpebble.o)
 .text.snprintf
                0x0000000000000000        0xc /Users/jpalazz2/pebble-dev/PebbleSDK-3.0-dp4/Pebble/aplite/lib/libpebble.a(tmpOQubyMpebble.o)
 .text.srand    0x0000000000000000        0xc /Users/jpalazz2/pebble-dev/PebbleSDK-3.0-dp4/Pebble/aplite/lib/libpebble.a(tmpOQubyMpebble.o)
 .text.strcat   0x0000000000000000        0xc /Users/jpalazz2/pebble-dev/PebbleSDK-3.0-dp4/Pebble/aplite/lib/libpebble.a(tmpOQubyMpebble.o)
 .text.strcmp   0x0000000000000000        0xc /Users/jpalazz2/pebble-dev/PebbleSDK-3.0-dp4/Pebble/aplite/lib/libpebble.a(tmpOQubyMpebble.o)
 .text.strcpy   0x0000000000000000        0xc /Users/jpalazz2/pebble-dev/PebbleSDK-3.0-dp4/Pebble/aplite/lib/libpebble.a(tmpOQubyMpebble.o)
 .text.strlen   0x0000000000000000        0xc /Users/jpalazz2/pebble-dev/PebbleSDK-3.0-dp4/Pebble/aplite/lib/libpebble.a(tmpOQubyMpebble.o)
 .text.strncat  0x0000000000000000        0xc /Users/jpalazz2/pebble-dev/PebbleSDK-3.0-dp4/Pebble/aplite/lib/libpebble.a(tmpOQubyMpebble.o)
 .text.strncmp  0x0000000000000000        0xc /Users/jpalazz2/pebble-dev/PebbleSDK-3.0-dp4/Pebble/aplite/lib/libpebble.a(tmpOQubyMpebble.o)
 .text.strncpy  0x0000000000000000        0xc /Users/jpalazz2/pebble-dev/PebbleSDK-3.0-dp4/Pebble/aplite/lib/libpebble.a(tmpOQubyMpebble.o)
 .text.text_layer_get_content_size
                0x0000000000000000        0xc /Users/jpalazz2/pebble-dev/PebbleSDK-3.0-dp4/Pebble/aplite/lib/libpebble.a(tmpOQubyMpebble.o)
 .text.text_layer_get_text
                0x0000000000000000        0xc /Users/jpalazz2/pebble-dev/PebbleSDK-3.0-dp4/Pebble/aplite/lib/libpebble.a(tmpOQubyMpebble.o)
 .text.text_layer_set_overflow_mode
                0x0000000000000000        0xc /Users/jpalazz2/pebble-dev/PebbleSDK-3.0-dp4/Pebble/aplite/lib/libpebble.a(tmpOQubyMpebble.o)
 .text.text_layer_set_size
                0x0000000000000000        0xc /Users/jpalazz2/pebble-dev/PebbleSDK-3.0-dp4/Pebble/aplite/lib/libpebble.a(tmpOQubyMpebble.o)
 .text.time_ms  0x0000000000000000        0xc /Users/jpalazz2/pebble-dev/PebbleSDK-3.0-dp4/Pebble/aplite/lib/libpebble.a(tmpOQubyMpebble.o)
 .text.vibes_cancel
                0x0000000000000000        0xc /Users/jpalazz2/pebble-dev/PebbleSDK-3.0-dp4/Pebble/aplite/lib/libpebble.a(tmpOQubyMpebble.o)
 .text.vibes_double_pulse
                0x0000000000000000        0xc /Users/jpalazz2/pebble-dev/PebbleSDK-3.0-dp4/Pebble/aplite/lib/libpebble.a(tmpOQubyMpebble.o)
 .text.vibes_enqueue_custom_pattern
                0x0000000000000000        0xc /Users/jpalazz2/pebble-dev/PebbleSDK-3.0-dp4/Pebble/aplite/lib/libpebble.a(tmpOQubyMpebble.o)
 .text.vibes_long_pulse
                0x0000000000000000        0xc /Users/jpalazz2/pebble-dev/PebbleSDK-3.0-dp4/Pebble/aplite/lib/libpebble.a(tmpOQubyMpebble.o)
 .text.vibes_short_pulse
                0x0000000000000000        0xc /Users/jpalazz2/pebble-dev/PebbleSDK-3.0-dp4/Pebble/aplite/lib/libpebble.a(tmpOQubyMpebble.o)
 .text.window_get_click_config_provider
                0x0000000000000000        0xc /Users/jpalazz2/pebble-dev/PebbleSDK-3.0-dp4/Pebble/aplite/lib/libpebble.a(tmpOQubyMpebble.o)
 .text.window_get_fullscreen
                0x0000000000000000        0xc /Users/jpalazz2/pebble-dev/PebbleSDK-3.0-dp4/Pebble/aplite/lib/libpebble.a(tmpOQubyMpebble.o)
 .text.window_is_loaded
                0x0000000000000000        0xc /Users/jpalazz2/pebble-dev/PebbleSDK-3.0-dp4/Pebble/aplite/lib/libpebble.a(tmpOQubyMpebble.o)
 .text.window_set_click_config_provider
                0x0000000000000000        0xc /Users/jpalazz2/pebble-dev/PebbleSDK-3.0-dp4/Pebble/aplite/lib/libpebble.a(tmpOQubyMpebble.o)
 .text.window_set_click_config_provider_with_context
                0x0000000000000000        0xc /Users/jpalazz2/pebble-dev/PebbleSDK-3.0-dp4/Pebble/aplite/lib/libpebble.a(tmpOQubyMpebble.o)
 .text.window_set_fullscreen
                0x0000000000000000        0xc /Users/jpalazz2/pebble-dev/PebbleSDK-3.0-dp4/Pebble/aplite/lib/libpebble.a(tmpOQubyMpebble.o)
 .text.window_set_status_bar_icon
                0x0000000000000000        0xc /Users/jpalazz2/pebble-dev/PebbleSDK-3.0-dp4/Pebble/aplite/lib/libpebble.a(tmpOQubyMpebble.o)
 .text.window_stack_contains_window
                0x0000000000000000        0xc /Users/jpalazz2/pebble-dev/PebbleSDK-3.0-dp4/Pebble/aplite/lib/libpebble.a(tmpOQubyMpebble.o)
 .text.window_stack_get_top_window
                0x0000000000000000        0xc /Users/jpalazz2/pebble-dev/PebbleSDK-3.0-dp4/Pebble/aplite/lib/libpebble.a(tmpOQubyMpebble.o)
 .text.window_stack_pop
                0x0000000000000000        0xc /Users/jpalazz2/pebble-dev/PebbleSDK-3.0-dp4/Pebble/aplite/lib/libpebble.a(tmpOQubyMpebble.o)
 .text.window_stack_pop_all
                0x0000000000000000        0xc /Users/jpalazz2/pebble-dev/PebbleSDK-3.0-dp4/Pebble/aplite/lib/libpebble.a(tmpOQubyMpebble.o)
 .text.window_stack_remove
                0x0000000000000000        0xc /Users/jpalazz2/pebble-dev/PebbleSDK-3.0-dp4/Pebble/aplite/lib/libpebble.a(tmpOQubyMpebble.o)
 .text.app_focus_service_subscribe
                0x0000000000000000        0xc /Users/jpalazz2/pebble-dev/PebbleSDK-3.0-dp4/Pebble/aplite/lib/libpebble.a(tmpOQubyMpebble.o)
 .text.app_focus_service_unsubscribe
                0x0000000000000000        0xc /Users/jpalazz2/pebble-dev/PebbleSDK-3.0-dp4/Pebble/aplite/lib/libpebble.a(tmpOQubyMpebble.o)
 .text.window_get_user_data
                0x0000000000000000        0xc /Users/jpalazz2/pebble-dev/PebbleSDK-3.0-dp4/Pebble/aplite/lib/libpebble.a(tmpOQubyMpebble.o)
 .text.window_set_user_data
                0x0000000000000000        0xc /Users/jpalazz2/pebble-dev/PebbleSDK-3.0-dp4/Pebble/aplite/lib/libpebble.a(tmpOQubyMpebble.o)
 .text.app_message_get_context
                0x0000000000000000        0xc /Users/jpalazz2/pebble-dev/PebbleSDK-3.0-dp4/Pebble/aplite/lib/libpebble.a(tmpOQubyMpebble.o)
 .text.app_message_outbox_begin
                0x0000000000000000        0xc /Users/jpalazz2/pebble-dev/PebbleSDK-3.0-dp4/Pebble/aplite/lib/libpebble.a(tmpOQubyMpebble.o)
 .text.app_message_outbox_send
                0x0000000000000000        0xc /Users/jpalazz2/pebble-dev/PebbleSDK-3.0-dp4/Pebble/aplite/lib/libpebble.a(tmpOQubyMpebble.o)
 .text.app_message_set_context
                0x0000000000000000        0xc /Users/jpalazz2/pebble-dev/PebbleSDK-3.0-dp4/Pebble/aplite/lib/libpebble.a(tmpOQubyMpebble.o)
 .text.window_long_click_subscribe
                0x0000000000000000        0xc /Users/jpalazz2/pebble-dev/PebbleSDK-3.0-dp4/Pebble/aplite/lib/libpebble.a(tmpOQubyMpebble.o)
 .text.window_multi_click_subscribe
                0x0000000000000000        0xc /Users/jpalazz2/pebble-dev/PebbleSDK-3.0-dp4/Pebble/aplite/lib/libpebble.a(tmpOQubyMpebble.o)
 .text.window_raw_click_subscribe
                0x0000000000000000        0xc /Users/jpalazz2/pebble-dev/PebbleSDK-3.0-dp4/Pebble/aplite/lib/libpebble.a(tmpOQubyMpebble.o)
 .text.window_set_click_context
                0x0000000000000000        0xc /Users/jpalazz2/pebble-dev/PebbleSDK-3.0-dp4/Pebble/aplite/lib/libpebble.a(tmpOQubyMpebble.o)
 .text.window_single_click_subscribe
                0x0000000000000000        0xc /Users/jpalazz2/pebble-dev/PebbleSDK-3.0-dp4/Pebble/aplite/lib/libpebble.a(tmpOQubyMpebble.o)
 .text.window_single_repeating_click_subscribe
                0x0000000000000000        0xc /Users/jpalazz2/pebble-dev/PebbleSDK-3.0-dp4/Pebble/aplite/lib/libpebble.a(tmpOQubyMpebble.o)
 .text.graphics_draw_text
                0x0000000000000000        0xc /Users/jpalazz2/pebble-dev/PebbleSDK-3.0-dp4/Pebble/aplite/lib/libpebble.a(tmpOQubyMpebble.o)
 .text.dict_serialize_tuplets_to_buffer
                0x0000000000000000        0xc /Users/jpalazz2/pebble-dev/PebbleSDK-3.0-dp4/Pebble/aplite/lib/libpebble.a(tmpOQubyMpebble.o)
 .text.persist_read_data
                0x0000000000000000        0xc /Users/jpalazz2/pebble-dev/PebbleSDK-3.0-dp4/Pebble/aplite/lib/libpebble.a(tmpOQubyMpebble.o)
 .text.persist_read_string
                0x0000000000000000        0xc /Users/jpalazz2/pebble-dev/PebbleSDK-3.0-dp4/Pebble/aplite/lib/libpebble.a(tmpOQubyMpebble.o)
 .text.persist_write_data
                0x0000000000000000        0xc /Users/jpalazz2/pebble-dev/PebbleSDK-3.0-dp4/Pebble/aplite/lib/libpebble.a(tmpOQubyMpebble.o)
 .text.dict_size
                0x0000000000000000        0xc /Users/jpalazz2/pebble-dev/PebbleSDK-3.0-dp4/Pebble/aplite/lib/libpebble.a(tmpOQubyMpebble.o)
 .text.graphics_text_layout_get_content_size
                0x0000000000000000        0xc /Users/jpalazz2/pebble-dev/PebbleSDK-3.0-dp4/Pebble/aplite/lib/libpebble.a(tmpOQubyMpebble.o)
 .text.simple_menu_layer_get_menu_layer
                0x0000000000000000        0xc /Users/jpalazz2/pebble-dev/PebbleSDK-3.0-dp4/Pebble/aplite/lib/libpebble.a(tmpOQubyMpebble.o)
 .text.accel_data_service_subscribe
                0x0000000000000000        0xc /Users/jpalazz2/pebble-dev/PebbleSDK-3.0-dp4/Pebble/aplite/lib/libpebble.a(tmpOQubyMpebble.o)
 .text.calloc   0x0000000000000000        0xc /Users/jpalazz2/pebble-dev/PebbleSDK-3.0-dp4/Pebble/aplite/lib/libpebble.a(tmpOQubyMpebble.o)
 .text.bitmap_layer_get_bitmap
                0x0000000000000000        0xc /Users/jpalazz2/pebble-dev/PebbleSDK-3.0-dp4/Pebble/aplite/lib/libpebble.a(tmpOQubyMpebble.o)
 .text.menu_layer_set_callbacks
                0x0000000000000000        0xc /Users/jpalazz2/pebble-dev/PebbleSDK-3.0-dp4/Pebble/aplite/lib/libpebble.a(tmpOQubyMpebble.o)
 .text.window_get_click_config_context
                0x0000000000000000        0xc /Users/jpalazz2/pebble-dev/PebbleSDK-3.0-dp4/Pebble/aplite/lib/libpebble.a(tmpOQubyMpebble.o)
 .text.number_window_get_window
                0x0000000000000000        0xc /Users/jpalazz2/pebble-dev/PebbleSDK-3.0-dp4/Pebble/aplite/lib/libpebble.a(tmpOQubyMpebble.o)
 .text.realloc  0x0000000000000000        0xc /Users/jpalazz2/pebble-dev/PebbleSDK-3.0-dp4/Pebble/aplite/lib/libpebble.a(tmpOQubyMpebble.o)
 .text.gbitmap_create_blank
                0x0000000000000000        0xc /Users/jpalazz2/pebble-dev/PebbleSDK-3.0-dp4/Pebble/aplite/lib/libpebble.a(tmpOQubyMpebble.o)
 .text.click_recognizer_is_repeating
                0x0000000000000000        0xc /Users/jpalazz2/pebble-dev/PebbleSDK-3.0-dp4/Pebble/aplite/lib/libpebble.a(tmpOQubyMpebble.o)
 .text.accel_raw_data_service_subscribe
                0x0000000000000000        0xc /Users/jpalazz2/pebble-dev/PebbleSDK-3.0-dp4/Pebble/aplite/lib/libpebble.a(tmpOQubyMpebble.o)
 .text.app_worker_is_running
                0x0000000000000000        0xc /Users/jpalazz2/pebble-dev/PebbleSDK-3.0-dp4/Pebble/aplite/lib/libpebble.a(tmpOQubyMpebble.o)
 .text.app_worker_kill
                0x0000000000000000        0xc /Users/jpalazz2/pebble-dev/PebbleSDK-3.0-dp4/Pebble/aplite/lib/libpebble.a(tmpOQubyMpebble.o)
 .text.app_worker_launch
                0x0000000000000000        0xc /Users/jpalazz2/pebble-dev/PebbleSDK-3.0-dp4/Pebble/aplite/lib/libpebble.a(tmpOQubyMpebble.o)
 .text.app_worker_message_subscribe
                0x0000000000000000        0xc /Users/jpalazz2/pebble-dev/PebbleSDK-3.0-dp4/Pebble/aplite/lib/libpebble.a(tmpOQubyMpebble.o)
 .text.app_worker_message_unsubscribe
                0x0000000000000000        0xc /Users/jpalazz2/pebble-dev/PebbleSDK-3.0-dp4/Pebble/aplite/lib/libpebble.a(tmpOQubyMpebble.o)
 .text.app_worker_send_message
                0x0000000000000000        0xc /Users/jpalazz2/pebble-dev/PebbleSDK-3.0-dp4/Pebble/aplite/lib/libpebble.a(tmpOQubyMpebble.o)
 .text.worker_event_loop
                0x0000000000000000        0xc /Users/jpalazz2/pebble-dev/PebbleSDK-3.0-dp4/Pebble/aplite/lib/libpebble.a(tmpOQubyMpebble.o)
 .text.worker_launch_app
                0x0000000000000000        0xc /Users/jpalazz2/pebble-dev/PebbleSDK-3.0-dp4/Pebble/aplite/lib/libpebble.a(tmpOQubyMpebble.o)
 .text.heap_bytes_free
                0x0000000000000000        0xc /Users/jpalazz2/pebble-dev/PebbleSDK-3.0-dp4/Pebble/aplite/lib/libpebble.a(tmpOQubyMpebble.o)
 .text.heap_bytes_used
                0x0000000000000000        0xc /Users/jpalazz2/pebble-dev/PebbleSDK-3.0-dp4/Pebble/aplite/lib/libpebble.a(tmpOQubyMpebble.o)
 .text.compass_service_peek
                0x0000000000000000        0xc /Users/jpalazz2/pebble-dev/PebbleSDK-3.0-dp4/Pebble/aplite/lib/libpebble.a(tmpOQubyMpebble.o)
 .text.compass_service_set_heading_filter
                0x0000000000000000        0xc /Users/jpalazz2/pebble-dev/PebbleSDK-3.0-dp4/Pebble/aplite/lib/libpebble.a(tmpOQubyMpebble.o)
 .text.compass_service_subscribe
                0x0000000000000000        0xc /Users/jpalazz2/pebble-dev/PebbleSDK-3.0-dp4/Pebble/aplite/lib/libpebble.a(tmpOQubyMpebble.o)
 .text.compass_service_unsubscribe
                0x0000000000000000        0xc /Users/jpalazz2/pebble-dev/PebbleSDK-3.0-dp4/Pebble/aplite/lib/libpebble.a(tmpOQubyMpebble.o)
 .text.uuid_equal
                0x0000000000000000        0xc /Users/jpalazz2/pebble-dev/PebbleSDK-3.0-dp4/Pebble/aplite/lib/libpebble.a(tmpOQubyMpebble.o)
 .text.uuid_to_string
                0x0000000000000000        0xc /Users/jpalazz2/pebble-dev/PebbleSDK-3.0-dp4/Pebble/aplite/lib/libpebble.a(tmpOQubyMpebble.o)
 .text.gpath_draw_filled
                0x0000000000000000        0xc /Users/jpalazz2/pebble-dev/PebbleSDK-3.0-dp4/Pebble/aplite/lib/libpebble.a(tmpOQubyMpebble.o)
 .text.animation_set_custom_curve
                0x0000000000000000        0xc /Users/jpalazz2/pebble-dev/PebbleSDK-3.0-dp4/Pebble/aplite/lib/libpebble.a(tmpOQubyMpebble.o)
 .text.watch_info_get_color
                0x0000000000000000        0xc /Users/jpalazz2/pebble-dev/PebbleSDK-3.0-dp4/Pebble/aplite/lib/libpebble.a(tmpOQubyMpebble.o)
 .text.watch_info_get_firmware_version
                0x0000000000000000        0xc /Users/jpalazz2/pebble-dev/PebbleSDK-3.0-dp4/Pebble/aplite/lib/libpebble.a(tmpOQubyMpebble.o)
 .text.watch_info_get_model
                0x0000000000000000        0xc /Users/jpalazz2/pebble-dev/PebbleSDK-3.0-dp4/Pebble/aplite/lib/libpebble.a(tmpOQubyMpebble.o)
 .text.graphics_capture_frame_buffer
                0x0000000000000000        0xc /Users/jpalazz2/pebble-dev/PebbleSDK-3.0-dp4/Pebble/aplite/lib/libpebble.a(tmpOQubyMpebble.o)
 .text.graphics_frame_buffer_is_captured
                0x0000000000000000        0xc /Users/jpalazz2/pebble-dev/PebbleSDK-3.0-dp4/Pebble/aplite/lib/libpebble.a(tmpOQubyMpebble.o)
 .text.graphics_release_frame_buffer
                0x0000000000000000        0xc /Users/jpalazz2/pebble-dev/PebbleSDK-3.0-dp4/Pebble/aplite/lib/libpebble.a(tmpOQubyMpebble.o)
 .text.clock_to_timestamp
                0x0000000000000000        0xc /Users/jpalazz2/pebble-dev/PebbleSDK-3.0-dp4/Pebble/aplite/lib/libpebble.a(tmpOQubyMpebble.o)
 .text.launch_reason
                0x0000000000000000        0xc /Users/jpalazz2/pebble-dev/PebbleSDK-3.0-dp4/Pebble/aplite/lib/libpebble.a(tmpOQubyMpebble.o)
 .text.wakeup_cancel
                0x0000000000000000        0xc /Users/jpalazz2/pebble-dev/PebbleSDK-3.0-dp4/Pebble/aplite/lib/libpebble.a(tmpOQubyMpebble.o)
 .text.wakeup_cancel_all
                0x0000000000000000        0xc /Users/jpalazz2/pebble-dev/PebbleSDK-3.0-dp4/Pebble/aplite/lib/libpebble.a(tmpOQubyMpebble.o)
 .text.wakeup_get_launch_event
                0x0000000000000000        0xc /Users/jpalazz2/pebble-dev/PebbleSDK-3.0-dp4/Pebble/aplite/lib/libpebble.a(tmpOQubyMpebble.o)
 .text.wakeup_query
                0x0000000000000000        0xc /Users/jpalazz2/pebble-dev/PebbleSDK-3.0-dp4/Pebble/aplite/lib/libpebble.a(tmpOQubyMpebble.o)
 .text.wakeup_schedule
                0x0000000000000000        0xc /Users/jpalazz2/pebble-dev/PebbleSDK-3.0-dp4/Pebble/aplite/lib/libpebble.a(tmpOQubyMpebble.o)
 .text.wakeup_service_subscribe
                0x0000000000000000        0xc /Users/jpalazz2/pebble-dev/PebbleSDK-3.0-dp4/Pebble/aplite/lib/libpebble.a(tmpOQubyMpebble.o)
 .text.clock_is_timezone_set
                0x0000000000000000        0xc /Users/jpalazz2/pebble-dev/PebbleSDK-3.0-dp4/Pebble/aplite/lib/libpebble.a(tmpOQubyMpebble.o)
 .text.i18n_get_system_locale
                0x0000000000000000        0xc /Users/jpalazz2/pebble-dev/PebbleSDK-3.0-dp4/Pebble/aplite/lib/libpebble.a(tmpOQubyMpebble.o)
 .text._localeconv_r
                0x0000000000000000        0xc /Users/jpalazz2/pebble-dev/PebbleSDK-3.0-dp4/Pebble/aplite/lib/libpebble.a(tmpOQubyMpebble.o)
 .text.setlocale
                0x0000000000000000        0xc /Users/jpalazz2/pebble-dev/PebbleSDK-3.0-dp4/Pebble/aplite/lib/libpebble.a(tmpOQubyMpebble.o)
 .text.mktime   0x0000000000000000        0xc /Users/jpalazz2/pebble-dev/PebbleSDK-3.0-dp4/Pebble/aplite/lib/libpebble.a(tmpOQubyMpebble.o)
 .text          0x0000000000000000        0x0 /Users/jpalazz2/pebble-dev/PebbleSDK-3.0-dp4/arm-cs-tools/bin/../lib/gcc/arm-none-eabi/4.7.2/thumb2/crtend.o
 .bss           0x0000000000000000        0x0 /Users/jpalazz2/pebble-dev/PebbleSDK-3.0-dp4/arm-cs-tools/bin/../lib/gcc/arm-none-eabi/4.7.2/thumb2/crtend.o
 .eh_frame      0x0000000000000000        0x4 /Users/jpalazz2/pebble-dev/PebbleSDK-3.0-dp4/arm-cs-tools/bin/../lib/gcc/arm-none-eabi/4.7.2/thumb2/crtend.o
 .jcr           0x0000000000000000        0x4 /Users/jpalazz2/pebble-dev/PebbleSDK-3.0-dp4/arm-cs-tools/bin/../lib/gcc/arm-none-eabi/4.7.2/thumb2/crtend.o
 .tm_clone_table
                0x0000000000000000        0x0 /Users/jpalazz2/pebble-dev/PebbleSDK-3.0-dp4/arm-cs-tools/bin/../lib/gcc/arm-none-eabi/4.7.2/thumb2/crtend.o
 .text          0x0000000000000000        0x0 /Users/jpalazz2/pebble-dev/PebbleSDK-3.0-dp4/arm-cs-tools/bin/../lib/gcc/arm-none-eabi/4.7.2/thumb2/crtn.o
 .bss           0x0000000000000000        0x0 /Users/jpalazz2/pebble-dev/PebbleSDK-3.0-dp4/arm-cs-tools/bin/../lib/gcc/arm-none-eabi/4.7.2/thumb2/crtn.o
 .init          0x0000000000000000        0x8 /Users/jpalazz2/pebble-dev/PebbleSDK-3.0-dp4/arm-cs-tools/bin/../lib/gcc/arm-none-eabi/4.7.2/thumb2/crtn.o
 .fini          0x0000000000000000        0x8 /Users/jpalazz2/pebble-dev/PebbleSDK-3.0-dp4/arm-cs-tools/bin/../lib/gcc/arm-none-eabi/4.7.2/thumb2/crtn.o

Memory Configuration

Name             Origin             Length             Attributes
APP              0x0000000000000000 0x0000000000006000 xrw
*default*        0x0000000000000000 0xffffffffffffffff

Linker script and memory map

LOAD /Users/jpalazz2/pebble-dev/PebbleSDK-3.0-dp4/arm-cs-tools/bin/../lib/gcc/arm-none-eabi/4.7.2/thumb2/crti.o
LOAD /Users/jpalazz2/pebble-dev/PebbleSDK-3.0-dp4/arm-cs-tools/bin/../lib/gcc/arm-none-eabi/4.7.2/thumb2/crtbegin.o
LOAD src/main.c.28.o
LOAD aplite/appinfo.auto.c.28.o
LOAD /Users/jpalazz2/pebble-dev/PebbleSDK-3.0-dp4/Pebble/aplite/lib/libpebble.a
START GROUP
LOAD /Users/jpalazz2/pebble-dev/PebbleSDK-3.0-dp4/arm-cs-tools/bin/../lib/gcc/arm-none-eabi/4.7.2/thumb2/libgcc.a
LOAD /Users/jpalazz2/pebble-dev/PebbleSDK-3.0-dp4/arm-cs-tools/bin/../lib/gcc/arm-none-eabi/4.7.2/../../../../arm-none-eabi/lib/thumb2/libc.a
END GROUP
LOAD /Users/jpalazz2/pebble-dev/PebbleSDK-3.0-dp4/arm-cs-tools/bin/../lib/gcc/arm-none-eabi/4.7.2/thumb2/crtend.o
LOAD /Users/jpalazz2/pebble-dev/PebbleSDK-3.0-dp4/arm-cs-tools/bin/../lib/gcc/arm-none-eabi/4.7.2/thumb2/crtn.o

.header         0x0000000000000000       0x82
 *(.pbl_header)
 .pbl_header    0x0000000000000000       0x82 aplite/appinfo.auto.c.28.o
                0x0000000000000000                __pbl_app_info

.note.gnu.build-id
                0x0000000000000082       0x26
                0x0000000000000082                PROVIDE (BUILD_ID, .)
 *(.note.gnu.build-id)
 *fill*         0x0000000000000082        0x2 
 .note.gnu.build-id
                0x0000000000000084       0x24 linker stubs

.text           0x00000000000000a8     0x13a6
 *(.text)
 .text          0x00000000000000a8       0x14 /Users/jpalazz2/pebble-dev/PebbleSDK-3.0-dp4/Pebble/aplite/lib/libpebble.a(tmpOQubyMpebble.o)
 *(.text.*)
 .text.outbox_sent_callback
                0x00000000000000bc       0x18 src/main.c.28.o
 .text.outbox_failed_callback
                0x00000000000000d4       0x18 src/main.c.28.o
 .text.inbox_dropped_callback
                0x00000000000000ec       0x18 src/main.c.28.o
 .text.bluetooth_handler
                0x0000000000000104       0x34 src/main.c.28.o
 .text.update_time
                0x0000000000000138       0xe8 src/main.c.28.o
 .text.inbox_received_callback
                0x0000000000000220       0x80 src/main.c.28.o
 .text.tick_handler
                0x00000000000002a0       0x38 src/main.c.28.o
 .text.main_window_unload
                0x00000000000002d8      0x1fc src/main.c.28.o
                0x00000000000002d8                main_window_unload
 .text.main_window_load
                0x00000000000004d4      0x784 src/main.c.28.o
                0x00000000000004d4                main_window_load
 .text.battery_handler
                0x0000000000000c58       0x54 src/main.c.28.o
 .text.battery_layer_update_proc
                0x0000000000000cac       0xd0 src/main.c.28.o
 .text.handle_init
                0x0000000000000d7c      0x128 src/main.c.28.o
                0x0000000000000d7c                handle_init
 .text.handle_deinit
                0x0000000000000ea4       0x68 src/main.c.28.o
                0x0000000000000ea4                handle_deinit
 .text.startup.main
                0x0000000000000f0c       0x12 src/main.c.28.o
                0x0000000000000f0c                main
 *fill*         0x0000000000000f1e        0x2 
 .text.animation_schedule
                0x0000000000000f20        0xc /Users/jpalazz2/pebble-dev/PebbleSDK-3.0-dp4/Pebble/aplite/lib/libpebble.a(tmpOQubyMpebble.o)
                0x0000000000000f20                animation_schedule
 .text.animation_set_delay
                0x0000000000000f2c        0xc /Users/jpalazz2/pebble-dev/PebbleSDK-3.0-dp4/Pebble/aplite/lib/libpebble.a(tmpOQubyMpebble.o)
                0x0000000000000f2c                animation_set_delay
 .text.animation_set_duration
                0x0000000000000f38        0xc /Users/jpalazz2/pebble-dev/PebbleSDK-3.0-dp4/Pebble/aplite/lib/libpebble.a(tmpOQubyMpebble.o)
                0x0000000000000f38                animation_set_duration
 .text.app_event_loop
                0x0000000000000f44        0xc /Users/jpalazz2/pebble-dev/PebbleSDK-3.0-dp4/Pebble/aplite/lib/libpebble.a(tmpOQubyMpebble.o)
                0x0000000000000f44                app_event_loop
 .text.app_log  0x0000000000000f50        0xc /Users/jpalazz2/pebble-dev/PebbleSDK-3.0-dp4/Pebble/aplite/lib/libpebble.a(tmpOQubyMpebble.o)
                0x0000000000000f50                app_log
 .text.app_message_open
                0x0000000000000f5c        0xc /Users/jpalazz2/pebble-dev/PebbleSDK-3.0-dp4/Pebble/aplite/lib/libpebble.a(tmpOQubyMpebble.o)
                0x0000000000000f5c                app_message_open
 .text.battery_state_service_peek
                0x0000000000000f68        0xc /Users/jpalazz2/pebble-dev/PebbleSDK-3.0-dp4/Pebble/aplite/lib/libpebble.a(tmpOQubyMpebble.o)
                0x0000000000000f68                battery_state_service_peek
 .text.battery_state_service_subscribe
                0x0000000000000f74        0xc /Users/jpalazz2/pebble-dev/PebbleSDK-3.0-dp4/Pebble/aplite/lib/libpebble.a(tmpOQubyMpebble.o)
                0x0000000000000f74                battery_state_service_subscribe
 .text.battery_state_service_unsubscribe
                0x0000000000000f80        0xc /Users/jpalazz2/pebble-dev/PebbleSDK-3.0-dp4/Pebble/aplite/lib/libpebble.a(tmpOQubyMpebble.o)
                0x0000000000000f80                battery_state_service_unsubscribe
 .text.bitmap_layer_create
                0x0000000000000f8c        0xc /Users/jpalazz2/pebble-dev/PebbleSDK-3.0-dp4/Pebble/aplite/lib/libpebble.a(tmpOQubyMpebble.o)
                0x0000000000000f8c                bitmap_layer_create
 .text.bitmap_layer_destroy
                0x0000000000000f98        0xc /Users/jpalazz2/pebble-dev/PebbleSDK-3.0-dp4/Pebble/aplite/lib/libpebble.a(tmpOQubyMpebble.o)
                0x0000000000000f98                bitmap_layer_destroy
 .text.bitmap_layer_get_layer
                0x0000000000000fa4        0xc /Users/jpalazz2/pebble-dev/PebbleSDK-3.0-dp4/Pebble/aplite/lib/libpebble.a(tmpOQubyMpebble.o)
                0x0000000000000fa4                bitmap_layer_get_layer
 .text.bitmap_layer_set_alignment
                0x0000000000000fb0        0xc /Users/jpalazz2/pebble-dev/PebbleSDK-3.0-dp4/Pebble/aplite/lib/libpebble.a(tmpOQubyMpebble.o)
                0x0000000000000fb0                bitmap_layer_set_alignment
 .text.bitmap_layer_set_background_color
                0x0000000000000fbc        0xc /Users/jpalazz2/pebble-dev/PebbleSDK-3.0-dp4/Pebble/aplite/lib/libpebble.a(tmpOQubyMpebble.o)
                0x0000000000000fbc                bitmap_layer_set_background_color
 .text.bitmap_layer_set_bitmap
                0x0000000000000fc8        0xc /Users/jpalazz2/pebble-dev/PebbleSDK-3.0-dp4/Pebble/aplite/lib/libpebble.a(tmpOQubyMpebble.o)
                0x0000000000000fc8                bitmap_layer_set_bitmap
 .text.bitmap_layer_set_compositing_mode
                0x0000000000000fd4        0xc /Users/jpalazz2/pebble-dev/PebbleSDK-3.0-dp4/Pebble/aplite/lib/libpebble.a(tmpOQubyMpebble.o)
                0x0000000000000fd4                bitmap_layer_set_compositing_mode
 .text.bluetooth_connection_service_peek
                0x0000000000000fe0        0xc /Users/jpalazz2/pebble-dev/PebbleSDK-3.0-dp4/Pebble/aplite/lib/libpebble.a(tmpOQubyMpebble.o)
                0x0000000000000fe0                bluetooth_connection_service_peek
 .text.bluetooth_connection_service_subscribe
                0x0000000000000fec        0xc /Users/jpalazz2/pebble-dev/PebbleSDK-3.0-dp4/Pebble/aplite/lib/libpebble.a(tmpOQubyMpebble.o)
                0x0000000000000fec                bluetooth_connection_service_subscribe
 .text.bluetooth_connection_service_unsubscribe
                0x0000000000000ff8        0xc /Users/jpalazz2/pebble-dev/PebbleSDK-3.0-dp4/Pebble/aplite/lib/libpebble.a(tmpOQubyMpebble.o)
                0x0000000000000ff8                bluetooth_connection_service_unsubscribe
 .text.clock_is_24h_style
                0x0000000000001004        0xc /Users/jpalazz2/pebble-dev/PebbleSDK-3.0-dp4/Pebble/aplite/lib/libpebble.a(tmpOQubyMpebble.o)
                0x0000000000001004                clock_is_24h_style
 .text.dict_read_first
                0x0000000000001010        0xc /Users/jpalazz2/pebble-dev/PebbleSDK-3.0-dp4/Pebble/aplite/lib/libpebble.a(tmpOQubyMpebble.o)
                0x0000000000001010                dict_read_first
 .text.dict_read_next
                0x000000000000101c        0xc /Users/jpalazz2/pebble-dev/PebbleSDK-3.0-dp4/Pebble/aplite/lib/libpebble.a(tmpOQubyMpebble.o)
                0x000000000000101c                dict_read_next
 .text.fonts_get_system_font
                0x0000000000001028        0xc /Users/jpalazz2/pebble-dev/PebbleSDK-3.0-dp4/Pebble/aplite/lib/libpebble.a(tmpOQubyMpebble.o)
                0x0000000000001028                fonts_get_system_font
 .text.gbitmap_create_with_resource
                0x0000000000001034        0xc /Users/jpalazz2/pebble-dev/PebbleSDK-3.0-dp4/Pebble/aplite/lib/libpebble.a(tmpOQubyMpebble.o)
                0x0000000000001034                gbitmap_create_with_resource
 .text.gbitmap_destroy
                0x0000000000001040        0xc /Users/jpalazz2/pebble-dev/PebbleSDK-3.0-dp4/Pebble/aplite/lib/libpebble.a(tmpOQubyMpebble.o)
                0x0000000000001040                gbitmap_destroy
 .text.graphics_context_set_fill_color
                0x000000000000104c        0xc /Users/jpalazz2/pebble-dev/PebbleSDK-3.0-dp4/Pebble/aplite/lib/libpebble.a(tmpOQubyMpebble.o)
                0x000000000000104c                graphics_context_set_fill_color
 .text.graphics_context_set_stroke_color
                0x0000000000001058        0xc /Users/jpalazz2/pebble-dev/PebbleSDK-3.0-dp4/Pebble/aplite/lib/libpebble.a(tmpOQubyMpebble.o)
                0x0000000000001058                graphics_context_set_stroke_color
 .text.graphics_draw_rect
                0x0000000000001064        0xc /Users/jpalazz2/pebble-dev/PebbleSDK-3.0-dp4/Pebble/aplite/lib/libpebble.a(tmpOQubyMpebble.o)
                0x0000000000001064                graphics_draw_rect
 .text.graphics_fill_rect
                0x0000000000001070        0xc /Users/jpalazz2/pebble-dev/PebbleSDK-3.0-dp4/Pebble/aplite/lib/libpebble.a(tmpOQubyMpebble.o)
                0x0000000000001070                graphics_fill_rect
 .text.layer_add_child
                0x000000000000107c        0xc /Users/jpalazz2/pebble-dev/PebbleSDK-3.0-dp4/Pebble/aplite/lib/libpebble.a(tmpOQubyMpebble.o)
                0x000000000000107c                layer_add_child
 .text.layer_mark_dirty
                0x0000000000001088        0xc /Users/jpalazz2/pebble-dev/PebbleSDK-3.0-dp4/Pebble/aplite/lib/libpebble.a(tmpOQubyMpebble.o)
                0x0000000000001088                layer_mark_dirty
 .text.layer_set_hidden
                0x0000000000001094        0xc /Users/jpalazz2/pebble-dev/PebbleSDK-3.0-dp4/Pebble/aplite/lib/libpebble.a(tmpOQubyMpebble.o)
                0x0000000000001094                layer_set_hidden
 .text.layer_set_update_proc
                0x00000000000010a0        0xc /Users/jpalazz2/pebble-dev/PebbleSDK-3.0-dp4/Pebble/aplite/lib/libpebble.a(tmpOQubyMpebble.o)
                0x00000000000010a0                layer_set_update_proc
 .text.localtime
                0x00000000000010ac        0xc /Users/jpalazz2/pebble-dev/PebbleSDK-3.0-dp4/Pebble/aplite/lib/libpebble.a(tmpOQubyMpebble.o)
                0x00000000000010ac                localtime
 .text.memset   0x00000000000010b8        0xc /Users/jpalazz2/pebble-dev/PebbleSDK-3.0-dp4/Pebble/aplite/lib/libpebble.a(tmpOQubyMpebble.o)
                0x00000000000010b8                memset
 .text.persist_exists
                0x00000000000010c4        0xc /Users/jpalazz2/pebble-dev/PebbleSDK-3.0-dp4/Pebble/aplite/lib/libpebble.a(tmpOQubyMpebble.o)
                0x00000000000010c4                persist_exists
 .text.persist_read_bool
                0x00000000000010d0        0xc /Users/jpalazz2/pebble-dev/PebbleSDK-3.0-dp4/Pebble/aplite/lib/libpebble.a(tmpOQubyMpebble.o)
                0x00000000000010d0                persist_read_bool
 .text.persist_write_bool
                0x00000000000010dc        0xc /Users/jpalazz2/pebble-dev/PebbleSDK-3.0-dp4/Pebble/aplite/lib/libpebble.a(tmpOQubyMpebble.o)
                0x00000000000010dc                persist_write_bool
 .text.property_animation_create_layer_frame
                0x00000000000010e8        0xc /Users/jpalazz2/pebble-dev/PebbleSDK-3.0-dp4/Pebble/aplite/lib/libpebble.a(tmpOQubyMpebble.o)
                0x00000000000010e8                property_animation_create_layer_frame
 .text.property_animation_destroy
                0x00000000000010f4        0xc /Users/jpalazz2/pebble-dev/PebbleSDK-3.0-dp4/Pebble/aplite/lib/libpebble.a(tmpOQubyMpebble.o)
                0x00000000000010f4                property_animation_destroy
 .text.strftime
                0x0000000000001100        0xc /Users/jpalazz2/pebble-dev/PebbleSDK-3.0-dp4/Pebble/aplite/lib/libpebble.a(tmpOQubyMpebble.o)
                0x0000000000001100                strftime
 .text.text_layer_create
                0x000000000000110c        0xc /Users/jpalazz2/pebble-dev/PebbleSDK-3.0-dp4/Pebble/aplite/lib/libpebble.a(tmpOQubyMpebble.o)
                0x000000000000110c                text_layer_create
 .text.text_layer_destroy
                0x0000000000001118        0xc /Users/jpalazz2/pebble-dev/PebbleSDK-3.0-dp4/Pebble/aplite/lib/libpebble.a(tmpOQubyMpebble.o)
                0x0000000000001118                text_layer_destroy
 .text.text_layer_get_layer
                0x0000000000001124        0xc /Users/jpalazz2/pebble-dev/PebbleSDK-3.0-dp4/Pebble/aplite/lib/libpebble.a(tmpOQubyMpebble.o)
                0x0000000000001124                text_layer_get_layer
 .text.text_layer_set_background_color
                0x0000000000001130        0xc /Users/jpalazz2/pebble-dev/PebbleSDK-3.0-dp4/Pebble/aplite/lib/libpebble.a(tmpOQubyMpebble.o)
                0x0000000000001130                text_layer_set_background_color
 .text.text_layer_set_font
                0x000000000000113c        0xc /Users/jpalazz2/pebble-dev/PebbleSDK-3.0-dp4/Pebble/aplite/lib/libpebble.a(tmpOQubyMpebble.o)
                0x000000000000113c                text_layer_set_font
 .text.text_layer_set_text
                0x0000000000001148        0xc /Users/jpalazz2/pebble-dev/PebbleSDK-3.0-dp4/Pebble/aplite/lib/libpebble.a(tmpOQubyMpebble.o)
                0x0000000000001148                text_layer_set_text
 .text.text_layer_set_text_alignment
                0x0000000000001154        0xc /Users/jpalazz2/pebble-dev/PebbleSDK-3.0-dp4/Pebble/aplite/lib/libpebble.a(tmpOQubyMpebble.o)
                0x0000000000001154                text_layer_set_text_alignment
 .text.text_layer_set_text_color
                0x0000000000001160        0xc /Users/jpalazz2/pebble-dev/PebbleSDK-3.0-dp4/Pebble/aplite/lib/libpebble.a(tmpOQubyMpebble.o)
                0x0000000000001160                text_layer_set_text_color
 .text.tick_timer_service_subscribe
                0x000000000000116c        0xc /Users/jpalazz2/pebble-dev/PebbleSDK-3.0-dp4/Pebble/aplite/lib/libpebble.a(tmpOQubyMpebble.o)
                0x000000000000116c                tick_timer_service_subscribe
 .text.tick_timer_service_unsubscribe
                0x0000000000001178        0xc /Users/jpalazz2/pebble-dev/PebbleSDK-3.0-dp4/Pebble/aplite/lib/libpebble.a(tmpOQubyMpebble.o)
                0x0000000000001178                tick_timer_service_unsubscribe
 .text.time     0x0000000000001184        0xc /Users/jpalazz2/pebble-dev/PebbleSDK-3.0-dp4/Pebble/aplite/lib/libpebble.a(tmpOQubyMpebble.o)
                0x0000000000001184                time
 .text.window_create
                0x0000000000001190        0xc /Users/jpalazz2/pebble-dev/PebbleSDK-3.0-dp4/Pebble/aplite/lib/libpebble.a(tmpOQubyMpebble.o)
                0x0000000000001190                window_create
 .text.window_destroy
                0x000000000000119c        0xc /Users/jpalazz2/pebble-dev/PebbleSDK-3.0-dp4/Pebble/aplite/lib/libpebble.a(tmpOQubyMpebble.o)
                0x000000000000119c                window_destroy
 .text.window_get_root_layer
                0x00000000000011a8        0xc /Users/jpalazz2/pebble-dev/PebbleSDK-3.0-dp4/Pebble/aplite/lib/libpebble.a(tmpOQubyMpebble.o)
                0x00000000000011a8                window_get_root_layer
 .text.window_set_background_color
                0x00000000000011b4        0xc /Users/jpalazz2/pebble-dev/PebbleSDK-3.0-dp4/Pebble/aplite/lib/libpebble.a(tmpOQubyMpebble.o)
                0x00000000000011b4                window_set_background_color
 .text.window_set_window_handlers
                0x00000000000011c0        0xc /Users/jpalazz2/pebble-dev/PebbleSDK-3.0-dp4/Pebble/aplite/lib/libpebble.a(tmpOQubyMpebble.o)
                0x00000000000011c0                window_set_window_handlers
 .text.window_stack_push
                0x00000000000011cc        0xc /Users/jpalazz2/pebble-dev/PebbleSDK-3.0-dp4/Pebble/aplite/lib/libpebble.a(tmpOQubyMpebble.o)
                0x00000000000011cc                window_stack_push
 .text.app_message_inbox_size_maximum
                0x00000000000011d8        0xc /Users/jpalazz2/pebble-dev/PebbleSDK-3.0-dp4/Pebble/aplite/lib/libpebble.a(tmpOQubyMpebble.o)
                0x00000000000011d8                app_message_inbox_size_maximum
 .text.app_message_outbox_size_maximum
                0x00000000000011e4        0xc /Users/jpalazz2/pebble-dev/PebbleSDK-3.0-dp4/Pebble/aplite/lib/libpebble.a(tmpOQubyMpebble.o)
                0x00000000000011e4                app_message_outbox_size_maximum
 .text.app_message_register_inbox_dropped
                0x00000000000011f0        0xc /Users/jpalazz2/pebble-dev/PebbleSDK-3.0-dp4/Pebble/aplite/lib/libpebble.a(tmpOQubyMpebble.o)
                0x00000000000011f0                app_message_register_inbox_dropped
 .text.app_message_register_inbox_received
                0x00000000000011fc        0xc /Users/jpalazz2/pebble-dev/PebbleSDK-3.0-dp4/Pebble/aplite/lib/libpebble.a(tmpOQubyMpebble.o)
                0x00000000000011fc                app_message_register_inbox_received
 .text.app_message_register_outbox_failed
                0x0000000000001208        0xc /Users/jpalazz2/pebble-dev/PebbleSDK-3.0-dp4/Pebble/aplite/lib/libpebble.a(tmpOQubyMpebble.o)
                0x0000000000001208                app_message_register_outbox_failed
 .text.app_message_register_outbox_sent
                0x0000000000001214        0xc /Users/jpalazz2/pebble-dev/PebbleSDK-3.0-dp4/Pebble/aplite/lib/libpebble.a(tmpOQubyMpebble.o)
                0x0000000000001214                app_message_register_outbox_sent
 *(.rodata)
 .rodata        0x0000000000001220       0x98 src/main.c.28.o
 *(.rodata*)
 .rodata.str1.1
                0x00000000000012b8      0x196 src/main.c.28.o

.glue_7         0x0000000000001450        0x0
 .glue_7        0x0000000000000000        0x0 linker stubs

.glue_7t        0x0000000000001450        0x0
 .glue_7t       0x0000000000000000        0x0 linker stubs

.vfp11_veneer   0x0000000000001450        0x0
 .vfp11_veneer  0x0000000000000000        0x0 linker stubs

.v4_bx          0x0000000000001450        0x0
 .v4_bx         0x0000000000000000        0x0 linker stubs

.iplt           0x0000000000001450        0x0
 .iplt          0x0000000000000000        0x0 /Users/jpalazz2/pebble-dev/PebbleSDK-3.0-dp4/arm-cs-tools/bin/../lib/gcc/arm-none-eabi/4.7.2/thumb2/crtbegin.o

.rel.dyn        0x0000000000001450        0x0
 .rel.iplt      0x0000000000000000        0x0 /Users/jpalazz2/pebble-dev/PebbleSDK-3.0-dp4/arm-cs-tools/bin/../lib/gcc/arm-none-eabi/4.7.2/thumb2/crtbegin.o
 .rel.got       0x0000000000000000        0x0 /Users/jpalazz2/pebble-dev/PebbleSDK-3.0-dp4/arm-cs-tools/bin/../lib/gcc/arm-none-eabi/4.7.2/thumb2/crtbegin.o

.data           0x0000000000001450       0x15
 *(.data)
 .data          0x0000000000001450        0x0 /Users/jpalazz2/pebble-dev/PebbleSDK-3.0-dp4/arm-cs-tools/bin/../lib/gcc/arm-none-eabi/4.7.2/thumb2/crti.o
 .data          0x0000000000001450        0x4 /Users/jpalazz2/pebble-dev/PebbleSDK-3.0-dp4/arm-cs-tools/bin/../lib/gcc/arm-none-eabi/4.7.2/thumb2/crtbegin.o
                0x0000000000001450                __dso_handle
 .data          0x0000000000001454        0x0 src/main.c.28.o
 .data          0x0000000000001454        0x0 aplite/appinfo.auto.c.28.o
 .data          0x0000000000001454        0x0 /Users/jpalazz2/pebble-dev/PebbleSDK-3.0-dp4/Pebble/aplite/lib/libpebble.a(tmpOQubyMpebble.o)
 .data          0x0000000000001454        0x0 /Users/jpalazz2/pebble-dev/PebbleSDK-3.0-dp4/arm-cs-tools/bin/../lib/gcc/arm-none-eabi/4.7.2/thumb2/crtend.o
 .data          0x0000000000001454        0x0 /Users/jpalazz2/pebble-dev/PebbleSDK-3.0-dp4/arm-cs-tools/bin/../lib/gcc/arm-none-eabi/4.7.2/thumb2/crtn.o
 *(.data.*)
 .data.timeBuffer.6735
                0x0000000000001454        0x6 src/main.c.28.o
 .data.dateBuffer.6734
                0x000000000000145a        0xb src/main.c.28.o

.igot.plt       0x0000000000001468        0x0
 .igot.plt      0x0000000000000000        0x0 /Users/jpalazz2/pebble-dev/PebbleSDK-3.0-dp4/arm-cs-tools/bin/../lib/gcc/arm-none-eabi/4.7.2/thumb2/crtbegin.o

.got            0x0000000000001468        0xc
 .got           0x0000000000001468        0xc /Users/jpalazz2/pebble-dev/PebbleSDK-3.0-dp4/arm-cs-tools/bin/../lib/gcc/arm-none-eabi/4.7.2/thumb2/crtbegin.o

.got.plt        0x0000000000001474        0xc
 .got.plt       0x0000000000001474        0xc /Users/jpalazz2/pebble-dev/PebbleSDK-3.0-dp4/arm-cs-tools/bin/../lib/gcc/arm-none-eabi/4.7.2/thumb2/crtbegin.o
                0x0000000000001474                _GLOBAL_OFFSET_TABLE_

.bss            0x0000000000001480      0x127
 *(.bss)
 *(.bss.*)
 .bss.s_right_eye_right_to_center
                0x0000000000001480        0x4 src/main.c.28.o
 .bss.s_all_animations
                0x0000000000001484       0x44 src/main.c.28.o
 .bss.s_toothless_layer
                0x00000000000014c8        0x4 src/main.c.28.o
 .bss.s_main_window
                0x00000000000014cc        0x4 src/main.c.28.o
 .bss.s_left_eye_left_to_center
                0x00000000000014d0        0x4 src/main.c.28.o
 .bss.s_bluetooth_error
                0x00000000000014d4        0x4 src/main.c.28.o
 .bss.s_toothless_left_eye_layer
                0x00000000000014d8        0x4 src/main.c.28.o
 .bss.s_face_layer
                0x00000000000014dc        0x4 src/main.c.28.o
 .bss.s_left_eye_color
                0x00000000000014e0        0x4 src/main.c.28.o
 .bss.s_right_eye_right_frame
                0x00000000000014e4        0x8 src/main.c.28.o
 .bss.s_toothless_right_eye
                0x00000000000014ec        0x4 src/main.c.28.o
 .bss.s_right_eye_center_to_right
                0x00000000000014f0        0x4 src/main.c.28.o
 .bss.s_left_eye_center_to_left
                0x00000000000014f4        0x4 src/main.c.28.o
 .bss.s_left_eyelid
                0x00000000000014f8        0x4 src/main.c.28.o
 .bss.s_left_eye_left_to_home
                0x00000000000014fc        0x4 src/main.c.28.o
 .bss.s_date_layer
                0x0000000000001500        0x4 src/main.c.28.o
 .bss.s_look_right_animation
                0x0000000000001504        0x4 src/main.c.28.o
 .bss.s_right_eye_home_to_right
                0x0000000000001508        0x4 src/main.c.28.o
 .bss.s_right_eye_home_to_center
                0x000000000000150c        0x4 src/main.c.28.o
 .bss.s_bluetooth_error_layer
                0x0000000000001510        0x4 src/main.c.28.o
 .bss.s_right_eyelid_open_position
                0x0000000000001514        0x8 src/main.c.28.o
 .bss.s_right_eye_color
                0x000000000000151c        0x4 src/main.c.28.o
 .bss.s_left_eyelid_close_position
                0x0000000000001520        0x8 src/main.c.28.o
 .bss.s_right_eyelid_close_position
                0x0000000000001528        0x8 src/main.c.28.o
 .bss.s_left_eyelid_open_position
                0x0000000000001530        0x8 src/main.c.28.o
 .bss.s_right_eyelid
                0x0000000000001538        0x4 src/main.c.28.o
 .bss.s_right_eye_center_to_home
                0x000000000000153c        0x4 src/main.c.28.o
 .bss.s_time_layer
                0x0000000000001540        0x4 src/main.c.28.o
 .bss.s_left_eye_home_frame
                0x0000000000001544        0x8 src/main.c.28.o
 .bss.s_right_eyelid_open
                0x000000000000154c        0x4 src/main.c.28.o
 .bss.s_left_eye_home_to_center
                0x0000000000001550        0x4 src/main.c.28.o
 .bss.s_left_eye_home_to_left
                0x0000000000001554        0x4 src/main.c.28.o
 .bss.s_right_eye_home_frame
                0x0000000000001558        0x8 src/main.c.28.o
 .bss.s_left_eyelid_close
                0x0000000000001560        0x4 src/main.c.28.o
 .bss.s_battery_layer
                0x0000000000001564        0x4 src/main.c.28.o
 .bss.s_right_eyelid_close_stop
                0x0000000000001568        0x4 src/main.c.28.o
 .bss.s_right_eyelid_close_start
                0x000000000000156c        0x4 src/main.c.28.o
 .bss.s_left_eye_left_frame
                0x0000000000001570        0x8 src/main.c.28.o
 .bss.s_left_eyelid_open
                0x0000000000001578        0x4 src/main.c.28.o
 .bss.s_right_eye_center_frame
                0x000000000000157c        0x8 src/main.c.28.o
 .bss.s_toothless_bitmap
                0x0000000000001584        0x4 src/main.c.28.o
 .bss.s_left_eye_center_to_home
                0x0000000000001588        0x4 src/main.c.28.o
 .bss.s_toothless_right_eye_layer
                0x000000000000158c        0x4 src/main.c.28.o
 .bss.s_toothless_left_eye
                0x0000000000001590        0x4 src/main.c.28.o
 .bss.s_battery_percentage
                0x0000000000001594        0x4 src/main.c.28.o
 .bss.s_left_eye_center_frame
                0x0000000000001598        0x8 src/main.c.28.o
 .bss.s_right_eye_right_to_home
                0x00000000000015a0        0x4 src/main.c.28.o
 COMMON         0x00000000000015a4        0x3 src/main.c.28.o
                0x00000000000015a4                s_date_format
                0x00000000000015a5                s_show_battery
                0x00000000000015a6                s_time_format

DISCARD
 libc.a(*)
 libm.a(*)
 libgcc.a(*)
 *(.eh_frame)
OUTPUT(/Users/jpalazz2/Documents/toothless-animated/build/aplite/pebble-app.elf elf32-littlearm)

.ARM.attributes
                0x0000000000000000       0x27
 .ARM.attributes
                0x0000000000000000       0x19 /Users/jpalazz2/pebble-dev/PebbleSDK-3.0-dp4/arm-cs-tools/bin/../lib/gcc/arm-none-eabi/4.7.2/thumb2/crti.o
 .ARM.attributes
                0x0000000000000019       0x29 /Users/jpalazz2/pebble-dev/PebbleSDK-3.0-dp4/arm-cs-tools/bin/../lib/gcc/arm-none-eabi/4.7.2/thumb2/crtbegin.o
 .ARM.attributes
                0x0000000000000042       0x33 src/main.c.28.o
 .ARM.attributes
                0x0000000000000075       0x33 aplite/appinfo.auto.c.28.o
 .ARM.attributes
                0x00000000000000a8       0x21 /Users/jpalazz2/pebble-dev/PebbleSDK-3.0-dp4/Pebble/aplite/lib/libpebble.a(tmpOQubyMpebble.o)
 .ARM.attributes
                0x00000000000000c9       0x29 /Users/jpalazz2/pebble-dev/PebbleSDK-3.0-dp4/arm-cs-tools/bin/../lib/gcc/arm-none-eabi/4.7.2/thumb2/crtend.o
 .ARM.attributes
                0x00000000000000f2       0x19 /Users/jpalazz2/pebble-dev/PebbleSDK-3.0-dp4/arm-cs-tools/bin/../lib/gcc/arm-none-eabi/4.7.2/thumb2/crtn.o

.comment        0x0000000000000000       0x4e
 .comment       0x0000000000000000       0x4e /Users/jpalazz2/pebble-dev/PebbleSDK-3.0-dp4/arm-cs-tools/bin/../lib/gcc/arm-none-eabi/4.7.2/thumb2/crtbegin.o
                                         0x4f (size before relaxing)
 .comment       0x0000000000000000       0x4f src/main.c.28.o
 .comment       0x0000000000000000       0x4f aplite/appinfo.auto.c.28.o
 .comment       0x0000000000000000       0x4f /Users/jpalazz2/pebble-dev/PebbleSDK-3.0-dp4/arm-cs-tools/bin/../lib/gcc/arm-none-eabi/4.7.2/thumb2/crtend.o

.debug_info     0x0000000000000000     0x2a09
 .debug_info    0x0000000000000000     0x26c2 src/main.c.28.o
 .debug_info    0x00000000000026c2      0x347 aplite/appinfo.auto.c.28.o

.debug_abbrev   0x0000000000000000      0x414
 .debug_abbrev  0x0000000000000000      0x376 src/main.c.28.o
 .debug_abbrev  0x0000000000000376       0x9e aplite/appinfo.auto.c.28.o

.debug_loc      0x0000000000000000      0x40a
 .debug_loc     0x0000000000000000      0x40a src/main.c.28.o

.debug_aranges  0x0000000000000000       0xa0
 .debug_aranges
                0x0000000000000000       0x88 src/main.c.28.o
 .debug_aranges
                0x0000000000000088       0x18 aplite/appinfo.auto.c.28.o

.debug_ranges   0x0000000000000000       0xb8
 .debug_ranges  0x0000000000000000       0xb8 src/main.c.28.o

.debug_line     0x0000000000000000      0x699
 .debug_line    0x0000000000000000      0x55a src/main.c.28.o
 .debug_line    0x000000000000055a      0x13f aplite/appinfo.auto.c.28.o

.debug_str      0x0000000000000000     0x1884
 .debug_str     0x0000000000000000     0x1671 src/main.c.28.o
                                       0x173e (size before relaxing)
 .debug_str     0x0000000000001671      0x213 aplite/appinfo.auto.c.28.o
                                        0x3a3 (size before relaxing)

.debug_frame    0x0000000000000000      0x180
 .debug_frame   0x0000000000000000      0x180 src/main.c.28.o
