Archive member included because of file (symbol)

/Users/jpalazz2/pebble-dev/PebbleSDK-3.0-dp4/Pebble/aplite/lib/libpebble.a(tmpOQubyMpebble.o)
                              src/main.c.28.o (animation_schedule)

Allocating common symbols
Common symbol       size              file

s_right_eye_right_to_home
                    0x4               src/main.c.28.o
s_right_eye_home_to_center
                    0x4               src/main.c.28.o
s_left_eye_home_frame
                    0x8               src/main.c.28.o
s_right_eye_right_frame
                    0x8               src/main.c.28.o
s_left_eye_center_to_left
                    0x4               src/main.c.28.o
s_left_eye_left_to_center
                    0x4               src/main.c.28.o
s_left_eyelid_close
                    0x4               src/main.c.28.o
s_toothless_left_eye_layer
                    0x4               src/main.c.28.o
s_all_animations    0x4               src/main.c.28.o
s_left_eye_left_to_home
                    0x4               src/main.c.28.o
s_date_format       0x1               src/main.c.28.o
s_left_eye_center_to_home
                    0x4               src/main.c.28.o
s_right_eye_color   0x4               src/main.c.28.o
s_right_eyelid_close_position
                    0x8               src/main.c.28.o
s_left_eye_home_to_center
                    0x4               src/main.c.28.o
s_right_eyelid_close
                    0x4               src/main.c.28.o
s_toothless_layer   0x4               src/main.c.28.o
s_left_eye_left_frame
                    0x8               src/main.c.28.o
s_right_eyelid_open_position
                    0x8               src/main.c.28.o
s_left_eyelid_open  0x4               src/main.c.28.o
s_left_eyelid_open_position
                    0x8               src/main.c.28.o
s_left_eye_color    0x4               src/main.c.28.o
s_show_battery      0x1               src/main.c.28.o
s_left_eye_center_frame
                    0x8               src/main.c.28.o
s_right_eye_home_frame
                    0x8               src/main.c.28.o
s_left_eyelid       0x4               src/main.c.28.o
s_right_eyelid_close2
                    0x4               src/main.c.28.o
s_right_eye_center_to_right
                    0x4               src/main.c.28.o
s_right_eyelid_open2
                    0x4               src/main.c.28.o
s_right_eye_right_to_center
                    0x4               src/main.c.28.o
s_right_eye_center_to_home
                    0x4               src/main.c.28.o
s_left_eyelid_close_position
                    0x8               src/main.c.28.o
s_bluetooth_error_layer
                    0x4               src/main.c.28.o
s_face_layer        0x4               src/main.c.28.o
s_left_eye_home_to_left
                    0x4               src/main.c.28.o
s_right_eye_home_to_right
                    0x4               src/main.c.28.o
s_right_eye_center_frame
                    0x8               src/main.c.28.o
s_battery_layer     0x4               src/main.c.28.o
s_time_format       0x1               src/main.c.28.o
s_toothless_right_eye_layer
                    0x4               src/main.c.28.o
s_right_eyelid_open
                    0x4               src/main.c.28.o
s_right_eyelid      0x4               src/main.c.28.o

Discarded input sections

 .text          0x0000000000000000        0x0 /Users/jpalazz2/pebble-dev/PebbleSDK-3.0-dp4/arm-cs-tools/bin/../lib/gcc/arm-none-eabi/4.7.2/thumb2/crti.o
 .bss           0x0000000000000000        0x0 /Users/jpalazz2/pebble-dev/PebbleSDK-3.0-dp4/arm-cs-tools/bin/../lib/gcc/arm-none-eabi/4.7.2/thumb2/crti.o
 .init          0x0000000000000000        0x4 /Users/jpalazz2/pebble-dev/PebbleSDK-3.0-dp4/arm-cs-tools/bin/../lib/gcc/arm-none-eabi/4.7.2/thumb2/crti.o
 .fini          0x0000000000000000        0x4 /Users/jpalazz2/pebble-dev/PebbleSDK-3.0-dp4/arm-cs-tools/bin/../lib/gcc/arm-none-eabi/4.7.2/thumb2/crti.o
 .text          0x0000000000000000       0xc8 /Users/jpalazz2/pebble-dev/PebbleSDK-3.0-dp4/arm-cs-tools/bin/../lib/gcc/arm-none-eabi/4.7.2/thumb2/crtbegin.o
 .bss           0x0000000000000000       0x1c /Users/jpalazz2/pebble-dev/PebbleSDK-3.0-dp4/arm-cs-tools/bin/../lib/gcc/arm-none-eabi/4.7.2/thumb2/crtbegin.o
 .init_array    0x0000000000000000        0x4 /Users/jpalazz2/pebble-dev/PebbleSDK-3.0-dp4/arm-cs-tools/bin/../lib/gcc/arm-none-eabi/4.7.2/thumb2/crtbegin.o
 .fini_array    0x0000000000000000        0x4 /Users/jpalazz2/pebble-dev/PebbleSDK-3.0-dp4/arm-cs-tools/bin/../lib/gcc/arm-none-eabi/4.7.2/thumb2/crtbegin.o
 .eh_frame      0x0000000000000000        0x0 /Users/jpalazz2/pebble-dev/PebbleSDK-3.0-dp4/arm-cs-tools/bin/../lib/gcc/arm-none-eabi/4.7.2/thumb2/crtbegin.o
 .jcr           0x0000000000000000        0x0 /Users/jpalazz2/pebble-dev/PebbleSDK-3.0-dp4/arm-cs-tools/bin/../lib/gcc/arm-none-eabi/4.7.2/thumb2/crtbegin.o
 .tm_clone_table
                0x0000000000000000        0x0 /Users/jpalazz2/pebble-dev/PebbleSDK-3.0-dp4/arm-cs-tools/bin/../lib/gcc/arm-none-eabi/4.7.2/thumb2/crtbegin.o
 .text          0x0000000000000000        0x0 src/animation.c.28.o
 .bss           0x0000000000000000        0x0 src/animation.c.28.o
 .text          0x0000000000000000        0x0 src/main.c.28.o
 .bss           0x0000000000000000        0x0 src/main.c.28.o
 .text          0x0000000000000000        0x0 aplite/appinfo.auto.c.28.o
 .bss           0x0000000000000000        0x0 aplite/appinfo.auto.c.28.o
 .bss           0x0000000000000000        0x0 /Users/jpalazz2/pebble-dev/PebbleSDK-3.0-dp4/Pebble/aplite/lib/libpebble.a(tmpOQubyMpebble.o)
 .text.accel_data_service_subscribe__deprecated
                0x0000000000000000        0xc /Users/jpalazz2/pebble-dev/PebbleSDK-3.0-dp4/Pebble/aplite/lib/libpebble.a(tmpOQubyMpebble.o)
 .text.accel_data_service_unsubscribe
                0x0000000000000000        0xc /Users/jpalazz2/pebble-dev/PebbleSDK-3.0-dp4/Pebble/aplite/lib/libpebble.a(tmpOQubyMpebble.o)
 .text.accel_service_peek
                0x0000000000000000        0xc /Users/jpalazz2/pebble-dev/PebbleSDK-3.0-dp4/Pebble/aplite/lib/libpebble.a(tmpOQubyMpebble.o)
 .text.accel_service_set_samples_per_update
                0x0000000000000000        0xc /Users/jpalazz2/pebble-dev/PebbleSDK-3.0-dp4/Pebble/aplite/lib/libpebble.a(tmpOQubyMpebble.o)
 .text.accel_service_set_sampling_rate
                0x0000000000000000        0xc /Users/jpalazz2/pebble-dev/PebbleSDK-3.0-dp4/Pebble/aplite/lib/libpebble.a(tmpOQubyMpebble.o)
 .text.accel_tap_service_subscribe
                0x0000000000000000        0xc /Users/jpalazz2/pebble-dev/PebbleSDK-3.0-dp4/Pebble/aplite/lib/libpebble.a(tmpOQubyMpebble.o)
 .text.accel_tap_service_unsubscribe
                0x0000000000000000        0xc /Users/jpalazz2/pebble-dev/PebbleSDK-3.0-dp4/Pebble/aplite/lib/libpebble.a(tmpOQubyMpebble.o)
 .text.action_bar_layer_add_to_window
                0x0000000000000000        0xc /Users/jpalazz2/pebble-dev/PebbleSDK-3.0-dp4/Pebble/aplite/lib/libpebble.a(tmpOQubyMpebble.o)
 .text.action_bar_layer_clear_icon
                0x0000000000000000        0xc /Users/jpalazz2/pebble-dev/PebbleSDK-3.0-dp4/Pebble/aplite/lib/libpebble.a(tmpOQubyMpebble.o)
 .text.action_bar_layer_create
                0x0000000000000000        0xc /Users/jpalazz2/pebble-dev/PebbleSDK-3.0-dp4/Pebble/aplite/lib/libpebble.a(tmpOQubyMpebble.o)
 .text.action_bar_layer_destroy
                0x0000000000000000        0xc /Users/jpalazz2/pebble-dev/PebbleSDK-3.0-dp4/Pebble/aplite/lib/libpebble.a(tmpOQubyMpebble.o)
 .text.action_bar_layer_get_layer
                0x0000000000000000        0xc /Users/jpalazz2/pebble-dev/PebbleSDK-3.0-dp4/Pebble/aplite/lib/libpebble.a(tmpOQubyMpebble.o)
 .text.action_bar_layer_remove_from_window
                0x0000000000000000        0xc /Users/jpalazz2/pebble-dev/PebbleSDK-3.0-dp4/Pebble/aplite/lib/libpebble.a(tmpOQubyMpebble.o)
 .text.action_bar_layer_set_background_color
                0x0000000000000000        0xc /Users/jpalazz2/pebble-dev/PebbleSDK-3.0-dp4/Pebble/aplite/lib/libpebble.a(tmpOQubyMpebble.o)
 .text.action_bar_layer_set_click_config_provider
                0x0000000000000000        0xc /Users/jpalazz2/pebble-dev/PebbleSDK-3.0-dp4/Pebble/aplite/lib/libpebble.a(tmpOQubyMpebble.o)
 .text.action_bar_layer_set_context
                0x0000000000000000        0xc /Users/jpalazz2/pebble-dev/PebbleSDK-3.0-dp4/Pebble/aplite/lib/libpebble.a(tmpOQubyMpebble.o)
 .text.action_bar_layer_set_icon
                0x0000000000000000        0xc /Users/jpalazz2/pebble-dev/PebbleSDK-3.0-dp4/Pebble/aplite/lib/libpebble.a(tmpOQubyMpebble.o)
 .text.animation_create
                0x0000000000000000        0xc /Users/jpalazz2/pebble-dev/PebbleSDK-3.0-dp4/Pebble/aplite/lib/libpebble.a(tmpOQubyMpebble.o)
 .text.animation_destroy
                0x0000000000000000        0xc /Users/jpalazz2/pebble-dev/PebbleSDK-3.0-dp4/Pebble/aplite/lib/libpebble.a(tmpOQubyMpebble.o)
 .text.animation_get_context
                0x0000000000000000        0xc /Users/jpalazz2/pebble-dev/PebbleSDK-3.0-dp4/Pebble/aplite/lib/libpebble.a(tmpOQubyMpebble.o)
 .text.animation_is_scheduled
                0x0000000000000000        0xc /Users/jpalazz2/pebble-dev/PebbleSDK-3.0-dp4/Pebble/aplite/lib/libpebble.a(tmpOQubyMpebble.o)
 .text.animation_set_curve
                0x0000000000000000        0xc /Users/jpalazz2/pebble-dev/PebbleSDK-3.0-dp4/Pebble/aplite/lib/libpebble.a(tmpOQubyMpebble.o)
 .text.animation_set_implementation
                0x0000000000000000        0xc /Users/jpalazz2/pebble-dev/PebbleSDK-3.0-dp4/Pebble/aplite/lib/libpebble.a(tmpOQubyMpebble.o)
 .text.animation_unschedule
                0x0000000000000000        0xc /Users/jpalazz2/pebble-dev/PebbleSDK-3.0-dp4/Pebble/aplite/lib/libpebble.a(tmpOQubyMpebble.o)
 .text.app_comm_get_sniff_interval
                0x0000000000000000        0xc /Users/jpalazz2/pebble-dev/PebbleSDK-3.0-dp4/Pebble/aplite/lib/libpebble.a(tmpOQubyMpebble.o)
 .text.app_comm_set_sniff_interval
                0x0000000000000000        0xc /Users/jpalazz2/pebble-dev/PebbleSDK-3.0-dp4/Pebble/aplite/lib/libpebble.a(tmpOQubyMpebble.o)
 .text.app_message_deregister_callbacks
                0x0000000000000000        0xc /Users/jpalazz2/pebble-dev/PebbleSDK-3.0-dp4/Pebble/aplite/lib/libpebble.a(tmpOQubyMpebble.o)
 .text.app_sync_deinit
                0x0000000000000000        0xc /Users/jpalazz2/pebble-dev/PebbleSDK-3.0-dp4/Pebble/aplite/lib/libpebble.a(tmpOQubyMpebble.o)
 .text.app_sync_get
                0x0000000000000000        0xc /Users/jpalazz2/pebble-dev/PebbleSDK-3.0-dp4/Pebble/aplite/lib/libpebble.a(tmpOQubyMpebble.o)
 .text.app_sync_init
                0x0000000000000000        0xc /Users/jpalazz2/pebble-dev/PebbleSDK-3.0-dp4/Pebble/aplite/lib/libpebble.a(tmpOQubyMpebble.o)
 .text.app_sync_set
                0x0000000000000000        0xc /Users/jpalazz2/pebble-dev/PebbleSDK-3.0-dp4/Pebble/aplite/lib/libpebble.a(tmpOQubyMpebble.o)
 .text.app_timer_cancel
                0x0000000000000000        0xc /Users/jpalazz2/pebble-dev/PebbleSDK-3.0-dp4/Pebble/aplite/lib/libpebble.a(tmpOQubyMpebble.o)
 .text.app_timer_register
                0x0000000000000000        0xc /Users/jpalazz2/pebble-dev/PebbleSDK-3.0-dp4/Pebble/aplite/lib/libpebble.a(tmpOQubyMpebble.o)
 .text.app_timer_reschedule
                0x0000000000000000        0xc /Users/jpalazz2/pebble-dev/PebbleSDK-3.0-dp4/Pebble/aplite/lib/libpebble.a(tmpOQubyMpebble.o)
 .text.atan2_lookup
                0x0000000000000000        0xc /Users/jpalazz2/pebble-dev/PebbleSDK-3.0-dp4/Pebble/aplite/lib/libpebble.a(tmpOQubyMpebble.o)
 .text.atoi     0x0000000000000000        0xc /Users/jpalazz2/pebble-dev/PebbleSDK-3.0-dp4/Pebble/aplite/lib/libpebble.a(tmpOQubyMpebble.o)
 .text.atol     0x0000000000000000        0xc /Users/jpalazz2/pebble-dev/PebbleSDK-3.0-dp4/Pebble/aplite/lib/libpebble.a(tmpOQubyMpebble.o)
 .text.click_number_of_clicks_counted
                0x0000000000000000        0xc /Users/jpalazz2/pebble-dev/PebbleSDK-3.0-dp4/Pebble/aplite/lib/libpebble.a(tmpOQubyMpebble.o)
 .text.click_recognizer_get_button_id
                0x0000000000000000        0xc /Users/jpalazz2/pebble-dev/PebbleSDK-3.0-dp4/Pebble/aplite/lib/libpebble.a(tmpOQubyMpebble.o)
 .text.clock_copy_time_string
                0x0000000000000000        0xc /Users/jpalazz2/pebble-dev/PebbleSDK-3.0-dp4/Pebble/aplite/lib/libpebble.a(tmpOQubyMpebble.o)
 .text.cos_lookup
                0x0000000000000000        0xc /Users/jpalazz2/pebble-dev/PebbleSDK-3.0-dp4/Pebble/aplite/lib/libpebble.a(tmpOQubyMpebble.o)
 .text.data_logging_create
                0x0000000000000000        0xc /Users/jpalazz2/pebble-dev/PebbleSDK-3.0-dp4/Pebble/aplite/lib/libpebble.a(tmpOQubyMpebble.o)
 .text.data_logging_finish
                0x0000000000000000        0xc /Users/jpalazz2/pebble-dev/PebbleSDK-3.0-dp4/Pebble/aplite/lib/libpebble.a(tmpOQubyMpebble.o)
 .text.data_logging_log
                0x0000000000000000        0xc /Users/jpalazz2/pebble-dev/PebbleSDK-3.0-dp4/Pebble/aplite/lib/libpebble.a(tmpOQubyMpebble.o)
 .text.dict_calc_buffer_size
                0x0000000000000000        0xc /Users/jpalazz2/pebble-dev/PebbleSDK-3.0-dp4/Pebble/aplite/lib/libpebble.a(tmpOQubyMpebble.o)
 .text.dict_calc_buffer_size_from_tuplets
                0x0000000000000000        0xc /Users/jpalazz2/pebble-dev/PebbleSDK-3.0-dp4/Pebble/aplite/lib/libpebble.a(tmpOQubyMpebble.o)
 .text.dict_find
                0x0000000000000000        0xc /Users/jpalazz2/pebble-dev/PebbleSDK-3.0-dp4/Pebble/aplite/lib/libpebble.a(tmpOQubyMpebble.o)
 .text.dict_merge
                0x0000000000000000        0xc /Users/jpalazz2/pebble-dev/PebbleSDK-3.0-dp4/Pebble/aplite/lib/libpebble.a(tmpOQubyMpebble.o)
 .text.dict_read_begin_from_buffer
                0x0000000000000000        0xc /Users/jpalazz2/pebble-dev/PebbleSDK-3.0-dp4/Pebble/aplite/lib/libpebble.a(tmpOQubyMpebble.o)
 .text.dict_serialize_tuplets
                0x0000000000000000        0xc /Users/jpalazz2/pebble-dev/PebbleSDK-3.0-dp4/Pebble/aplite/lib/libpebble.a(tmpOQubyMpebble.o)
 .text.dict_serialize_tuplets_to_buffer__deprecated
                0x0000000000000000        0xc /Users/jpalazz2/pebble-dev/PebbleSDK-3.0-dp4/Pebble/aplite/lib/libpebble.a(tmpOQubyMpebble.o)
 .text.dict_serialize_tuplets_to_buffer_with_iter
                0x0000000000000000        0xc /Users/jpalazz2/pebble-dev/PebbleSDK-3.0-dp4/Pebble/aplite/lib/libpebble.a(tmpOQubyMpebble.o)
 .text.dict_write_begin
                0x0000000000000000        0xc /Users/jpalazz2/pebble-dev/PebbleSDK-3.0-dp4/Pebble/aplite/lib/libpebble.a(tmpOQubyMpebble.o)
 .text.dict_write_cstring
                0x0000000000000000        0xc /Users/jpalazz2/pebble-dev/PebbleSDK-3.0-dp4/Pebble/aplite/lib/libpebble.a(tmpOQubyMpebble.o)
 .text.dict_write_data
                0x0000000000000000        0xc /Users/jpalazz2/pebble-dev/PebbleSDK-3.0-dp4/Pebble/aplite/lib/libpebble.a(tmpOQubyMpebble.o)
 .text.dict_write_end
                0x0000000000000000        0xc /Users/jpalazz2/pebble-dev/PebbleSDK-3.0-dp4/Pebble/aplite/lib/libpebble.a(tmpOQubyMpebble.o)
 .text.dict_write_int
                0x0000000000000000        0xc /Users/jpalazz2/pebble-dev/PebbleSDK-3.0-dp4/Pebble/aplite/lib/libpebble.a(tmpOQubyMpebble.o)
 .text.dict_write_int16
                0x0000000000000000        0xc /Users/jpalazz2/pebble-dev/PebbleSDK-3.0-dp4/Pebble/aplite/lib/libpebble.a(tmpOQubyMpebble.o)
 .text.dict_write_int32
                0x0000000000000000        0xc /Users/jpalazz2/pebble-dev/PebbleSDK-3.0-dp4/Pebble/aplite/lib/libpebble.a(tmpOQubyMpebble.o)
 .text.dict_write_int8
                0x0000000000000000        0xc /Users/jpalazz2/pebble-dev/PebbleSDK-3.0-dp4/Pebble/aplite/lib/libpebble.a(tmpOQubyMpebble.o)
 .text.dict_write_tuplet
                0x0000000000000000        0xc /Users/jpalazz2/pebble-dev/PebbleSDK-3.0-dp4/Pebble/aplite/lib/libpebble.a(tmpOQubyMpebble.o)
 .text.dict_write_uint16
                0x0000000000000000        0xc /Users/jpalazz2/pebble-dev/PebbleSDK-3.0-dp4/Pebble/aplite/lib/libpebble.a(tmpOQubyMpebble.o)
 .text.dict_write_uint32
                0x0000000000000000        0xc /Users/jpalazz2/pebble-dev/PebbleSDK-3.0-dp4/Pebble/aplite/lib/libpebble.a(tmpOQubyMpebble.o)
 .text.dict_write_uint8
                0x0000000000000000        0xc /Users/jpalazz2/pebble-dev/PebbleSDK-3.0-dp4/Pebble/aplite/lib/libpebble.a(tmpOQubyMpebble.o)
 .text.fonts_load_custom_font
                0x0000000000000000        0xc /Users/jpalazz2/pebble-dev/PebbleSDK-3.0-dp4/Pebble/aplite/lib/libpebble.a(tmpOQubyMpebble.o)
 .text.fonts_unload_custom_font
                0x0000000000000000        0xc /Users/jpalazz2/pebble-dev/PebbleSDK-3.0-dp4/Pebble/aplite/lib/libpebble.a(tmpOQubyMpebble.o)
 .text.gbitmap_create_as_sub_bitmap
                0x0000000000000000        0xc /Users/jpalazz2/pebble-dev/PebbleSDK-3.0-dp4/Pebble/aplite/lib/libpebble.a(tmpOQubyMpebble.o)
 .text.gbitmap_create_with_data
                0x0000000000000000        0xc /Users/jpalazz2/pebble-dev/PebbleSDK-3.0-dp4/Pebble/aplite/lib/libpebble.a(tmpOQubyMpebble.o)
 .text.gmtime   0x0000000000000000        0xc /Users/jpalazz2/pebble-dev/PebbleSDK-3.0-dp4/Pebble/aplite/lib/libpebble.a(tmpOQubyMpebble.o)
 .text.gpath_create
                0x0000000000000000        0xc /Users/jpalazz2/pebble-dev/PebbleSDK-3.0-dp4/Pebble/aplite/lib/libpebble.a(tmpOQubyMpebble.o)
 .text.gpath_destroy
                0x0000000000000000        0xc /Users/jpalazz2/pebble-dev/PebbleSDK-3.0-dp4/Pebble/aplite/lib/libpebble.a(tmpOQubyMpebble.o)
 .text.gpath_draw_filled_legacy
                0x0000000000000000        0xc /Users/jpalazz2/pebble-dev/PebbleSDK-3.0-dp4/Pebble/aplite/lib/libpebble.a(tmpOQubyMpebble.o)
 .text.gpath_draw_outline
                0x0000000000000000        0xc /Users/jpalazz2/pebble-dev/PebbleSDK-3.0-dp4/Pebble/aplite/lib/libpebble.a(tmpOQubyMpebble.o)
 .text.gpath_move_to
                0x0000000000000000        0xc /Users/jpalazz2/pebble-dev/PebbleSDK-3.0-dp4/Pebble/aplite/lib/libpebble.a(tmpOQubyMpebble.o)
 .text.gpath_rotate_to
                0x0000000000000000        0xc /Users/jpalazz2/pebble-dev/PebbleSDK-3.0-dp4/Pebble/aplite/lib/libpebble.a(tmpOQubyMpebble.o)
 .text.gpoint_equal
                0x0000000000000000        0xc /Users/jpalazz2/pebble-dev/PebbleSDK-3.0-dp4/Pebble/aplite/lib/libpebble.a(tmpOQubyMpebble.o)
 .text.graphics_context_set_compositing_mode
                0x0000000000000000        0xc /Users/jpalazz2/pebble-dev/PebbleSDK-3.0-dp4/Pebble/aplite/lib/libpebble.a(tmpOQubyMpebble.o)
 .text.graphics_context_set_text_color
                0x0000000000000000        0xc /Users/jpalazz2/pebble-dev/PebbleSDK-3.0-dp4/Pebble/aplite/lib/libpebble.a(tmpOQubyMpebble.o)
 .text.graphics_draw_bitmap_in_rect
                0x0000000000000000        0xc /Users/jpalazz2/pebble-dev/PebbleSDK-3.0-dp4/Pebble/aplite/lib/libpebble.a(tmpOQubyMpebble.o)
 .text.graphics_draw_circle
                0x0000000000000000        0xc /Users/jpalazz2/pebble-dev/PebbleSDK-3.0-dp4/Pebble/aplite/lib/libpebble.a(tmpOQubyMpebble.o)
 .text.graphics_draw_line
                0x0000000000000000        0xc /Users/jpalazz2/pebble-dev/PebbleSDK-3.0-dp4/Pebble/aplite/lib/libpebble.a(tmpOQubyMpebble.o)
 .text.graphics_draw_pixel
                0x0000000000000000        0xc /Users/jpalazz2/pebble-dev/PebbleSDK-3.0-dp4/Pebble/aplite/lib/libpebble.a(tmpOQubyMpebble.o)
 .text.graphics_draw_round_rect
                0x0000000000000000        0xc /Users/jpalazz2/pebble-dev/PebbleSDK-3.0-dp4/Pebble/aplite/lib/libpebble.a(tmpOQubyMpebble.o)
 .text.graphics_fill_circle
                0x0000000000000000        0xc /Users/jpalazz2/pebble-dev/PebbleSDK-3.0-dp4/Pebble/aplite/lib/libpebble.a(tmpOQubyMpebble.o)
 .text.graphics_text_layout_get_max_used_size
                0x0000000000000000        0xc /Users/jpalazz2/pebble-dev/PebbleSDK-3.0-dp4/Pebble/aplite/lib/libpebble.a(tmpOQubyMpebble.o)
 .text.grect_align
                0x0000000000000000        0xc /Users/jpalazz2/pebble-dev/PebbleSDK-3.0-dp4/Pebble/aplite/lib/libpebble.a(tmpOQubyMpebble.o)
 .text.grect_center_point
                0x0000000000000000        0xc /Users/jpalazz2/pebble-dev/PebbleSDK-3.0-dp4/Pebble/aplite/lib/libpebble.a(tmpOQubyMpebble.o)
 .text.grect_clip
                0x0000000000000000        0xc /Users/jpalazz2/pebble-dev/PebbleSDK-3.0-dp4/Pebble/aplite/lib/libpebble.a(tmpOQubyMpebble.o)
 .text.grect_contains_point
                0x0000000000000000        0xc /Users/jpalazz2/pebble-dev/PebbleSDK-3.0-dp4/Pebble/aplite/lib/libpebble.a(tmpOQubyMpebble.o)
 .text.grect_crop
                0x0000000000000000        0xc /Users/jpalazz2/pebble-dev/PebbleSDK-3.0-dp4/Pebble/aplite/lib/libpebble.a(tmpOQubyMpebble.o)
 .text.grect_equal
                0x0000000000000000        0xc /Users/jpalazz2/pebble-dev/PebbleSDK-3.0-dp4/Pebble/aplite/lib/libpebble.a(tmpOQubyMpebble.o)
 .text.grect_is_empty
                0x0000000000000000        0xc /Users/jpalazz2/pebble-dev/PebbleSDK-3.0-dp4/Pebble/aplite/lib/libpebble.a(tmpOQubyMpebble.o)
 .text.grect_standardize
                0x0000000000000000        0xc /Users/jpalazz2/pebble-dev/PebbleSDK-3.0-dp4/Pebble/aplite/lib/libpebble.a(tmpOQubyMpebble.o)
 .text.gsize_equal
                0x0000000000000000        0xc /Users/jpalazz2/pebble-dev/PebbleSDK-3.0-dp4/Pebble/aplite/lib/libpebble.a(tmpOQubyMpebble.o)
 .text.inverter_layer_create
                0x0000000000000000        0xc /Users/jpalazz2/pebble-dev/PebbleSDK-3.0-dp4/Pebble/aplite/lib/libpebble.a(tmpOQubyMpebble.o)
 .text.inverter_layer_destroy
                0x0000000000000000        0xc /Users/jpalazz2/pebble-dev/PebbleSDK-3.0-dp4/Pebble/aplite/lib/libpebble.a(tmpOQubyMpebble.o)
 .text.inverter_layer_get_layer
                0x0000000000000000        0xc /Users/jpalazz2/pebble-dev/PebbleSDK-3.0-dp4/Pebble/aplite/lib/libpebble.a(tmpOQubyMpebble.o)
 .text.layer_create
                0x0000000000000000        0xc /Users/jpalazz2/pebble-dev/PebbleSDK-3.0-dp4/Pebble/aplite/lib/libpebble.a(tmpOQubyMpebble.o)
 .text.layer_create_with_data
                0x0000000000000000        0xc /Users/jpalazz2/pebble-dev/PebbleSDK-3.0-dp4/Pebble/aplite/lib/libpebble.a(tmpOQubyMpebble.o)
 .text.layer_destroy
                0x0000000000000000        0xc /Users/jpalazz2/pebble-dev/PebbleSDK-3.0-dp4/Pebble/aplite/lib/libpebble.a(tmpOQubyMpebble.o)
 .text.layer_get_bounds
                0x0000000000000000        0xc /Users/jpalazz2/pebble-dev/PebbleSDK-3.0-dp4/Pebble/aplite/lib/libpebble.a(tmpOQubyMpebble.o)
 .text.layer_get_clips
                0x0000000000000000        0xc /Users/jpalazz2/pebble-dev/PebbleSDK-3.0-dp4/Pebble/aplite/lib/libpebble.a(tmpOQubyMpebble.o)
 .text.layer_get_data
                0x0000000000000000        0xc /Users/jpalazz2/pebble-dev/PebbleSDK-3.0-dp4/Pebble/aplite/lib/libpebble.a(tmpOQubyMpebble.o)
 .text.layer_get_frame
                0x0000000000000000        0xc /Users/jpalazz2/pebble-dev/PebbleSDK-3.0-dp4/Pebble/aplite/lib/libpebble.a(tmpOQubyMpebble.o)
 .text.layer_get_hidden
                0x0000000000000000        0xc /Users/jpalazz2/pebble-dev/PebbleSDK-3.0-dp4/Pebble/aplite/lib/libpebble.a(tmpOQubyMpebble.o)
 .text.layer_get_window
                0x0000000000000000        0xc /Users/jpalazz2/pebble-dev/PebbleSDK-3.0-dp4/Pebble/aplite/lib/libpebble.a(tmpOQubyMpebble.o)
 .text.layer_insert_above_sibling
                0x0000000000000000        0xc /Users/jpalazz2/pebble-dev/PebbleSDK-3.0-dp4/Pebble/aplite/lib/libpebble.a(tmpOQubyMpebble.o)
 .text.layer_insert_below_sibling
                0x0000000000000000        0xc /Users/jpalazz2/pebble-dev/PebbleSDK-3.0-dp4/Pebble/aplite/lib/libpebble.a(tmpOQubyMpebble.o)
 .text.layer_remove_child_layers
                0x0000000000000000        0xc /Users/jpalazz2/pebble-dev/PebbleSDK-3.0-dp4/Pebble/aplite/lib/libpebble.a(tmpOQubyMpebble.o)
 .text.layer_remove_from_parent
                0x0000000000000000        0xc /Users/jpalazz2/pebble-dev/PebbleSDK-3.0-dp4/Pebble/aplite/lib/libpebble.a(tmpOQubyMpebble.o)
 .text.layer_set_bounds
                0x0000000000000000        0xc /Users/jpalazz2/pebble-dev/PebbleSDK-3.0-dp4/Pebble/aplite/lib/libpebble.a(tmpOQubyMpebble.o)
 .text.layer_set_clips
                0x0000000000000000        0xc /Users/jpalazz2/pebble-dev/PebbleSDK-3.0-dp4/Pebble/aplite/lib/libpebble.a(tmpOQubyMpebble.o)
 .text.light_enable
                0x0000000000000000        0xc /Users/jpalazz2/pebble-dev/PebbleSDK-3.0-dp4/Pebble/aplite/lib/libpebble.a(tmpOQubyMpebble.o)
 .text.light_enable_interaction
                0x0000000000000000        0xc /Users/jpalazz2/pebble-dev/PebbleSDK-3.0-dp4/Pebble/aplite/lib/libpebble.a(tmpOQubyMpebble.o)
 .text.memcpy   0x0000000000000000        0xc /Users/jpalazz2/pebble-dev/PebbleSDK-3.0-dp4/Pebble/aplite/lib/libpebble.a(tmpOQubyMpebble.o)
 .text.memmove  0x0000000000000000        0xc /Users/jpalazz2/pebble-dev/PebbleSDK-3.0-dp4/Pebble/aplite/lib/libpebble.a(tmpOQubyMpebble.o)
 .text.menu_cell_basic_draw
                0x0000000000000000        0xc /Users/jpalazz2/pebble-dev/PebbleSDK-3.0-dp4/Pebble/aplite/lib/libpebble.a(tmpOQubyMpebble.o)
 .text.menu_cell_basic_header_draw
                0x0000000000000000        0xc /Users/jpalazz2/pebble-dev/PebbleSDK-3.0-dp4/Pebble/aplite/lib/libpebble.a(tmpOQubyMpebble.o)
 .text.menu_cell_title_draw
                0x0000000000000000        0xc /Users/jpalazz2/pebble-dev/PebbleSDK-3.0-dp4/Pebble/aplite/lib/libpebble.a(tmpOQubyMpebble.o)
 .text.menu_index_compare
                0x0000000000000000        0xc /Users/jpalazz2/pebble-dev/PebbleSDK-3.0-dp4/Pebble/aplite/lib/libpebble.a(tmpOQubyMpebble.o)
 .text.menu_layer_create
                0x0000000000000000        0xc /Users/jpalazz2/pebble-dev/PebbleSDK-3.0-dp4/Pebble/aplite/lib/libpebble.a(tmpOQubyMpebble.o)
 .text.menu_layer_destroy
                0x0000000000000000        0xc /Users/jpalazz2/pebble-dev/PebbleSDK-3.0-dp4/Pebble/aplite/lib/libpebble.a(tmpOQubyMpebble.o)
 .text.menu_layer_get_layer
                0x0000000000000000        0xc /Users/jpalazz2/pebble-dev/PebbleSDK-3.0-dp4/Pebble/aplite/lib/libpebble.a(tmpOQubyMpebble.o)
 .text.menu_layer_get_scroll_layer
                0x0000000000000000        0xc /Users/jpalazz2/pebble-dev/PebbleSDK-3.0-dp4/Pebble/aplite/lib/libpebble.a(tmpOQubyMpebble.o)
 .text.menu_layer_get_selected_index
                0x0000000000000000        0xc /Users/jpalazz2/pebble-dev/PebbleSDK-3.0-dp4/Pebble/aplite/lib/libpebble.a(tmpOQubyMpebble.o)
 .text.menu_layer_reload_data
                0x0000000000000000        0xc /Users/jpalazz2/pebble-dev/PebbleSDK-3.0-dp4/Pebble/aplite/lib/libpebble.a(tmpOQubyMpebble.o)
 .text.menu_layer_set_callbacks__deprecated
                0x0000000000000000        0xc /Users/jpalazz2/pebble-dev/PebbleSDK-3.0-dp4/Pebble/aplite/lib/libpebble.a(tmpOQubyMpebble.o)
 .text.menu_layer_set_click_config_onto_window
                0x0000000000000000        0xc /Users/jpalazz2/pebble-dev/PebbleSDK-3.0-dp4/Pebble/aplite/lib/libpebble.a(tmpOQubyMpebble.o)
 .text.menu_layer_set_selected_index
                0x0000000000000000        0xc /Users/jpalazz2/pebble-dev/PebbleSDK-3.0-dp4/Pebble/aplite/lib/libpebble.a(tmpOQubyMpebble.o)
 .text.menu_layer_set_selected_next
                0x0000000000000000        0xc /Users/jpalazz2/pebble-dev/PebbleSDK-3.0-dp4/Pebble/aplite/lib/libpebble.a(tmpOQubyMpebble.o)
 .text.number_window_create
                0x0000000000000000        0xc /Users/jpalazz2/pebble-dev/PebbleSDK-3.0-dp4/Pebble/aplite/lib/libpebble.a(tmpOQubyMpebble.o)
 .text.number_window_destroy
                0x0000000000000000        0xc /Users/jpalazz2/pebble-dev/PebbleSDK-3.0-dp4/Pebble/aplite/lib/libpebble.a(tmpOQubyMpebble.o)
 .text.number_window_get_value
                0x0000000000000000        0xc /Users/jpalazz2/pebble-dev/PebbleSDK-3.0-dp4/Pebble/aplite/lib/libpebble.a(tmpOQubyMpebble.o)
 .text.number_window_set_label
                0x0000000000000000        0xc /Users/jpalazz2/pebble-dev/PebbleSDK-3.0-dp4/Pebble/aplite/lib/libpebble.a(tmpOQubyMpebble.o)
 .text.number_window_set_max
                0x0000000000000000        0xc /Users/jpalazz2/pebble-dev/PebbleSDK-3.0-dp4/Pebble/aplite/lib/libpebble.a(tmpOQubyMpebble.o)
 .text.number_window_set_min
                0x0000000000000000        0xc /Users/jpalazz2/pebble-dev/PebbleSDK-3.0-dp4/Pebble/aplite/lib/libpebble.a(tmpOQubyMpebble.o)
 .text.number_window_set_step_size
                0x0000000000000000        0xc /Users/jpalazz2/pebble-dev/PebbleSDK-3.0-dp4/Pebble/aplite/lib/libpebble.a(tmpOQubyMpebble.o)
 .text.number_window_set_value
                0x0000000000000000        0xc /Users/jpalazz2/pebble-dev/PebbleSDK-3.0-dp4/Pebble/aplite/lib/libpebble.a(tmpOQubyMpebble.o)
 .text.persist_delete
                0x0000000000000000        0xc /Users/jpalazz2/pebble-dev/PebbleSDK-3.0-dp4/Pebble/aplite/lib/libpebble.a(tmpOQubyMpebble.o)
 .text.persist_get_size
                0x0000000000000000        0xc /Users/jpalazz2/pebble-dev/PebbleSDK-3.0-dp4/Pebble/aplite/lib/libpebble.a(tmpOQubyMpebble.o)
 .text.persist_read_data__deprecated
                0x0000000000000000        0xc /Users/jpalazz2/pebble-dev/PebbleSDK-3.0-dp4/Pebble/aplite/lib/libpebble.a(tmpOQubyMpebble.o)
 .text.persist_read_int
                0x0000000000000000        0xc /Users/jpalazz2/pebble-dev/PebbleSDK-3.0-dp4/Pebble/aplite/lib/libpebble.a(tmpOQubyMpebble.o)
 .text.persist_read_string__deprecated
                0x0000000000000000        0xc /Users/jpalazz2/pebble-dev/PebbleSDK-3.0-dp4/Pebble/aplite/lib/libpebble.a(tmpOQubyMpebble.o)
 .text.persist_write_data__deprecated
                0x0000000000000000        0xc /Users/jpalazz2/pebble-dev/PebbleSDK-3.0-dp4/Pebble/aplite/lib/libpebble.a(tmpOQubyMpebble.o)
 .text.persist_write_int
                0x0000000000000000        0xc /Users/jpalazz2/pebble-dev/PebbleSDK-3.0-dp4/Pebble/aplite/lib/libpebble.a(tmpOQubyMpebble.o)
 .text.persist_write_string
                0x0000000000000000        0xc /Users/jpalazz2/pebble-dev/PebbleSDK-3.0-dp4/Pebble/aplite/lib/libpebble.a(tmpOQubyMpebble.o)
 .text.property_animation_create
                0x0000000000000000        0xc /Users/jpalazz2/pebble-dev/PebbleSDK-3.0-dp4/Pebble/aplite/lib/libpebble.a(tmpOQubyMpebble.o)
 .text.property_animation_update_gpoint
                0x0000000000000000        0xc /Users/jpalazz2/pebble-dev/PebbleSDK-3.0-dp4/Pebble/aplite/lib/libpebble.a(tmpOQubyMpebble.o)
 .text.property_animation_update_grect
                0x0000000000000000        0xc /Users/jpalazz2/pebble-dev/PebbleSDK-3.0-dp4/Pebble/aplite/lib/libpebble.a(tmpOQubyMpebble.o)
 .text.property_animation_update_int16
                0x0000000000000000        0xc /Users/jpalazz2/pebble-dev/PebbleSDK-3.0-dp4/Pebble/aplite/lib/libpebble.a(tmpOQubyMpebble.o)
 .text.psleep   0x0000000000000000        0xc /Users/jpalazz2/pebble-dev/PebbleSDK-3.0-dp4/Pebble/aplite/lib/libpebble.a(tmpOQubyMpebble.o)
 .text.rand     0x0000000000000000        0xc /Users/jpalazz2/pebble-dev/PebbleSDK-3.0-dp4/Pebble/aplite/lib/libpebble.a(tmpOQubyMpebble.o)
 .text.resource_get_handle
                0x0000000000000000        0xc /Users/jpalazz2/pebble-dev/PebbleSDK-3.0-dp4/Pebble/aplite/lib/libpebble.a(tmpOQubyMpebble.o)
 .text.resource_load
                0x0000000000000000        0xc /Users/jpalazz2/pebble-dev/PebbleSDK-3.0-dp4/Pebble/aplite/lib/libpebble.a(tmpOQubyMpebble.o)
 .text.resource_load_byte_range
                0x0000000000000000        0xc /Users/jpalazz2/pebble-dev/PebbleSDK-3.0-dp4/Pebble/aplite/lib/libpebble.a(tmpOQubyMpebble.o)
 .text.resource_size
                0x0000000000000000        0xc /Users/jpalazz2/pebble-dev/PebbleSDK-3.0-dp4/Pebble/aplite/lib/libpebble.a(tmpOQubyMpebble.o)
 .text.rot_bitmap_layer_create
                0x0000000000000000        0xc /Users/jpalazz2/pebble-dev/PebbleSDK-3.0-dp4/Pebble/aplite/lib/libpebble.a(tmpOQubyMpebble.o)
 .text.rot_bitmap_layer_destroy
                0x0000000000000000        0xc /Users/jpalazz2/pebble-dev/PebbleSDK-3.0-dp4/Pebble/aplite/lib/libpebble.a(tmpOQubyMpebble.o)
 .text.rot_bitmap_layer_increment_angle
                0x0000000000000000        0xc /Users/jpalazz2/pebble-dev/PebbleSDK-3.0-dp4/Pebble/aplite/lib/libpebble.a(tmpOQubyMpebble.o)
 .text.rot_bitmap_layer_set_angle
                0x0000000000000000        0xc /Users/jpalazz2/pebble-dev/PebbleSDK-3.0-dp4/Pebble/aplite/lib/libpebble.a(tmpOQubyMpebble.o)
 .text.rot_bitmap_layer_set_corner_clip_color
                0x0000000000000000        0xc /Users/jpalazz2/pebble-dev/PebbleSDK-3.0-dp4/Pebble/aplite/lib/libpebble.a(tmpOQubyMpebble.o)
 .text.rot_bitmap_set_compositing_mode
                0x0000000000000000        0xc /Users/jpalazz2/pebble-dev/PebbleSDK-3.0-dp4/Pebble/aplite/lib/libpebble.a(tmpOQubyMpebble.o)
 .text.rot_bitmap_set_src_ic
                0x0000000000000000        0xc /Users/jpalazz2/pebble-dev/PebbleSDK-3.0-dp4/Pebble/aplite/lib/libpebble.a(tmpOQubyMpebble.o)
 .text.scroll_layer_add_child
                0x0000000000000000        0xc /Users/jpalazz2/pebble-dev/PebbleSDK-3.0-dp4/Pebble/aplite/lib/libpebble.a(tmpOQubyMpebble.o)
 .text.scroll_layer_create
                0x0000000000000000        0xc /Users/jpalazz2/pebble-dev/PebbleSDK-3.0-dp4/Pebble/aplite/lib/libpebble.a(tmpOQubyMpebble.o)
 .text.scroll_layer_destroy
                0x0000000000000000        0xc /Users/jpalazz2/pebble-dev/PebbleSDK-3.0-dp4/Pebble/aplite/lib/libpebble.a(tmpOQubyMpebble.o)
 .text.scroll_layer_get_content_offset
                0x0000000000000000        0xc /Users/jpalazz2/pebble-dev/PebbleSDK-3.0-dp4/Pebble/aplite/lib/libpebble.a(tmpOQubyMpebble.o)
 .text.scroll_layer_get_content_size
                0x0000000000000000        0xc /Users/jpalazz2/pebble-dev/PebbleSDK-3.0-dp4/Pebble/aplite/lib/libpebble.a(tmpOQubyMpebble.o)
 .text.scroll_layer_get_layer
                0x0000000000000000        0xc /Users/jpalazz2/pebble-dev/PebbleSDK-3.0-dp4/Pebble/aplite/lib/libpebble.a(tmpOQubyMpebble.o)
 .text.scroll_layer_get_shadow_hidden
                0x0000000000000000        0xc /Users/jpalazz2/pebble-dev/PebbleSDK-3.0-dp4/Pebble/aplite/lib/libpebble.a(tmpOQubyMpebble.o)
 .text.scroll_layer_scroll_down_click_handler
                0x0000000000000000        0xc /Users/jpalazz2/pebble-dev/PebbleSDK-3.0-dp4/Pebble/aplite/lib/libpebble.a(tmpOQubyMpebble.o)
 .text.scroll_layer_scroll_up_click_handler
                0x0000000000000000        0xc /Users/jpalazz2/pebble-dev/PebbleSDK-3.0-dp4/Pebble/aplite/lib/libpebble.a(tmpOQubyMpebble.o)
 .text.scroll_layer_set_callbacks
                0x0000000000000000        0xc /Users/jpalazz2/pebble-dev/PebbleSDK-3.0-dp4/Pebble/aplite/lib/libpebble.a(tmpOQubyMpebble.o)
 .text.scroll_layer_set_click_config_onto_window
                0x0000000000000000        0xc /Users/jpalazz2/pebble-dev/PebbleSDK-3.0-dp4/Pebble/aplite/lib/libpebble.a(tmpOQubyMpebble.o)
 .text.scroll_layer_set_content_offset
                0x0000000000000000        0xc /Users/jpalazz2/pebble-dev/PebbleSDK-3.0-dp4/Pebble/aplite/lib/libpebble.a(tmpOQubyMpebble.o)
 .text.scroll_layer_set_content_size
                0x0000000000000000        0xc /Users/jpalazz2/pebble-dev/PebbleSDK-3.0-dp4/Pebble/aplite/lib/libpebble.a(tmpOQubyMpebble.o)
 .text.scroll_layer_set_context
                0x0000000000000000        0xc /Users/jpalazz2/pebble-dev/PebbleSDK-3.0-dp4/Pebble/aplite/lib/libpebble.a(tmpOQubyMpebble.o)
 .text.scroll_layer_set_frame
                0x0000000000000000        0xc /Users/jpalazz2/pebble-dev/PebbleSDK-3.0-dp4/Pebble/aplite/lib/libpebble.a(tmpOQubyMpebble.o)
 .text.scroll_layer_set_shadow_hidden
                0x0000000000000000        0xc /Users/jpalazz2/pebble-dev/PebbleSDK-3.0-dp4/Pebble/aplite/lib/libpebble.a(tmpOQubyMpebble.o)
 .text.simple_menu_layer_create
                0x0000000000000000        0xc /Users/jpalazz2/pebble-dev/PebbleSDK-3.0-dp4/Pebble/aplite/lib/libpebble.a(tmpOQubyMpebble.o)
 .text.simple_menu_layer_destroy
                0x0000000000000000        0xc /Users/jpalazz2/pebble-dev/PebbleSDK-3.0-dp4/Pebble/aplite/lib/libpebble.a(tmpOQubyMpebble.o)
 .text.simple_menu_layer_get_layer
                0x0000000000000000        0xc /Users/jpalazz2/pebble-dev/PebbleSDK-3.0-dp4/Pebble/aplite/lib/libpebble.a(tmpOQubyMpebble.o)
 .text.simple_menu_layer_get_selected_index
                0x0000000000000000        0xc /Users/jpalazz2/pebble-dev/PebbleSDK-3.0-dp4/Pebble/aplite/lib/libpebble.a(tmpOQubyMpebble.o)
 .text.simple_menu_layer_set_selected_index
                0x0000000000000000        0xc /Users/jpalazz2/pebble-dev/PebbleSDK-3.0-dp4/Pebble/aplite/lib/libpebble.a(tmpOQubyMpebble.o)
 .text.sin_lookup
                0x0000000000000000        0xc /Users/jpalazz2/pebble-dev/PebbleSDK-3.0-dp4/Pebble/aplite/lib/libpebble.a(tmpOQubyMpebble.o)
 .text.snprintf
                0x0000000000000000        0xc /Users/jpalazz2/pebble-dev/PebbleSDK-3.0-dp4/Pebble/aplite/lib/libpebble.a(tmpOQubyMpebble.o)
 .text.srand    0x0000000000000000        0xc /Users/jpalazz2/pebble-dev/PebbleSDK-3.0-dp4/Pebble/aplite/lib/libpebble.a(tmpOQubyMpebble.o)
 .text.strcat   0x0000000000000000        0xc /Users/jpalazz2/pebble-dev/PebbleSDK-3.0-dp4/Pebble/aplite/lib/libpebble.a(tmpOQubyMpebble.o)
 .text.strcmp   0x0000000000000000        0xc /Users/jpalazz2/pebble-dev/PebbleSDK-3.0-dp4/Pebble/aplite/lib/libpebble.a(tmpOQubyMpebble.o)
 .text.strcpy   0x0000000000000000        0xc /Users/jpalazz2/pebble-dev/PebbleSDK-3.0-dp4/Pebble/aplite/lib/libpebble.a(tmpOQubyMpebble.o)
 .text.strlen   0x0000000000000000        0xc /Users/jpalazz2/pebble-dev/PebbleSDK-3.0-dp4/Pebble/aplite/lib/libpebble.a(tmpOQubyMpebble.o)
 .text.strncat  0x0000000000000000        0xc /Users/jpalazz2/pebble-dev/PebbleSDK-3.0-dp4/Pebble/aplite/lib/libpebble.a(tmpOQubyMpebble.o)
 .text.strncmp  0x0000000000000000        0xc /Users/jpalazz2/pebble-dev/PebbleSDK-3.0-dp4/Pebble/aplite/lib/libpebble.a(tmpOQubyMpebble.o)
 .text.strncpy  0x0000000000000000        0xc /Users/jpalazz2/pebble-dev/PebbleSDK-3.0-dp4/Pebble/aplite/lib/libpebble.a(tmpOQubyMpebble.o)
 .text.text_layer_get_content_size
                0x0000000000000000        0xc /Users/jpalazz2/pebble-dev/PebbleSDK-3.0-dp4/Pebble/aplite/lib/libpebble.a(tmpOQubyMpebble.o)
 .text.text_layer_get_text
                0x0000000000000000        0xc /Users/jpalazz2/pebble-dev/PebbleSDK-3.0-dp4/Pebble/aplite/lib/libpebble.a(tmpOQubyMpebble.o)
 .text.text_layer_set_overflow_mode
                0x0000000000000000        0xc /Users/jpalazz2/pebble-dev/PebbleSDK-3.0-dp4/Pebble/aplite/lib/libpebble.a(tmpOQubyMpebble.o)
 .text.text_layer_set_size
                0x0000000000000000        0xc /Users/jpalazz2/pebble-dev/PebbleSDK-3.0-dp4/Pebble/aplite/lib/libpebble.a(tmpOQubyMpebble.o)
 .text.time_ms  0x0000000000000000        0xc /Users/jpalazz2/pebble-dev/PebbleSDK-3.0-dp4/Pebble/aplite/lib/libpebble.a(tmpOQubyMpebble.o)
 .text.vibes_cancel
                0x0000000000000000        0xc /Users/jpalazz2/pebble-dev/PebbleSDK-3.0-dp4/Pebble/aplite/lib/libpebble.a(tmpOQubyMpebble.o)
 .text.vibes_double_pulse
                0x0000000000000000        0xc /Users/jpalazz2/pebble-dev/PebbleSDK-3.0-dp4/Pebble/aplite/lib/libpebble.a(tmpOQubyMpebble.o)
 .text.vibes_enqueue_custom_pattern
                0x0000000000000000        0xc /Users/jpalazz2/pebble-dev/PebbleSDK-3.0-dp4/Pebble/aplite/lib/libpebble.a(tmpOQubyMpebble.o)
 .text.vibes_long_pulse
                0x0000000000000000        0xc /Users/jpalazz2/pebble-dev/PebbleSDK-3.0-dp4/Pebble/aplite/lib/libpebble.a(tmpOQubyMpebble.o)
 .text.vibes_short_pulse
                0x0000000000000000        0xc /Users/jpalazz2/pebble-dev/PebbleSDK-3.0-dp4/Pebble/aplite/lib/libpebble.a(tmpOQubyMpebble.o)
 .text.window_get_click_config_provider
                0x0000000000000000        0xc /Users/jpalazz2/pebble-dev/PebbleSDK-3.0-dp4/Pebble/aplite/lib/libpebble.a(tmpOQubyMpebble.o)
 .text.window_get_fullscreen
                0x0000000000000000        0xc /Users/jpalazz2/pebble-dev/PebbleSDK-3.0-dp4/Pebble/aplite/lib/libpebble.a(tmpOQubyMpebble.o)
 .text.window_is_loaded
                0x0000000000000000        0xc /Users/jpalazz2/pebble-dev/PebbleSDK-3.0-dp4/Pebble/aplite/lib/libpebble.a(tmpOQubyMpebble.o)
 .text.window_set_click_config_provider
                0x0000000000000000        0xc /Users/jpalazz2/pebble-dev/PebbleSDK-3.0-dp4/Pebble/aplite/lib/libpebble.a(tmpOQubyMpebble.o)
 .text.window_set_click_config_provider_with_context
                0x0000000000000000        0xc /Users/jpalazz2/pebble-dev/PebbleSDK-3.0-dp4/Pebble/aplite/lib/libpebble.a(tmpOQubyMpebble.o)
 .text.window_set_fullscreen
                0x0000000000000000        0xc /Users/jpalazz2/pebble-dev/PebbleSDK-3.0-dp4/Pebble/aplite/lib/libpebble.a(tmpOQubyMpebble.o)
 .text.window_set_status_bar_icon
                0x0000000000000000        0xc /Users/jpalazz2/pebble-dev/PebbleSDK-3.0-dp4/Pebble/aplite/lib/libpebble.a(tmpOQubyMpebble.o)
 .text.window_stack_contains_window
                0x0000000000000000        0xc /Users/jpalazz2/pebble-dev/PebbleSDK-3.0-dp4/Pebble/aplite/lib/libpebble.a(tmpOQubyMpebble.o)
 .text.window_stack_get_top_window
                0x0000000000000000        0xc /Users/jpalazz2/pebble-dev/PebbleSDK-3.0-dp4/Pebble/aplite/lib/libpebble.a(tmpOQubyMpebble.o)
 .text.window_stack_pop
                0x0000000000000000        0xc /Users/jpalazz2/pebble-dev/PebbleSDK-3.0-dp4/Pebble/aplite/lib/libpebble.a(tmpOQubyMpebble.o)
 .text.window_stack_pop_all
                0x0000000000000000        0xc /Users/jpalazz2/pebble-dev/PebbleSDK-3.0-dp4/Pebble/aplite/lib/libpebble.a(tmpOQubyMpebble.o)
 .text.window_stack_remove
                0x0000000000000000        0xc /Users/jpalazz2/pebble-dev/PebbleSDK-3.0-dp4/Pebble/aplite/lib/libpebble.a(tmpOQubyMpebble.o)
 .text.app_focus_service_subscribe
                0x0000000000000000        0xc /Users/jpalazz2/pebble-dev/PebbleSDK-3.0-dp4/Pebble/aplite/lib/libpebble.a(tmpOQubyMpebble.o)
 .text.app_focus_service_unsubscribe
                0x0000000000000000        0xc /Users/jpalazz2/pebble-dev/PebbleSDK-3.0-dp4/Pebble/aplite/lib/libpebble.a(tmpOQubyMpebble.o)
 .text.window_get_user_data
                0x0000000000000000        0xc /Users/jpalazz2/pebble-dev/PebbleSDK-3.0-dp4/Pebble/aplite/lib/libpebble.a(tmpOQubyMpebble.o)
 .text.window_set_user_data
                0x0000000000000000        0xc /Users/jpalazz2/pebble-dev/PebbleSDK-3.0-dp4/Pebble/aplite/lib/libpebble.a(tmpOQubyMpebble.o)
 .text.app_message_get_context
                0x0000000000000000        0xc /Users/jpalazz2/pebble-dev/PebbleSDK-3.0-dp4/Pebble/aplite/lib/libpebble.a(tmpOQubyMpebble.o)
 .text.app_message_outbox_begin
                0x0000000000000000        0xc /Users/jpalazz2/pebble-dev/PebbleSDK-3.0-dp4/Pebble/aplite/lib/libpebble.a(tmpOQubyMpebble.o)
 .text.app_message_outbox_send
                0x0000000000000000        0xc /Users/jpalazz2/pebble-dev/PebbleSDK-3.0-dp4/Pebble/aplite/lib/libpebble.a(tmpOQubyMpebble.o)
 .text.app_message_set_context
                0x0000000000000000        0xc /Users/jpalazz2/pebble-dev/PebbleSDK-3.0-dp4/Pebble/aplite/lib/libpebble.a(tmpOQubyMpebble.o)
 .text.window_long_click_subscribe
                0x0000000000000000        0xc /Users/jpalazz2/pebble-dev/PebbleSDK-3.0-dp4/Pebble/aplite/lib/libpebble.a(tmpOQubyMpebble.o)
 .text.window_multi_click_subscribe
                0x0000000000000000        0xc /Users/jpalazz2/pebble-dev/PebbleSDK-3.0-dp4/Pebble/aplite/lib/libpebble.a(tmpOQubyMpebble.o)
 .text.window_raw_click_subscribe
                0x0000000000000000        0xc /Users/jpalazz2/pebble-dev/PebbleSDK-3.0-dp4/Pebble/aplite/lib/libpebble.a(tmpOQubyMpebble.o)
 .text.window_set_click_context
                0x0000000000000000        0xc /Users/jpalazz2/pebble-dev/PebbleSDK-3.0-dp4/Pebble/aplite/lib/libpebble.a(tmpOQubyMpebble.o)
 .text.window_single_click_subscribe
                0x0000000000000000        0xc /Users/jpalazz2/pebble-dev/PebbleSDK-3.0-dp4/Pebble/aplite/lib/libpebble.a(tmpOQubyMpebble.o)
 .text.window_single_repeating_click_subscribe
                0x0000000000000000        0xc /Users/jpalazz2/pebble-dev/PebbleSDK-3.0-dp4/Pebble/aplite/lib/libpebble.a(tmpOQubyMpebble.o)
 .text.graphics_draw_text
                0x0000000000000000        0xc /Users/jpalazz2/pebble-dev/PebbleSDK-3.0-dp4/Pebble/aplite/lib/libpebble.a(tmpOQubyMpebble.o)
 .text.dict_serialize_tuplets_to_buffer
                0x0000000000000000        0xc /Users/jpalazz2/pebble-dev/PebbleSDK-3.0-dp4/Pebble/aplite/lib/libpebble.a(tmpOQubyMpebble.o)
 .text.persist_read_data
                0x0000000000000000        0xc /Users/jpalazz2/pebble-dev/PebbleSDK-3.0-dp4/Pebble/aplite/lib/libpebble.a(tmpOQubyMpebble.o)
 .text.persist_read_string
                0x0000000000000000        0xc /Users/jpalazz2/pebble-dev/PebbleSDK-3.0-dp4/Pebble/aplite/lib/libpebble.a(tmpOQubyMpebble.o)
 .text.persist_write_data
                0x0000000000000000        0xc /Users/jpalazz2/pebble-dev/PebbleSDK-3.0-dp4/Pebble/aplite/lib/libpebble.a(tmpOQubyMpebble.o)
 .text.dict_size
                0x0000000000000000        0xc /Users/jpalazz2/pebble-dev/PebbleSDK-3.0-dp4/Pebble/aplite/lib/libpebble.a(tmpOQubyMpebble.o)
 .text.graphics_text_layout_get_content_size
                0x0000000000000000        0xc /Users/jpalazz2/pebble-dev/PebbleSDK-3.0-dp4/Pebble/aplite/lib/libpebble.a(tmpOQubyMpebble.o)
 .text.simple_menu_layer_get_menu_layer
                0x0000000000000000        0xc /Users/jpalazz2/pebble-dev/PebbleSDK-3.0-dp4/Pebble/aplite/lib/libpebble.a(tmpOQubyMpebble.o)
 .text.accel_data_service_subscribe
                0x0000000000000000        0xc /Users/jpalazz2/pebble-dev/PebbleSDK-3.0-dp4/Pebble/aplite/lib/libpebble.a(tmpOQubyMpebble.o)
 .text.calloc   0x0000000000000000        0xc /Users/jpalazz2/pebble-dev/PebbleSDK-3.0-dp4/Pebble/aplite/lib/libpebble.a(tmpOQubyMpebble.o)
 .text.bitmap_layer_get_bitmap
                0x0000000000000000        0xc /Users/jpalazz2/pebble-dev/PebbleSDK-3.0-dp4/Pebble/aplite/lib/libpebble.a(tmpOQubyMpebble.o)
 .text.menu_layer_set_callbacks
                0x0000000000000000        0xc /Users/jpalazz2/pebble-dev/PebbleSDK-3.0-dp4/Pebble/aplite/lib/libpebble.a(tmpOQubyMpebble.o)
 .text.window_get_click_config_context
                0x0000000000000000        0xc /Users/jpalazz2/pebble-dev/PebbleSDK-3.0-dp4/Pebble/aplite/lib/libpebble.a(tmpOQubyMpebble.o)
 .text.number_window_get_window
                0x0000000000000000        0xc /Users/jpalazz2/pebble-dev/PebbleSDK-3.0-dp4/Pebble/aplite/lib/libpebble.a(tmpOQubyMpebble.o)
 .text.realloc  0x0000000000000000        0xc /Users/jpalazz2/pebble-dev/PebbleSDK-3.0-dp4/Pebble/aplite/lib/libpebble.a(tmpOQubyMpebble.o)
 .text.gbitmap_create_blank
                0x0000000000000000        0xc /Users/jpalazz2/pebble-dev/PebbleSDK-3.0-dp4/Pebble/aplite/lib/libpebble.a(tmpOQubyMpebble.o)
 .text.click_recognizer_is_repeating
                0x0000000000000000        0xc /Users/jpalazz2/pebble-dev/PebbleSDK-3.0-dp4/Pebble/aplite/lib/libpebble.a(tmpOQubyMpebble.o)
 .text.accel_raw_data_service_subscribe
                0x0000000000000000        0xc /Users/jpalazz2/pebble-dev/PebbleSDK-3.0-dp4/Pebble/aplite/lib/libpebble.a(tmpOQubyMpebble.o)
 .text.app_worker_is_running
                0x0000000000000000        0xc /Users/jpalazz2/pebble-dev/PebbleSDK-3.0-dp4/Pebble/aplite/lib/libpebble.a(tmpOQubyMpebble.o)
 .text.app_worker_kill
                0x0000000000000000        0xc /Users/jpalazz2/pebble-dev/PebbleSDK-3.0-dp4/Pebble/aplite/lib/libpebble.a(tmpOQubyMpebble.o)
 .text.app_worker_launch
                0x0000000000000000        0xc /Users/jpalazz2/pebble-dev/PebbleSDK-3.0-dp4/Pebble/aplite/lib/libpebble.a(tmpOQubyMpebble.o)
 .text.app_worker_message_subscribe
                0x0000000000000000        0xc /Users/jpalazz2/pebble-dev/PebbleSDK-3.0-dp4/Pebble/aplite/lib/libpebble.a(tmpOQubyMpebble.o)
 .text.app_worker_message_unsubscribe
                0x0000000000000000        0xc /Users/jpalazz2/pebble-dev/PebbleSDK-3.0-dp4/Pebble/aplite/lib/libpebble.a(tmpOQubyMpebble.o)
 .text.app_worker_send_message
                0x0000000000000000        0xc /Users/jpalazz2/pebble-dev/PebbleSDK-3.0-dp4/Pebble/aplite/lib/libpebble.a(tmpOQubyMpebble.o)
 .text.worker_event_loop
                0x0000000000000000        0xc /Users/jpalazz2/pebble-dev/PebbleSDK-3.0-dp4/Pebble/aplite/lib/libpebble.a(tmpOQubyMpebble.o)
 .text.worker_launch_app
                0x0000000000000000        0xc /Users/jpalazz2/pebble-dev/PebbleSDK-3.0-dp4/Pebble/aplite/lib/libpebble.a(tmpOQubyMpebble.o)
 .text.heap_bytes_free
                0x0000000000000000        0xc /Users/jpalazz2/pebble-dev/PebbleSDK-3.0-dp4/Pebble/aplite/lib/libpebble.a(tmpOQubyMpebble.o)
 .text.heap_bytes_used
                0x0000000000000000        0xc /Users/jpalazz2/pebble-dev/PebbleSDK-3.0-dp4/Pebble/aplite/lib/libpebble.a(tmpOQubyMpebble.o)
 .text.compass_service_peek
                0x0000000000000000        0xc /Users/jpalazz2/pebble-dev/PebbleSDK-3.0-dp4/Pebble/aplite/lib/libpebble.a(tmpOQubyMpebble.o)
 .text.compass_service_set_heading_filter
                0x0000000000000000        0xc /Users/jpalazz2/pebble-dev/PebbleSDK-3.0-dp4/Pebble/aplite/lib/libpebble.a(tmpOQubyMpebble.o)
 .text.compass_service_subscribe
                0x0000000000000000        0xc /Users/jpalazz2/pebble-dev/PebbleSDK-3.0-dp4/Pebble/aplite/lib/libpebble.a(tmpOQubyMpebble.o)
 .text.compass_service_unsubscribe
                0x0000000000000000        0xc /Users/jpalazz2/pebble-dev/PebbleSDK-3.0-dp4/Pebble/aplite/lib/libpebble.a(tmpOQubyMpebble.o)
 .text.uuid_equal
                0x0000000000000000        0xc /Users/jpalazz2/pebble-dev/PebbleSDK-3.0-dp4/Pebble/aplite/lib/libpebble.a(tmpOQubyMpebble.o)
 .text.uuid_to_string
                0x0000000000000000        0xc /Users/jpalazz2/pebble-dev/PebbleSDK-3.0-dp4/Pebble/aplite/lib/libpebble.a(tmpOQubyMpebble.o)
 .text.gpath_draw_filled
                0x0000000000000000        0xc /Users/jpalazz2/pebble-dev/PebbleSDK-3.0-dp4/Pebble/aplite/lib/libpebble.a(tmpOQubyMpebble.o)
 .text.animation_set_custom_curve
                0x0000000000000000        0xc /Users/jpalazz2/pebble-dev/PebbleSDK-3.0-dp4/Pebble/aplite/lib/libpebble.a(tmpOQubyMpebble.o)
 .text.watch_info_get_color
                0x0000000000000000        0xc /Users/jpalazz2/pebble-dev/PebbleSDK-3.0-dp4/Pebble/aplite/lib/libpebble.a(tmpOQubyMpebble.o)
 .text.watch_info_get_firmware_version
                0x0000000000000000        0xc /Users/jpalazz2/pebble-dev/PebbleSDK-3.0-dp4/Pebble/aplite/lib/libpebble.a(tmpOQubyMpebble.o)
 .text.watch_info_get_model
                0x0000000000000000        0xc /Users/jpalazz2/pebble-dev/PebbleSDK-3.0-dp4/Pebble/aplite/lib/libpebble.a(tmpOQubyMpebble.o)
 .text.graphics_capture_frame_buffer
                0x0000000000000000        0xc /Users/jpalazz2/pebble-dev/PebbleSDK-3.0-dp4/Pebble/aplite/lib/libpebble.a(tmpOQubyMpebble.o)
 .text.graphics_frame_buffer_is_captured
                0x0000000000000000        0xc /Users/jpalazz2/pebble-dev/PebbleSDK-3.0-dp4/Pebble/aplite/lib/libpebble.a(tmpOQubyMpebble.o)
 .text.graphics_release_frame_buffer
                0x0000000000000000        0xc /Users/jpalazz2/pebble-dev/PebbleSDK-3.0-dp4/Pebble/aplite/lib/libpebble.a(tmpOQubyMpebble.o)
 .text.clock_to_timestamp
                0x0000000000000000        0xc /Users/jpalazz2/pebble-dev/PebbleSDK-3.0-dp4/Pebble/aplite/lib/libpebble.a(tmpOQubyMpebble.o)
 .text.launch_reason
                0x0000000000000000        0xc /Users/jpalazz2/pebble-dev/PebbleSDK-3.0-dp4/Pebble/aplite/lib/libpebble.a(tmpOQubyMpebble.o)
 .text.wakeup_cancel
                0x0000000000000000        0xc /Users/jpalazz2/pebble-dev/PebbleSDK-3.0-dp4/Pebble/aplite/lib/libpebble.a(tmpOQubyMpebble.o)
 .text.wakeup_cancel_all
                0x0000000000000000        0xc /Users/jpalazz2/pebble-dev/PebbleSDK-3.0-dp4/Pebble/aplite/lib/libpebble.a(tmpOQubyMpebble.o)
 .text.wakeup_get_launch_event
                0x0000000000000000        0xc /Users/jpalazz2/pebble-dev/PebbleSDK-3.0-dp4/Pebble/aplite/lib/libpebble.a(tmpOQubyMpebble.o)
 .text.wakeup_query
                0x0000000000000000        0xc /Users/jpalazz2/pebble-dev/PebbleSDK-3.0-dp4/Pebble/aplite/lib/libpebble.a(tmpOQubyMpebble.o)
 .text.wakeup_schedule
                0x0000000000000000        0xc /Users/jpalazz2/pebble-dev/PebbleSDK-3.0-dp4/Pebble/aplite/lib/libpebble.a(tmpOQubyMpebble.o)
 .text.wakeup_service_subscribe
                0x0000000000000000        0xc /Users/jpalazz2/pebble-dev/PebbleSDK-3.0-dp4/Pebble/aplite/lib/libpebble.a(tmpOQubyMpebble.o)
 .text.clock_is_timezone_set
                0x0000000000000000        0xc /Users/jpalazz2/pebble-dev/PebbleSDK-3.0-dp4/Pebble/aplite/lib/libpebble.a(tmpOQubyMpebble.o)
 .text.i18n_get_system_locale
                0x0000000000000000        0xc /Users/jpalazz2/pebble-dev/PebbleSDK-3.0-dp4/Pebble/aplite/lib/libpebble.a(tmpOQubyMpebble.o)
 .text._localeconv_r
                0x0000000000000000        0xc /Users/jpalazz2/pebble-dev/PebbleSDK-3.0-dp4/Pebble/aplite/lib/libpebble.a(tmpOQubyMpebble.o)
 .text.setlocale
                0x0000000000000000        0xc /Users/jpalazz2/pebble-dev/PebbleSDK-3.0-dp4/Pebble/aplite/lib/libpebble.a(tmpOQubyMpebble.o)
 .text.mktime   0x0000000000000000        0xc /Users/jpalazz2/pebble-dev/PebbleSDK-3.0-dp4/Pebble/aplite/lib/libpebble.a(tmpOQubyMpebble.o)
 .text          0x0000000000000000        0x0 /Users/jpalazz2/pebble-dev/PebbleSDK-3.0-dp4/arm-cs-tools/bin/../lib/gcc/arm-none-eabi/4.7.2/thumb2/crtend.o
 .bss           0x0000000000000000        0x0 /Users/jpalazz2/pebble-dev/PebbleSDK-3.0-dp4/arm-cs-tools/bin/../lib/gcc/arm-none-eabi/4.7.2/thumb2/crtend.o
 .eh_frame      0x0000000000000000        0x4 /Users/jpalazz2/pebble-dev/PebbleSDK-3.0-dp4/arm-cs-tools/bin/../lib/gcc/arm-none-eabi/4.7.2/thumb2/crtend.o
 .jcr           0x0000000000000000        0x4 /Users/jpalazz2/pebble-dev/PebbleSDK-3.0-dp4/arm-cs-tools/bin/../lib/gcc/arm-none-eabi/4.7.2/thumb2/crtend.o
 .tm_clone_table
                0x0000000000000000        0x0 /Users/jpalazz2/pebble-dev/PebbleSDK-3.0-dp4/arm-cs-tools/bin/../lib/gcc/arm-none-eabi/4.7.2/thumb2/crtend.o
 .text          0x0000000000000000        0x0 /Users/jpalazz2/pebble-dev/PebbleSDK-3.0-dp4/arm-cs-tools/bin/../lib/gcc/arm-none-eabi/4.7.2/thumb2/crtn.o
 .bss           0x0000000000000000        0x0 /Users/jpalazz2/pebble-dev/PebbleSDK-3.0-dp4/arm-cs-tools/bin/../lib/gcc/arm-none-eabi/4.7.2/thumb2/crtn.o
 .init          0x0000000000000000        0x8 /Users/jpalazz2/pebble-dev/PebbleSDK-3.0-dp4/arm-cs-tools/bin/../lib/gcc/arm-none-eabi/4.7.2/thumb2/crtn.o
 .fini          0x0000000000000000        0x8 /Users/jpalazz2/pebble-dev/PebbleSDK-3.0-dp4/arm-cs-tools/bin/../lib/gcc/arm-none-eabi/4.7.2/thumb2/crtn.o

Memory Configuration

Name             Origin             Length             Attributes
APP              0x0000000000000000 0x0000000000006000 xrw
*default*        0x0000000000000000 0xffffffffffffffff

Linker script and memory map

LOAD /Users/jpalazz2/pebble-dev/PebbleSDK-3.0-dp4/arm-cs-tools/bin/../lib/gcc/arm-none-eabi/4.7.2/thumb2/crti.o
LOAD /Users/jpalazz2/pebble-dev/PebbleSDK-3.0-dp4/arm-cs-tools/bin/../lib/gcc/arm-none-eabi/4.7.2/thumb2/crtbegin.o
LOAD src/animation.c.28.o
LOAD src/main.c.28.o
LOAD aplite/appinfo.auto.c.28.o
LOAD /Users/jpalazz2/pebble-dev/PebbleSDK-3.0-dp4/Pebble/aplite/lib/libpebble.a
START GROUP
LOAD /Users/jpalazz2/pebble-dev/PebbleSDK-3.0-dp4/arm-cs-tools/bin/../lib/gcc/arm-none-eabi/4.7.2/thumb2/libgcc.a
LOAD /Users/jpalazz2/pebble-dev/PebbleSDK-3.0-dp4/arm-cs-tools/bin/../lib/gcc/arm-none-eabi/4.7.2/../../../../arm-none-eabi/lib/thumb2/libc.a
END GROUP
LOAD /Users/jpalazz2/pebble-dev/PebbleSDK-3.0-dp4/arm-cs-tools/bin/../lib/gcc/arm-none-eabi/4.7.2/thumb2/crtend.o
LOAD /Users/jpalazz2/pebble-dev/PebbleSDK-3.0-dp4/arm-cs-tools/bin/../lib/gcc/arm-none-eabi/4.7.2/thumb2/crtn.o

.header         0x0000000000000000       0x82
 *(.pbl_header)
 .pbl_header    0x0000000000000000       0x82 aplite/appinfo.auto.c.28.o
                0x0000000000000000                __pbl_app_info

.note.gnu.build-id
                0x0000000000000082       0x26
                0x0000000000000082                PROVIDE (BUILD_ID, .)
 *(.note.gnu.build-id)
 *fill*         0x0000000000000082        0x2 
 .note.gnu.build-id
                0x0000000000000084       0x24 linker stubs

.text           0x00000000000000a8     0x18c3
 *(.text)
 .text          0x00000000000000a8       0x14 /Users/jpalazz2/pebble-dev/PebbleSDK-3.0-dp4/Pebble/aplite/lib/libpebble.a(tmpOQubyMpebble.o)
 *(.text.*)
 .text.create_animations
                0x00000000000000bc      0x334 src/animation.c.28.o
                0x00000000000000bc                create_animations
 .text.destroy_animations
                0x00000000000003f0       0x2c src/animation.c.28.o
                0x00000000000003f0                destroy_animations
 .text.outbox_sent_callback
                0x000000000000041c       0x18 src/main.c.28.o
 .text.outbox_failed_callback
                0x0000000000000434       0x18 src/main.c.28.o
 .text.inbox_dropped_callback
                0x000000000000044c       0x18 src/main.c.28.o
 .text.bluetooth_handler
                0x0000000000000464       0x3c src/main.c.28.o
 .text.update_time
                0x00000000000004a0       0xfc src/main.c.28.o
 .text.inbox_received_callback
                0x000000000000059c       0x80 src/main.c.28.o
 .text.main_window_unload
                0x000000000000061c      0x118 src/main.c.28.o
                0x000000000000061c                main_window_unload
 .text.main_window_load
                0x0000000000000734      0x5b0 src/main.c.28.o
                0x0000000000000734                main_window_load
 .text.battery_handler
                0x0000000000000ce4       0x5c src/main.c.28.o
 .text.reset_screen
                0x0000000000000d40       0x7c src/main.c.28.o
 .text.battery_layer_update_proc
                0x0000000000000dbc       0xd0 src/main.c.28.o
 .text.tick_handler
                0x0000000000000e8c      0x174 src/main.c.28.o
 .text.look_right_half
                0x0000000000001000       0x34 src/main.c.28.o
 .text.look_left_full
                0x0000000000001034       0x34 src/main.c.28.o
 .text.look_right_start
                0x0000000000001068       0x34 src/main.c.28.o
 .text.look_left_start
                0x000000000000109c       0x34 src/main.c.28.o
                0x000000000000109c                look_left_start
 .text.look_right_full
                0x00000000000010d0       0x34 src/main.c.28.o
                0x00000000000010d0                look_right_full
 .text.look_left_half
                0x0000000000001104       0x34 src/main.c.28.o
                0x0000000000001104                look_left_half
 .text.blink_finished
                0x0000000000001138       0x34 src/main.c.28.o
                0x0000000000001138                blink_finished
 .text.home_eyes
                0x000000000000116c       0x74 src/main.c.28.o
 .text.center_eyes
                0x00000000000011e0       0x74 src/main.c.28.o
 .text.handle_init
                0x0000000000001254      0x128 src/main.c.28.o
                0x0000000000001254                handle_init
 .text.handle_deinit
                0x000000000000137c       0x68 src/main.c.28.o
                0x000000000000137c                handle_deinit
 .text.startup.main
                0x00000000000013e4       0x12 src/main.c.28.o
                0x00000000000013e4                main
 *fill*         0x00000000000013f6        0x2 
 .text.animation_schedule
                0x00000000000013f8        0xc /Users/jpalazz2/pebble-dev/PebbleSDK-3.0-dp4/Pebble/aplite/lib/libpebble.a(tmpOQubyMpebble.o)
                0x00000000000013f8                animation_schedule
 .text.animation_set_delay
                0x0000000000001404        0xc /Users/jpalazz2/pebble-dev/PebbleSDK-3.0-dp4/Pebble/aplite/lib/libpebble.a(tmpOQubyMpebble.o)
                0x0000000000001404                animation_set_delay
 .text.animation_set_duration
                0x0000000000001410        0xc /Users/jpalazz2/pebble-dev/PebbleSDK-3.0-dp4/Pebble/aplite/lib/libpebble.a(tmpOQubyMpebble.o)
                0x0000000000001410                animation_set_duration
 .text.animation_set_handlers
                0x000000000000141c        0xc /Users/jpalazz2/pebble-dev/PebbleSDK-3.0-dp4/Pebble/aplite/lib/libpebble.a(tmpOQubyMpebble.o)
                0x000000000000141c                animation_set_handlers
 .text.animation_unschedule_all
                0x0000000000001428        0xc /Users/jpalazz2/pebble-dev/PebbleSDK-3.0-dp4/Pebble/aplite/lib/libpebble.a(tmpOQubyMpebble.o)
                0x0000000000001428                animation_unschedule_all
 .text.app_event_loop
                0x0000000000001434        0xc /Users/jpalazz2/pebble-dev/PebbleSDK-3.0-dp4/Pebble/aplite/lib/libpebble.a(tmpOQubyMpebble.o)
                0x0000000000001434                app_event_loop
 .text.app_log  0x0000000000001440        0xc /Users/jpalazz2/pebble-dev/PebbleSDK-3.0-dp4/Pebble/aplite/lib/libpebble.a(tmpOQubyMpebble.o)
                0x0000000000001440                app_log
 .text.app_message_open
                0x000000000000144c        0xc /Users/jpalazz2/pebble-dev/PebbleSDK-3.0-dp4/Pebble/aplite/lib/libpebble.a(tmpOQubyMpebble.o)
                0x000000000000144c                app_message_open
 .text.battery_state_service_peek
                0x0000000000001458        0xc /Users/jpalazz2/pebble-dev/PebbleSDK-3.0-dp4/Pebble/aplite/lib/libpebble.a(tmpOQubyMpebble.o)
                0x0000000000001458                battery_state_service_peek
 .text.battery_state_service_subscribe
                0x0000000000001464        0xc /Users/jpalazz2/pebble-dev/PebbleSDK-3.0-dp4/Pebble/aplite/lib/libpebble.a(tmpOQubyMpebble.o)
                0x0000000000001464                battery_state_service_subscribe
 .text.battery_state_service_unsubscribe
                0x0000000000001470        0xc /Users/jpalazz2/pebble-dev/PebbleSDK-3.0-dp4/Pebble/aplite/lib/libpebble.a(tmpOQubyMpebble.o)
                0x0000000000001470                battery_state_service_unsubscribe
 .text.bitmap_layer_create
                0x000000000000147c        0xc /Users/jpalazz2/pebble-dev/PebbleSDK-3.0-dp4/Pebble/aplite/lib/libpebble.a(tmpOQubyMpebble.o)
                0x000000000000147c                bitmap_layer_create
 .text.bitmap_layer_destroy
                0x0000000000001488        0xc /Users/jpalazz2/pebble-dev/PebbleSDK-3.0-dp4/Pebble/aplite/lib/libpebble.a(tmpOQubyMpebble.o)
                0x0000000000001488                bitmap_layer_destroy
 .text.bitmap_layer_get_layer
                0x0000000000001494        0xc /Users/jpalazz2/pebble-dev/PebbleSDK-3.0-dp4/Pebble/aplite/lib/libpebble.a(tmpOQubyMpebble.o)
                0x0000000000001494                bitmap_layer_get_layer
 .text.bitmap_layer_set_alignment
                0x00000000000014a0        0xc /Users/jpalazz2/pebble-dev/PebbleSDK-3.0-dp4/Pebble/aplite/lib/libpebble.a(tmpOQubyMpebble.o)
                0x00000000000014a0                bitmap_layer_set_alignment
 .text.bitmap_layer_set_background_color
                0x00000000000014ac        0xc /Users/jpalazz2/pebble-dev/PebbleSDK-3.0-dp4/Pebble/aplite/lib/libpebble.a(tmpOQubyMpebble.o)
                0x00000000000014ac                bitmap_layer_set_background_color
 .text.bitmap_layer_set_bitmap
                0x00000000000014b8        0xc /Users/jpalazz2/pebble-dev/PebbleSDK-3.0-dp4/Pebble/aplite/lib/libpebble.a(tmpOQubyMpebble.o)
                0x00000000000014b8                bitmap_layer_set_bitmap
 .text.bitmap_layer_set_compositing_mode
                0x00000000000014c4        0xc /Users/jpalazz2/pebble-dev/PebbleSDK-3.0-dp4/Pebble/aplite/lib/libpebble.a(tmpOQubyMpebble.o)
                0x00000000000014c4                bitmap_layer_set_compositing_mode
 .text.bluetooth_connection_service_peek
                0x00000000000014d0        0xc /Users/jpalazz2/pebble-dev/PebbleSDK-3.0-dp4/Pebble/aplite/lib/libpebble.a(tmpOQubyMpebble.o)
                0x00000000000014d0                bluetooth_connection_service_peek
 .text.bluetooth_connection_service_subscribe
                0x00000000000014dc        0xc /Users/jpalazz2/pebble-dev/PebbleSDK-3.0-dp4/Pebble/aplite/lib/libpebble.a(tmpOQubyMpebble.o)
                0x00000000000014dc                bluetooth_connection_service_subscribe
 .text.bluetooth_connection_service_unsubscribe
                0x00000000000014e8        0xc /Users/jpalazz2/pebble-dev/PebbleSDK-3.0-dp4/Pebble/aplite/lib/libpebble.a(tmpOQubyMpebble.o)
                0x00000000000014e8                bluetooth_connection_service_unsubscribe
 .text.clock_is_24h_style
                0x00000000000014f4        0xc /Users/jpalazz2/pebble-dev/PebbleSDK-3.0-dp4/Pebble/aplite/lib/libpebble.a(tmpOQubyMpebble.o)
                0x00000000000014f4                clock_is_24h_style
 .text.dict_read_first
                0x0000000000001500        0xc /Users/jpalazz2/pebble-dev/PebbleSDK-3.0-dp4/Pebble/aplite/lib/libpebble.a(tmpOQubyMpebble.o)
                0x0000000000001500                dict_read_first
 .text.dict_read_next
                0x000000000000150c        0xc /Users/jpalazz2/pebble-dev/PebbleSDK-3.0-dp4/Pebble/aplite/lib/libpebble.a(tmpOQubyMpebble.o)
                0x000000000000150c                dict_read_next
 .text.fonts_get_system_font
                0x0000000000001518        0xc /Users/jpalazz2/pebble-dev/PebbleSDK-3.0-dp4/Pebble/aplite/lib/libpebble.a(tmpOQubyMpebble.o)
                0x0000000000001518                fonts_get_system_font
 .text.free     0x0000000000001524        0xc /Users/jpalazz2/pebble-dev/PebbleSDK-3.0-dp4/Pebble/aplite/lib/libpebble.a(tmpOQubyMpebble.o)
                0x0000000000001524                free
 .text.gbitmap_create_with_resource
                0x0000000000001530        0xc /Users/jpalazz2/pebble-dev/PebbleSDK-3.0-dp4/Pebble/aplite/lib/libpebble.a(tmpOQubyMpebble.o)
                0x0000000000001530                gbitmap_create_with_resource
 .text.gbitmap_destroy
                0x000000000000153c        0xc /Users/jpalazz2/pebble-dev/PebbleSDK-3.0-dp4/Pebble/aplite/lib/libpebble.a(tmpOQubyMpebble.o)
                0x000000000000153c                gbitmap_destroy
 .text.graphics_context_set_fill_color
                0x0000000000001548        0xc /Users/jpalazz2/pebble-dev/PebbleSDK-3.0-dp4/Pebble/aplite/lib/libpebble.a(tmpOQubyMpebble.o)
                0x0000000000001548                graphics_context_set_fill_color
 .text.graphics_context_set_stroke_color
                0x0000000000001554        0xc /Users/jpalazz2/pebble-dev/PebbleSDK-3.0-dp4/Pebble/aplite/lib/libpebble.a(tmpOQubyMpebble.o)
                0x0000000000001554                graphics_context_set_stroke_color
 .text.graphics_draw_rect
                0x0000000000001560        0xc /Users/jpalazz2/pebble-dev/PebbleSDK-3.0-dp4/Pebble/aplite/lib/libpebble.a(tmpOQubyMpebble.o)
                0x0000000000001560                graphics_draw_rect
 .text.graphics_fill_rect
                0x000000000000156c        0xc /Users/jpalazz2/pebble-dev/PebbleSDK-3.0-dp4/Pebble/aplite/lib/libpebble.a(tmpOQubyMpebble.o)
                0x000000000000156c                graphics_fill_rect
 .text.layer_add_child
                0x0000000000001578        0xc /Users/jpalazz2/pebble-dev/PebbleSDK-3.0-dp4/Pebble/aplite/lib/libpebble.a(tmpOQubyMpebble.o)
                0x0000000000001578                layer_add_child
 .text.layer_mark_dirty
                0x0000000000001584        0xc /Users/jpalazz2/pebble-dev/PebbleSDK-3.0-dp4/Pebble/aplite/lib/libpebble.a(tmpOQubyMpebble.o)
                0x0000000000001584                layer_mark_dirty
 .text.layer_set_frame
                0x0000000000001590        0xc /Users/jpalazz2/pebble-dev/PebbleSDK-3.0-dp4/Pebble/aplite/lib/libpebble.a(tmpOQubyMpebble.o)
                0x0000000000001590                layer_set_frame
 .text.layer_set_hidden
                0x000000000000159c        0xc /Users/jpalazz2/pebble-dev/PebbleSDK-3.0-dp4/Pebble/aplite/lib/libpebble.a(tmpOQubyMpebble.o)
                0x000000000000159c                layer_set_hidden
 .text.layer_set_update_proc
                0x00000000000015a8        0xc /Users/jpalazz2/pebble-dev/PebbleSDK-3.0-dp4/Pebble/aplite/lib/libpebble.a(tmpOQubyMpebble.o)
                0x00000000000015a8                layer_set_update_proc
 .text.localtime
                0x00000000000015b4        0xc /Users/jpalazz2/pebble-dev/PebbleSDK-3.0-dp4/Pebble/aplite/lib/libpebble.a(tmpOQubyMpebble.o)
                0x00000000000015b4                localtime
 .text.malloc   0x00000000000015c0        0xc /Users/jpalazz2/pebble-dev/PebbleSDK-3.0-dp4/Pebble/aplite/lib/libpebble.a(tmpOQubyMpebble.o)
                0x00000000000015c0                malloc
 .text.memset   0x00000000000015cc        0xc /Users/jpalazz2/pebble-dev/PebbleSDK-3.0-dp4/Pebble/aplite/lib/libpebble.a(tmpOQubyMpebble.o)
                0x00000000000015cc                memset
 .text.persist_exists
                0x00000000000015d8        0xc /Users/jpalazz2/pebble-dev/PebbleSDK-3.0-dp4/Pebble/aplite/lib/libpebble.a(tmpOQubyMpebble.o)
                0x00000000000015d8                persist_exists
 .text.persist_read_bool
                0x00000000000015e4        0xc /Users/jpalazz2/pebble-dev/PebbleSDK-3.0-dp4/Pebble/aplite/lib/libpebble.a(tmpOQubyMpebble.o)
                0x00000000000015e4                persist_read_bool
 .text.persist_write_bool
                0x00000000000015f0        0xc /Users/jpalazz2/pebble-dev/PebbleSDK-3.0-dp4/Pebble/aplite/lib/libpebble.a(tmpOQubyMpebble.o)
                0x00000000000015f0                persist_write_bool
 .text.property_animation_create_layer_frame
                0x00000000000015fc        0xc /Users/jpalazz2/pebble-dev/PebbleSDK-3.0-dp4/Pebble/aplite/lib/libpebble.a(tmpOQubyMpebble.o)
                0x00000000000015fc                property_animation_create_layer_frame
 .text.property_animation_destroy
                0x0000000000001608        0xc /Users/jpalazz2/pebble-dev/PebbleSDK-3.0-dp4/Pebble/aplite/lib/libpebble.a(tmpOQubyMpebble.o)
                0x0000000000001608                property_animation_destroy
 .text.strftime
                0x0000000000001614        0xc /Users/jpalazz2/pebble-dev/PebbleSDK-3.0-dp4/Pebble/aplite/lib/libpebble.a(tmpOQubyMpebble.o)
                0x0000000000001614                strftime
 .text.text_layer_create
                0x0000000000001620        0xc /Users/jpalazz2/pebble-dev/PebbleSDK-3.0-dp4/Pebble/aplite/lib/libpebble.a(tmpOQubyMpebble.o)
                0x0000000000001620                text_layer_create
 .text.text_layer_destroy
                0x000000000000162c        0xc /Users/jpalazz2/pebble-dev/PebbleSDK-3.0-dp4/Pebble/aplite/lib/libpebble.a(tmpOQubyMpebble.o)
                0x000000000000162c                text_layer_destroy
 .text.text_layer_get_layer
                0x0000000000001638        0xc /Users/jpalazz2/pebble-dev/PebbleSDK-3.0-dp4/Pebble/aplite/lib/libpebble.a(tmpOQubyMpebble.o)
                0x0000000000001638                text_layer_get_layer
 .text.text_layer_set_background_color
                0x0000000000001644        0xc /Users/jpalazz2/pebble-dev/PebbleSDK-3.0-dp4/Pebble/aplite/lib/libpebble.a(tmpOQubyMpebble.o)
                0x0000000000001644                text_layer_set_background_color
 .text.text_layer_set_font
                0x0000000000001650        0xc /Users/jpalazz2/pebble-dev/PebbleSDK-3.0-dp4/Pebble/aplite/lib/libpebble.a(tmpOQubyMpebble.o)
                0x0000000000001650                text_layer_set_font
 .text.text_layer_set_text
                0x000000000000165c        0xc /Users/jpalazz2/pebble-dev/PebbleSDK-3.0-dp4/Pebble/aplite/lib/libpebble.a(tmpOQubyMpebble.o)
                0x000000000000165c                text_layer_set_text
 .text.text_layer_set_text_alignment
                0x0000000000001668        0xc /Users/jpalazz2/pebble-dev/PebbleSDK-3.0-dp4/Pebble/aplite/lib/libpebble.a(tmpOQubyMpebble.o)
                0x0000000000001668                text_layer_set_text_alignment
 .text.text_layer_set_text_color
                0x0000000000001674        0xc /Users/jpalazz2/pebble-dev/PebbleSDK-3.0-dp4/Pebble/aplite/lib/libpebble.a(tmpOQubyMpebble.o)
                0x0000000000001674                text_layer_set_text_color
 .text.tick_timer_service_subscribe
                0x0000000000001680        0xc /Users/jpalazz2/pebble-dev/PebbleSDK-3.0-dp4/Pebble/aplite/lib/libpebble.a(tmpOQubyMpebble.o)
                0x0000000000001680                tick_timer_service_subscribe
 .text.tick_timer_service_unsubscribe
                0x000000000000168c        0xc /Users/jpalazz2/pebble-dev/PebbleSDK-3.0-dp4/Pebble/aplite/lib/libpebble.a(tmpOQubyMpebble.o)
                0x000000000000168c                tick_timer_service_unsubscribe
 .text.time     0x0000000000001698        0xc /Users/jpalazz2/pebble-dev/PebbleSDK-3.0-dp4/Pebble/aplite/lib/libpebble.a(tmpOQubyMpebble.o)
                0x0000000000001698                time
 .text.window_create
                0x00000000000016a4        0xc /Users/jpalazz2/pebble-dev/PebbleSDK-3.0-dp4/Pebble/aplite/lib/libpebble.a(tmpOQubyMpebble.o)
                0x00000000000016a4                window_create
 .text.window_destroy
                0x00000000000016b0        0xc /Users/jpalazz2/pebble-dev/PebbleSDK-3.0-dp4/Pebble/aplite/lib/libpebble.a(tmpOQubyMpebble.o)
                0x00000000000016b0                window_destroy
 .text.window_get_root_layer
                0x00000000000016bc        0xc /Users/jpalazz2/pebble-dev/PebbleSDK-3.0-dp4/Pebble/aplite/lib/libpebble.a(tmpOQubyMpebble.o)
                0x00000000000016bc                window_get_root_layer
 .text.window_set_background_color
                0x00000000000016c8        0xc /Users/jpalazz2/pebble-dev/PebbleSDK-3.0-dp4/Pebble/aplite/lib/libpebble.a(tmpOQubyMpebble.o)
                0x00000000000016c8                window_set_background_color
 .text.window_set_window_handlers
                0x00000000000016d4        0xc /Users/jpalazz2/pebble-dev/PebbleSDK-3.0-dp4/Pebble/aplite/lib/libpebble.a(tmpOQubyMpebble.o)
                0x00000000000016d4                window_set_window_handlers
 .text.window_stack_push
                0x00000000000016e0        0xc /Users/jpalazz2/pebble-dev/PebbleSDK-3.0-dp4/Pebble/aplite/lib/libpebble.a(tmpOQubyMpebble.o)
                0x00000000000016e0                window_stack_push
 .text.app_message_inbox_size_maximum
                0x00000000000016ec        0xc /Users/jpalazz2/pebble-dev/PebbleSDK-3.0-dp4/Pebble/aplite/lib/libpebble.a(tmpOQubyMpebble.o)
                0x00000000000016ec                app_message_inbox_size_maximum
 .text.app_message_outbox_size_maximum
                0x00000000000016f8        0xc /Users/jpalazz2/pebble-dev/PebbleSDK-3.0-dp4/Pebble/aplite/lib/libpebble.a(tmpOQubyMpebble.o)
                0x00000000000016f8                app_message_outbox_size_maximum
 .text.app_message_register_inbox_dropped
                0x0000000000001704        0xc /Users/jpalazz2/pebble-dev/PebbleSDK-3.0-dp4/Pebble/aplite/lib/libpebble.a(tmpOQubyMpebble.o)
                0x0000000000001704                app_message_register_inbox_dropped
 .text.app_message_register_inbox_received
                0x0000000000001710        0xc /Users/jpalazz2/pebble-dev/PebbleSDK-3.0-dp4/Pebble/aplite/lib/libpebble.a(tmpOQubyMpebble.o)
                0x0000000000001710                app_message_register_inbox_received
 .text.app_message_register_outbox_failed
                0x000000000000171c        0xc /Users/jpalazz2/pebble-dev/PebbleSDK-3.0-dp4/Pebble/aplite/lib/libpebble.a(tmpOQubyMpebble.o)
                0x000000000000171c                app_message_register_outbox_failed
 .text.app_message_register_outbox_sent
                0x0000000000001728        0xc /Users/jpalazz2/pebble-dev/PebbleSDK-3.0-dp4/Pebble/aplite/lib/libpebble.a(tmpOQubyMpebble.o)
                0x0000000000001728                app_message_register_outbox_sent
 *(.rodata)
 .rodata        0x0000000000001734       0x98 src/main.c.28.o
 *(.rodata*)
 .rodata.str1.1
                0x00000000000017cc      0x19f src/main.c.28.o

.glue_7         0x000000000000196c        0x0
 .glue_7        0x0000000000000000        0x0 linker stubs

.glue_7t        0x000000000000196c        0x0
 .glue_7t       0x0000000000000000        0x0 linker stubs

.vfp11_veneer   0x000000000000196c        0x0
 .vfp11_veneer  0x0000000000000000        0x0 linker stubs

.v4_bx          0x000000000000196c        0x0
 .v4_bx         0x0000000000000000        0x0 linker stubs

.iplt           0x000000000000196c        0x0
 .iplt          0x0000000000000000        0x0 /Users/jpalazz2/pebble-dev/PebbleSDK-3.0-dp4/arm-cs-tools/bin/../lib/gcc/arm-none-eabi/4.7.2/thumb2/crtbegin.o

.rel.dyn        0x000000000000196c        0x0
 .rel.iplt      0x0000000000000000        0x0 /Users/jpalazz2/pebble-dev/PebbleSDK-3.0-dp4/arm-cs-tools/bin/../lib/gcc/arm-none-eabi/4.7.2/thumb2/crtbegin.o
 .rel.got       0x0000000000000000        0x0 /Users/jpalazz2/pebble-dev/PebbleSDK-3.0-dp4/arm-cs-tools/bin/../lib/gcc/arm-none-eabi/4.7.2/thumb2/crtbegin.o

.data           0x000000000000196c       0x15
 *(.data)
 .data          0x000000000000196c        0x0 /Users/jpalazz2/pebble-dev/PebbleSDK-3.0-dp4/arm-cs-tools/bin/../lib/gcc/arm-none-eabi/4.7.2/thumb2/crti.o
 .data          0x000000000000196c        0x4 /Users/jpalazz2/pebble-dev/PebbleSDK-3.0-dp4/arm-cs-tools/bin/../lib/gcc/arm-none-eabi/4.7.2/thumb2/crtbegin.o
                0x000000000000196c                __dso_handle
 .data          0x0000000000001970        0x0 src/animation.c.28.o
 .data          0x0000000000001970        0x0 src/main.c.28.o
 .data          0x0000000000001970        0x0 aplite/appinfo.auto.c.28.o
 .data          0x0000000000001970        0x0 /Users/jpalazz2/pebble-dev/PebbleSDK-3.0-dp4/Pebble/aplite/lib/libpebble.a(tmpOQubyMpebble.o)
 .data          0x0000000000001970        0x0 /Users/jpalazz2/pebble-dev/PebbleSDK-3.0-dp4/arm-cs-tools/bin/../lib/gcc/arm-none-eabi/4.7.2/thumb2/crtend.o
 .data          0x0000000000001970        0x0 /Users/jpalazz2/pebble-dev/PebbleSDK-3.0-dp4/arm-cs-tools/bin/../lib/gcc/arm-none-eabi/4.7.2/thumb2/crtn.o
 *(.data.*)
 .data.timeBuffer.6819
                0x0000000000001970        0x6 src/main.c.28.o
 .data.dateBuffer.6818
                0x0000000000001976        0xb src/main.c.28.o

.igot.plt       0x0000000000001984        0x0
 .igot.plt      0x0000000000000000        0x0 /Users/jpalazz2/pebble-dev/PebbleSDK-3.0-dp4/arm-cs-tools/bin/../lib/gcc/arm-none-eabi/4.7.2/thumb2/crtbegin.o

.got            0x0000000000001984       0xa8
 .got           0x0000000000001984       0xa8 /Users/jpalazz2/pebble-dev/PebbleSDK-3.0-dp4/arm-cs-tools/bin/../lib/gcc/arm-none-eabi/4.7.2/thumb2/crtbegin.o

.got.plt        0x0000000000001a2c        0xc
 .got.plt       0x0000000000001a2c        0xc /Users/jpalazz2/pebble-dev/PebbleSDK-3.0-dp4/arm-cs-tools/bin/../lib/gcc/arm-none-eabi/4.7.2/thumb2/crtbegin.o
                0x0000000000001a2c                _GLOBAL_OFFSET_TABLE_

.bss            0x0000000000001a38       0xf0
 *(.bss)
 *(.bss.*)
 .bss.s_date_layer
                0x0000000000001a38        0x4 src/main.c.28.o
 .bss.s_toothless_bitmap
                0x0000000000001a3c        0x4 src/main.c.28.o
 .bss.s_toothless_right_eye
                0x0000000000001a40        0x4 src/main.c.28.o
 .bss.s_time_layer
                0x0000000000001a44        0x4 src/main.c.28.o
 .bss.s_battery_percentage
                0x0000000000001a48        0x4 src/main.c.28.o
 .bss.s_bluetooth_error
                0x0000000000001a4c        0x4 src/main.c.28.o
 .bss.s_toothless_left_eye
                0x0000000000001a50        0x4 src/main.c.28.o
 .bss.s_main_window
                0x0000000000001a54        0x4 src/main.c.28.o
 COMMON         0x0000000000001a58       0xd0 src/main.c.28.o
                0x0000000000001a58                s_right_eye_right_to_home
                0x0000000000001a5c                s_right_eye_home_to_center
                0x0000000000001a60                s_left_eye_home_frame
                0x0000000000001a68                s_right_eye_right_frame
                0x0000000000001a70                s_left_eye_center_to_left
                0x0000000000001a74                s_left_eye_left_to_center
                0x0000000000001a78                s_left_eyelid_close
                0x0000000000001a7c                s_toothless_left_eye_layer
                0x0000000000001a80                s_all_animations
                0x0000000000001a84                s_left_eye_left_to_home
                0x0000000000001a88                s_date_format
                0x0000000000001a8c                s_left_eye_center_to_home
                0x0000000000001a90                s_right_eye_color
                0x0000000000001a94                s_right_eyelid_close_position
                0x0000000000001a9c                s_left_eye_home_to_center
                0x0000000000001aa0                s_right_eyelid_close
                0x0000000000001aa4                s_toothless_layer
                0x0000000000001aa8                s_left_eye_left_frame
                0x0000000000001ab0                s_right_eyelid_open_position
                0x0000000000001ab8                s_left_eyelid_open
                0x0000000000001abc                s_left_eyelid_open_position
                0x0000000000001ac4                s_left_eye_color
                0x0000000000001ac8                s_show_battery
                0x0000000000001aca                s_left_eye_center_frame
                0x0000000000001ad2                s_right_eye_home_frame
                0x0000000000001adc                s_left_eyelid
                0x0000000000001ae0                s_right_eyelid_close2
                0x0000000000001ae4                s_right_eye_center_to_right
                0x0000000000001ae8                s_right_eyelid_open2
                0x0000000000001aec                s_right_eye_right_to_center
                0x0000000000001af0                s_right_eye_center_to_home
                0x0000000000001af4                s_left_eyelid_close_position
                0x0000000000001afc                s_bluetooth_error_layer
                0x0000000000001b00                s_face_layer
                0x0000000000001b04                s_left_eye_home_to_left
                0x0000000000001b08                s_right_eye_home_to_right
                0x0000000000001b0c                s_right_eye_center_frame
                0x0000000000001b14                s_battery_layer
                0x0000000000001b18                s_time_format
                0x0000000000001b1c                s_toothless_right_eye_layer
                0x0000000000001b20                s_right_eyelid_open
                0x0000000000001b24                s_right_eyelid

DISCARD
 libc.a(*)
 libm.a(*)
 libgcc.a(*)
 *(.eh_frame)
OUTPUT(/Users/jpalazz2/Documents/toothless-animated/build/aplite/pebble-app.elf elf32-littlearm)

.ARM.attributes
                0x0000000000000000       0x27
 .ARM.attributes
                0x0000000000000000       0x19 /Users/jpalazz2/pebble-dev/PebbleSDK-3.0-dp4/arm-cs-tools/bin/../lib/gcc/arm-none-eabi/4.7.2/thumb2/crti.o
 .ARM.attributes
                0x0000000000000019       0x29 /Users/jpalazz2/pebble-dev/PebbleSDK-3.0-dp4/arm-cs-tools/bin/../lib/gcc/arm-none-eabi/4.7.2/thumb2/crtbegin.o
 .ARM.attributes
                0x0000000000000042       0x33 src/animation.c.28.o
 .ARM.attributes
                0x0000000000000075       0x33 src/main.c.28.o
 .ARM.attributes
                0x00000000000000a8       0x33 aplite/appinfo.auto.c.28.o
 .ARM.attributes
                0x00000000000000db       0x21 /Users/jpalazz2/pebble-dev/PebbleSDK-3.0-dp4/Pebble/aplite/lib/libpebble.a(tmpOQubyMpebble.o)
 .ARM.attributes
                0x00000000000000fc       0x29 /Users/jpalazz2/pebble-dev/PebbleSDK-3.0-dp4/arm-cs-tools/bin/../lib/gcc/arm-none-eabi/4.7.2/thumb2/crtend.o
 .ARM.attributes
                0x0000000000000125       0x19 /Users/jpalazz2/pebble-dev/PebbleSDK-3.0-dp4/arm-cs-tools/bin/../lib/gcc/arm-none-eabi/4.7.2/thumb2/crtn.o

.comment        0x0000000000000000       0x4e
 .comment       0x0000000000000000       0x4e /Users/jpalazz2/pebble-dev/PebbleSDK-3.0-dp4/arm-cs-tools/bin/../lib/gcc/arm-none-eabi/4.7.2/thumb2/crtbegin.o
                                         0x4f (size before relaxing)
 .comment       0x0000000000000000       0x4f src/animation.c.28.o
 .comment       0x0000000000000000       0x4f src/main.c.28.o
 .comment       0x0000000000000000       0x4f aplite/appinfo.auto.c.28.o
 .comment       0x0000000000000000       0x4f /Users/jpalazz2/pebble-dev/PebbleSDK-3.0-dp4/arm-cs-tools/bin/../lib/gcc/arm-none-eabi/4.7.2/thumb2/crtend.o

.debug_info     0x0000000000000000     0x3886
 .debug_info    0x0000000000000000      0xa44 src/animation.c.28.o
 .debug_info    0x0000000000000a44     0x2afb src/main.c.28.o
 .debug_info    0x000000000000353f      0x347 aplite/appinfo.auto.c.28.o

.debug_abbrev   0x0000000000000000      0x68f
 .debug_abbrev  0x0000000000000000      0x1ea src/animation.c.28.o
 .debug_abbrev  0x00000000000001ea      0x407 src/main.c.28.o
 .debug_abbrev  0x00000000000005f1       0x9e aplite/appinfo.auto.c.28.o

.debug_loc      0x0000000000000000      0xbe3
 .debug_loc     0x0000000000000000       0x4d src/animation.c.28.o
 .debug_loc     0x000000000000004d      0xb96 src/main.c.28.o

.debug_aranges  0x0000000000000000      0x118
 .debug_aranges
                0x0000000000000000       0x28 src/animation.c.28.o
 .debug_aranges
                0x0000000000000028       0xd8 src/main.c.28.o
 .debug_aranges
                0x0000000000000100       0x18 aplite/appinfo.auto.c.28.o

.debug_ranges   0x0000000000000000      0x350
 .debug_ranges  0x0000000000000000       0x38 src/animation.c.28.o
 .debug_ranges  0x0000000000000038      0x318 src/main.c.28.o

.debug_line     0x0000000000000000      0x9b3
 .debug_line    0x0000000000000000      0x270 src/animation.c.28.o
 .debug_line    0x0000000000000270      0x604 src/main.c.28.o
 .debug_line    0x0000000000000874      0x13f aplite/appinfo.auto.c.28.o

.debug_str      0x0000000000000000     0x1940
 .debug_str     0x0000000000000000      0x725 src/animation.c.28.o
                                        0x78f (size before relaxing)
 .debug_str     0x0000000000000725     0x1008 src/main.c.28.o
                                       0x1782 (size before relaxing)
 .debug_str     0x000000000000172d      0x213 aplite/appinfo.auto.c.28.o
                                        0x3a3 (size before relaxing)

.debug_frame    0x0000000000000000      0x2d4
 .debug_frame   0x0000000000000000       0x54 src/animation.c.28.o
 .debug_frame   0x0000000000000054      0x280 src/main.c.28.o
